Component: ARM Compiler 5.05 (build 41) Tool: armlink [4d0eb9]

==============================================================================

Section Cross References

    system_stm32f10x.o(.text) refers to system_stm32f10x.o(.data) for SystemCoreClock
    startup_stm32f10x_md.o(STACK) refers (Special) to heapauxi.o(.text) for __use_two_region_memory
    startup_stm32f10x_md.o(HEAP) refers (Special) to heapauxi.o(.text) for __use_two_region_memory
    startup_stm32f10x_md.o(RESET) refers (Special) to heapauxi.o(.text) for __use_two_region_memory
    startup_stm32f10x_md.o(RESET) refers to startup_stm32f10x_md.o(STACK) for __initial_sp
    startup_stm32f10x_md.o(RESET) refers to startup_stm32f10x_md.o(.text) for Reset_Handler
    startup_stm32f10x_md.o(RESET) refers to systick.o(.text) for SysTick_Handler
    startup_stm32f10x_md.o(RESET) refers to usart.o(.text) for USART2_IRQHandler
    startup_stm32f10x_md.o(RESET) refers to si4432.o(.text) for EXTI15_10_IRQHandler
    startup_stm32f10x_md.o(.text) refers (Special) to heapauxi.o(.text) for __use_two_region_memory
    startup_stm32f10x_md.o(.text) refers to system_stm32f10x.o(.text) for SystemInit
    startup_stm32f10x_md.o(.text) refers to __main.o(!!!main) for __main
    startup_stm32f10x_md.o(.text) refers to startup_stm32f10x_md.o(HEAP) for Heap_Mem
    startup_stm32f10x_md.o(.text) refers to startup_stm32f10x_md.o(STACK) for Stack_Mem
    devicereset.o(.text) refers to gpio.o(.text) for GPIOx_Get
    devicereset.o(.text) refers to thread.o(.text) for Thread_Login
    devicereset.o(.text) refers to userdata.o(.text) for UserEEPROMData_Init
    devicereset.o(.text) refers to unitshare_attr.o(.text) for Set_UnitChecking_Attr
    devicereset.o(.text) refers to devicereset.o(.data) for cnt
    i2c.o(.text) refers to gpio.o(.text) for GPIOx_Cfg
    instruct.o(.text) refers to gpio.o(.text) for GPIOx_Set
    instruct.o(.text) refers to thread.o(.text) for Thread_Login
    program.o(.text) refers to flash.o(.text) for Flash_Unlock
    si4432.o(.text) refers to gpio.o(.text) for GPIOx_Rst
    si4432.o(.text) refers to spi.o(.text) for SPI2_ReadWriteByte
    si4432.o(.text) refers to delay.o(.text) for delay_ms
    si4432.o(.text) refers to faultmanage.o(.text) for Fault_Upload
    si4432.o(.text) refers to systick.o(.text) for Time_Get
    si4432.o(.text) refers to si4432.o(.data) for TestRecFlag
    si4432.o(.text) refers to si4432.o(.bss) for TestRecRSSI
    si4432.o(.text) refers to si4432.o(.constdata) for Si4432Cfg_Tab
    si4432.o(.text) refers to updata.o(.text) for Channel_Get
    si4432.o(.text) refers to thread.o(.text) for Thread_Login
    si4432.o(.text) refers to sys.o(.text) for Ex_NVIC_Config
    si4432.o(.text) refers to lark7318.o(.text) for Lark7318_FrameInfo
    si4432.o(.text) refers to voicerecognition.o(.text) for Voice_StopVoice
    si4432.o(.text) refers to usart.o(.text) for UART_Send
    si4432.o(.text) refers to rt_memcpy_w.o(.text) for __aeabi_memcpy4
    si4432.o(.text) refers to powerstatus.o(.text) for PowerDownCountReset
    si4432.o(.text) refers to fifo.o(.text) for fifo_puts
    si4432.o(.text) refers to sign433attr.o(.text) for Get_Sign433_MasterAddr
    si4432.o(.text) refers to userdata.o(.bss) for gSysData
    si4432.o(.text) refers to keyunit.o(.text) for Key_process
    si4432.o(.text) refers to voicerecognition.o(.bss) for gVoice
    si4432.o(.text) refers to cmdprocess.o(.bss) for rcv433fifo
    syshard.o(.text) refers to systick.o(.text) for SysTick_Init
    syshard.o(.text) refers to i2c.o(.text) for I2C_Init
    syshard.o(.text) refers to si4432.o(.text) for Si4432_Init
    systick.o(.text) refers to thread.o(.text) for Thread_RunCheck
    systick.o(.text) refers to systick.o(.data) for timer
    test.o(.text) refers to gpio.o(.text) for GPIOx_Cfg
    test.o(.text) refers to test.o(.data) for Test
    wdg.o(.text) refers to gpio.o(.text) for GPIOx_Rvrs
    wdg.o(.text) refers to thread.o(.text) for Thread_Login
    main.o(.text) refers to thread.o(.text) for Thread_Init
    main.o(.text) refers to syshard.o(.text) for SysHard_Init
    main.o(.text) refers to wdg.o(.text) for WDG_Init
    main.o(.text) refers to cmdprocess.o(.text) for FIFOInit
    main.o(.text) refers to instruct.o(.text) for Instruct_Init
    main.o(.text) refers to devicereset.o(.text) for DeviceResetCheck_Init
    main.o(.text) refers to test.o(.text) for Test_Init
    main.o(.text) refers to unitcfg.o(.text) for Unit_Init
    main.o(.text) refers to cmdprocess.o(.bss) for rcv_433
    unitcfg.o(.text) refers to userdata.o(.text) for UnitPublicEEPROMData_Get
    unitcfg.o(.text) refers to unitcfg.o(.bss) for gUnitData
    unitcfg.o(.text) refers to unitcfg.o(.constdata) for UnitTab
    unitcfg.o(.constdata) refers to sysexeattr.o(.text) for SysAttr_Init
    unitcfg.o(.constdata) refers to sysexeattr.o(.constdata) for SysAttrTable
    unitcfg.o(.constdata) refers to voiceexeattr.o(.text) for VoiceParaInit
[...]
    .ARM.Collect$$rtexit$$00000003           0x0800857c   Section        4  rtexit2.o(.ARM.Collect$$rtexit$$00000003)
    .ARM.Collect$$rtexit$$00000004           0x08008580   Section        6  rtexit2.o(.ARM.Collect$$rtexit$$00000004)
    .text                                    0x08008588   Section        0  system_stm32f10x.o(.text)
    SetSysClockTo72                          0x08008589   Thumb Code   214  system_stm32f10x.o(.text)
    SetSysClock                              0x0800865f   Thumb Code     8  system_stm32f10x.o(.text)
    .text                                    0x0800876c   Section       60  startup_stm32f10x_md.o(.text)
    .text                                    0x080087a8   Section        0  devicereset.o(.text)
    Reset_Check                              0x080087a9   Thumb Code    84  devicereset.o(.text)
    .text                                    0x0800882c   Section        0  flash.o(.text)
    Flash_EOP                                0x08008847   Thumb Code    24  flash.o(.text)
    Flash_Status                             0x0800885f   Thumb Code    50  flash.o(.text)
    .text                                    0x08008a20   Section        0  gpio.o(.text)
    .text                                    0x08008ac4   Section        0  i2c.o(.text)
    Delay_nNOP                               0x08008ac5   Thumb Code    26  i2c.o(.text)
    I2C_Start                                0x08008b09   Thumb Code    56  i2c.o(.text)
    I2C_Stop                                 0x08008b41   Thumb Code    52  i2c.o(.text)
    I2C_ACK                                  0x08008b75   Thumb Code    78  i2c.o(.text)
    I2C_WaitAck                              0x08008bc3   Thumb Code   148  i2c.o(.text)
    I2C_SendB_Ack                            0x08008c57   Thumb Code   108  i2c.o(.text)
    I2C_RecvB_Ack                            0x08008cc3   Thumb Code   150  i2c.o(.text)
    .text                                    0x08008ea4   Section        0  instruct.o(.text)
    InstructLED_OFF                          0x08008ea5   Thumb Code    14  instruct.o(.text)
    .text                                    0x08008f00   Section        0  program.o(.text)
    .text                                    0x08008f7c   Section        0  si4432.o(.text)
    SPI_RW_Reg                               0x08008f95   Thumb Code    44  si4432.o(.text)
    Si4432_PortInit                          0x08008fc1   Thumb Code    86  si4432.o(.text)
    SI4432_SendEn                            0x08009017   Thumb Code     8  si4432.o(.text)
    SetMode_RX                               0x0800901f   Thumb Code    80  si4432.o(.text)
    Si4432_Fault                             0x080090b5   Thumb Code    16  si4432.o(.text)
    Si4432_Threshold                         0x080090c5   Thumb Code   294  si4432.o(.text)
    SetMode_TX                               0x080094c9   Thumb Code    28  si4432.o(.text)
    SI4432_Send_All_Data                     0x080094e5   Thumb Code   162  si4432.o(.text)
    RecDataToFifo                            0x080095d5   Thumb Code   696  si4432.o(.text)
    Check_433M_Busy                          0x0800989f   Thumb Code   164  si4432.o(.text)
    .text                                    0x080099ac   Section        0  spi.o(.text)
    .text                                    0x08009ae4   Section        0  sys.o(.text)
    .text                                    0x08009c58   Section        0  syshard.o(.text)
    .text                                    0x08009c84   Section        0  systick.o(.text)
    .text                                    0x08009ce0   Section        0  test.o(.text)
    .text                                    0x08009d04   Section        0  wdg.o(.text)
    .text                                    0x08009d78   Section        0  main.o(.text)
    .text                                    0x08009db8   Section        0  unitcfg.o(.text)
    .text                                    0x08009df4   Section        0  key.o(.text)
    .text                                    0x08009f40   Section        0  lark7318.o(.text)
    .text                                    0x0800a0a8   Section        0  usart.o(.text)
    .text                                    0x0800a1b8   Section        0  adc.o(.text)
    .text                                    0x0800a318   Section        0  capacity.o(.text)
    .text                                    0x0800a434   Section        0  powerstatus.o(.text)
    .text                                    0x0800a5ac   Section        0  pwm.o(.text)
    LED_Set                                  0x0800a615   Thumb Code    64  pwm.o(.text)
    LED_Gradual                              0x0800a655   Thumb Code    84  pwm.o(.text)
    LED_State4                               0x0800a6a9   Thumb Code    10  pwm.o(.text)
    LED_State2                               0x0800a6b3   Thumb Code    30  pwm.o(.text)
    .text                                    0x0800a7b0   Section        0  keyunit.o(.text)
    .text                                    0x0800a7fc   Section        0  voiceplayunit.o(.text)
    .text                                    0x0800a9f0   Section        0  voicerecognition.o(.text)
    Voice_IDProcess                          0x0800aa89   Thumb Code   108  voicerecognition.o(.text)
    .text                                    0x0800b0dc   Section        0  voiceplayattr.o(.text)
    .text                                    0x0800b2d8   Section        0  voiceexeattr.o(.text)
    .text                                    0x0800b548   Section        0  bestfulib.o(.text)
    .text                                    0x0800b648   Section        0  cmdprocess.o(.text)
    Msg_Level                                0x0800b649   Thumb Code    28  cmdprocess.o(.text)
    DataSend_Thread                          0x0800b6cb   Thumb Code    12  cmdprocess.o(.text)
    Msg_ReturnType                           0x0800b6d7   Thumb Code    48  cmdprocess.o(.text)
    Msg_Process                              0x0800b7d9   Thumb Code   114  cmdprocess.o(.text)
    .text                                    0x0800b8ec   Section        0  command.o(.text)
    .text                                    0x0800ba58   Section        0  crc.o(.text)
    .text                                    0x0800bac8   Section        0  delay.o(.text)
    .text                                    0x0800bafc   Section        0  faultmanage.o(.text)
    .text                                    0x0800bb4c   Section        0  fifo.o(.text)
    fifo_full                                0x0800bb8b   Thumb Code    30  fifo.o(.text)
    fifo_surplusSize                         0x0800bba9   Thumb Code    34  fifo.o(.text)
    .text                                    0x0800bde4   Section        0  linkscanfifo.o(.text)
    .text                                    0x0800be7c   Section        0  sign433attr.o(.text)
    .text                                    0x0800bfc8   Section        0  sysexeattr.o(.text)
    .text                                    0x0800c7ac   Section        0  thread.o(.text)
    Thread_Check                             0x0800c7b5   Thumb Code    40  thread.o(.text)
    .text                                    0x0800caa4   Section        0  unitshare_attr.o(.text)
    .text                                    0x0800ccb8   Section        0  updata.o(.text)
    .text                                    0x0800cefc   Section        0  upload.o(.text)
    FaultMsg                                 0x0800cefd   Thumb Code    16  upload.o(.text)
    Upload_Attr                              0x0800cf2f   Thumb Code    56  upload.o(.text)
    .text                                    0x0800cfa0   Section        0  userdata.o(.text)
    SceneEEPROMData_Init                     0x0800cfa1   Thumb Code    16  userdata.o(.text)
    SceneEEPROMData_Clr                      0x0800d45b   Thumb Code    76  userdata.o(.text)
    SceneEEPROMSave_Addr                     0x0800d543   Thumb Code    60  userdata.o(.text)
    SceneEEPROMData_Save                     0x0800d57f   Thumb Code    20  userdata.o(.text)
    SceneEEPROMSave_Seat                     0x0800d593   Thumb Code    32  userdata.o(.text)
    SceneEEPROMData_Seat                     0x0800d5b3   Thumb Code   116  userdata.o(.text)
    .text                                    0x0800d764   Section        0  eeprom.o(.text)
    .text                                    0x0800d8cc   Section        0  flashattr.o(.text)
    .text                                    0x0800dae8   Section        0  linksrc.o(.text)
    .text                                    0x0800dd30   Section        0  linkwrdc.o(.text)
    .text                                    0x0800e068   Section        0  msgpackage.o(.text)
    Msg_Package                              0x0800e125   Thumb Code    74  msgpackage.o(.text)
    .text                                    0x0800e238   Section        0  object.o(.text)
    Check_Repeat                             0x0800e341   Thumb Code   186  object.o(.text)
    .text                                    0x0800e6d4   Section        0  scene&group.o(.text)
    .text                                    0x0800ea4c   Section        0  sign433.o(.text)
    .text                                    0x0800eae8   Section        0  systestattr.o(.text)
    .text                                    0x0800eb4c   Section        0  userdatadownload.o(.text)
    .text                                    0x0800ed54   Section        0  linksimplest.o(.text)
    .text                                    0x0800f064   Section      100  rt_memcpy_w.o(.text)
    .text                                    0x0800f0c8   Section       78  rt_memclr_w.o(.text)
    .text                                    0x0800f116   Section        0  heapauxi.o(.text)
    .text                                    0x0800f11c   Section       74  sys_stackheap_outer.o(.text)
    .text                                    0x0800f166   Section        0  exit.o(.text)
    .text                                    0x0800f174   Section        8  libspace.o(.text)
    .text                                    0x0800f17c   Section        0  sys_exit.o(.text)
    .text                                    0x0800f188   Section        2  use_no_semi.o(.text)
    .text                                    0x0800f18a   Section        0  indicate_semi.o(.text)
    x$fpl$dadd                               0x0800f18c   Section      336  daddsub_clz.o(x$fpl$dadd)
    _dadd1                                   0x0800f19d   Thumb Code     0  daddsub_clz.o(x$fpl$dadd)
    x$fpl$dfixu                              0x0800f2dc   Section       90  dfixu.o(x$fpl$dfixu)
    x$fpl$dfltu                              0x0800f336   Section       38  dflt_clz.o(x$fpl$dfltu)
    x$fpl$dmul                               0x0800f35c   Section      340  dmul.o(x$fpl$dmul)
    x$fpl$dnaninf                            0x0800f4b0   Section      156  dnaninf.o(x$fpl$dnaninf)
    x$fpl$dretinf                            0x0800f54c   Section       12  dretinf.o(x$fpl$dretinf)
    x$fpl$dsub                               0x0800f558   Section      468  daddsub_clz.o(x$fpl$dsub)
    _dsub1                                   0x0800f569   Thumb Code     0  daddsub_clz.o(x$fpl$dsub)
    .constdata                               0x0800f72c   Section       30  si4432.o(.constdata)
    x$fpl$usenofp                            0x0800f72c   Section        0  usenofp.o(x$fpl$usenofp)
    randWait_Tab                             0x0800f742   Data           8  si4432.o(.constdata)
    .constdata                               0x0800f74c   Section       32  unitcfg.o(.constdata)
    .constdata                               0x0800f76c   Section        1  lark7318.o(.constdata)
    .constdata                               0x0800f76e   Section       22  capacity.o(.constdata)
    .constdata                               0x0800f784   Section       12  voiceplayunit.o(.constdata)
    VoiceHeadCMD                             0x0800f784   Data           6  voiceplayunit.o(.constdata)
    VoiceTailCMD                             0x0800f78a   Data           6  voiceplayunit.o(.constdata)
    .constdata                               0x0800f790   Section        8  voicerecognition.o(.constdata)
    .constdata                               0x0800f798   Section        5  voiceplayattr.o(.constdata)
    .constdata                               0x0800f7a0   Section      208  voiceexeattr.o(.constdata)
    .constdata                               0x0800f870   Section       12  command.o(.constdata)
    .constdata                               0x0800f87c   Section      512  crc.o(.constdata)
    .constdata                               0x0800fa7c   Section      528  sysexeattr.o(.constdata)
    .data                                    0x20000000   Section       20  system_stm32f10x.o(.data)
    .data                                    0x20000014   Section        4  devicereset.o(.data)
    cnt                                      0x20000014   Data           4  devicereset.o(.data)
    .data                                    0x20000018   Section       24  si4432.o(.data)
    SI4432_RSSI                              0x20000018   Data           1  si4432.o(.data)
    SI4432SendEn                             0x20000019   Data           1  si4432.o(.data)
    Threshold                                0x2000001a   Data           1  si4432.o(.data)
    seat                                     0x2000001c   Data           1  si4432.o(.data)
    recv_cnt                                 0x2000001d   Data           1  si4432.o(.data)
    busyTime                                 0x2000001e   Data           2  si4432.o(.data)
    idleTime                                 0x20000020   Data           2  si4432.o(.data)
    rand                                     0x20000022   Data           2  si4432.o(.data)
    buf                                      0x20000024   Data           4  si4432.o(.data)
    time                                     0x20000028   Data           4  si4432.o(.data)
    calculTime                               0x2000002c   Data           4  si4432.o(.data)
    .data                                    0x20000030   Section        4  systick.o(.data)
    timer                                    0x20000030   Data           4  systick.o(.data)
    .data                                    0x20000034   Section        4  test.o(.data)
    .data                                    0x20000038   Section        8  key.o(.data)
    KeyPort                                  0x20000038   Data           6  key.o(.data)
    keyVal                                   0x2000003e   Data           1  key.o(.data)
    cnt                                      0x2000003f   Data           1  key.o(.data)
    .data                                    0x20000040   Section        4  capacity.o(.data)
    cnt                                      0x20000040   Data           1  capacity.o(.data)
    adcValue                                 0x20000042   Data           2  capacity.o(.data)
    .data                                    0x20000044   Section        2  powerstatus.o(.data)
    Power_State_New                          0x20000044   Data           1  powerstatus.o(.data)
    i                                        0x20000045   Data           1  powerstatus.o(.data)
    .data                                    0x20000046   Section        4  pwm.o(.data)
    LEDState                                 0x20000046   Data           2  pwm.o(.data)
    LEDRatio                                 0x20000048   Data           1  pwm.o(.data)
    val                                      0x20000049   Data           1  pwm.o(.data)
    .data                                    0x2000004a   Section        9  voicerecognition.o(.data)
    gVoiceEnableFlag                         0x20000052   Data           1  voicerecognition.o(.data)
    .data                                    0x20000053   Section        2  updata.o(.data)
    .data                                    0x20000055   Section        1  upload.o(.data)
    Fault                                    0x20000055   Data           1  upload.o(.data)
    .data                                    0x20000056   Section        1  userdata.o(.data)
    cnt                                      0x20000056   Data           1  userdata.o(.data)
    .data                                    0x20000057   Section        2  flashattr.o(.data)
    UPDATA_LEVEL                             0x20000057   Data           1  flashattr.o(.data)
    Version                                  0x20000058   Data           1  flashattr.o(.data)
    .data                                    0x2000005c   Section        5  object.o(.data)
    seat                                     0x20000060   Data           1  object.o(.data)
    .data                                    0x20000061   Section        2  sign433.o(.data)
    SendCount                                0x20000062   Data           1  sign433.o(.data)
    .bss                                     0x20000064   Section      100  si4432.o(.bss)
    .bss                                     0x200000c8   Section       16  unitcfg.o(.bss)
    .bss                                     0x200000d8   Section     1040  voiceplayunit.o(.bss)
    .bss                                     0x200004e8   Section       11  voicerecognition.o(.bss)
    .bss                                     0x200004f3   Section        9  voiceexeattr.o(.bss)
    .bss                                     0x200004fc   Section     2608  cmdprocess.o(.bss)
    sendBuf                                  0x2000091c   Data        1024  cmdprocess.o(.bss)
    .bss                                     0x20000f2c   Section      144  linkscanfifo.o(.bss)
    .bss                                     0x20000fbc   Section      324  thread.o(.bss)
    thread                                   0x20000fbc   Data         324  thread.o(.bss)
    .bss                                     0x20001100   Section      272  updata.o(.bss)
    .bss                                     0x20001210   Section       31  userdata.o(.bss)
    .bss                                     0x20001230   Section      320  object.o(.bss)
    .bss                                     0x20001370   Section      112  sign433.o(.bss)
    .bss                                     0x200013e0   Section      140  userdatadownload.o(.bss)
    .bss                                     0x2000146c   Section     1651  linksimplest.o(.bss)
    .bss                                     0x20001ae0   Section       96  libspace.o(.bss)
    HEAP                                     0x20001b40   Section        0  startup_stm32f10x_md.o(HEAP)
    STACK                                    0x20001b40   Section     3072  startup_stm32f10x_md.o(STACK)
    Heap_Mem                                 0x20001b40   Data           0  startup_stm32f10x_md.o(HEAP)
    Stack_Mem                                0x20001b40   Data        3072  startup_stm32f10x_md.o(STACK)
    __initial_sp                             0x20002740   Data           0  startup_stm32f10x_md.o(STACK)

    Global Symbols

    Symbol Name                              Value     Ov Type        Size  Object(Section)

    BuildAttributes$$THM_ISAv4$P$D$K$B$S$PE$A:L22UL41UL21$X:L11$S22US41US21$IEEE1$IW$USESV6$~STKCKD$USESV7$~SHL$OSPACE$ROPI$EBA8$UX$STANDARDLIB$REQ8$PRES8$EABIv2 0x00000000   Number         0  anon$$obj.o ABSOLUTE
    __ARM_use_no_argv                        0x00000000   Number         0  main.o ABSOLUTE
    __ARM_exceptions_init                     - Undefined Weak Reference
    __alloca_initialize                       - Undefined Weak Reference
    __arm_preinit_                            - Undefined Weak Reference
    __cpp_initialize__aeabi_                  - Undefined Weak Reference
    __cxa_finalize                            - Undefined Weak Reference
    __rt_locale                               - Undefined Weak Reference
    __sigvec_lookup                           - Undefined Weak Reference
    _atexit_init                              - Undefined Weak Reference
    _call_atexit_fns                          - Undefined Weak Reference
    _clock_init                               - Undefined Weak Reference
    _fp_trap_init                             - Undefined Weak Reference
    _fp_trap_shutdown                         - Undefined Weak Reference
    _get_lc_collate                           - Undefined Weak Reference
    _get_lc_ctype                             - Undefined Weak Reference
    _get_lc_monetary                          - Undefined Weak Reference
    _get_lc_numeric                           - Undefined Weak Reference
    _get_lc_time                              - Undefined Weak Reference
    _getenv_init                              - Undefined Weak Reference
    _handle_redirection                       - Undefined Weak Reference
    _init_alloc                               - Undefined Weak Reference
    _init_user_alloc                          - Undefined Weak Reference
    _initio                                   - Undefined Weak Reference
    _rand_init                                - Undefined Weak Reference
    _signal_finish                            - Undefined Weak Reference
    _signal_init                              - Undefined Weak Reference
    _terminate_alloc                          - Undefined Weak Reference
    _terminate_user_alloc                     - Undefined Weak Reference
    _terminateio                              - Undefined Weak Reference
    __Vectors_Size                           0x000000ec   Number         0  startup_stm32f10x_md.o ABSOLUTE
    __Vectors                                0x08008400   Data           4  startup_stm32f10x_md.o(RESET)
    __Vectors_End                            0x080084ec   Data           0  startup_stm32f10x_md.o(RESET)
    __main                                   0x080084ed   Thumb Code     8  __main.o(!!!main)
    __scatterload                            0x080084f5   Thumb Code     0  __scatter.o(!!!scatter)
    __scatterload_rt2                        0x080084f5   Thumb Code    44  __scatter.o(!!!scatter)
    __scatterload_rt2_thumb_only             0x080084f5   Thumb Code     0  __scatter.o(!!!scatter)
    __scatterload_null                       0x08008503   Thumb Code     0  __scatter.o(!!!scatter)
    __scatterload_copy                       0x08008529   Thumb Code    26  __scatter_copy.o(!!handler_copy)
    __scatterload_zeroinit                   0x08008545   Thumb Code    28  __scatter_zi.o(!!handler_zi)
    __rt_lib_init                            0x08008561   Thumb Code     0  libinit.o(.ARM.Collect$$libinit$$00000000)
    __rt_lib_init_alloca_1                   0x08008563   Thumb Code     0  libinit2.o(.ARM.Collect$$libinit$$0000002E)
    __rt_lib_init_argv_1                     0x08008563   Thumb Code     0  libinit2.o(.ARM.Collect$$libinit$$0000002C)
    __rt_lib_init_atexit_1                   0x08008563   Thumb Code     0  libinit2.o(.ARM.Collect$$libinit$$0000001B)
    __rt_lib_init_clock_1                    0x08008563   Thumb Code     0  libinit2.o(.ARM.Collect$$libinit$$00000021)
    __rt_lib_init_cpp_1                      0x08008563   Thumb Code     0  libinit2.o(.ARM.Collect$$libinit$$00000032)
    __rt_lib_init_exceptions_1               0x08008563   Thumb Code     0  libinit2.o(.ARM.Collect$$libinit$$00000030)
    __rt_lib_init_fp_1                       0x08008563   Thumb Code     0  libinit2.o(.ARM.Collect$$libinit$$00000002)
    __rt_lib_init_fp_trap_1                  0x08008563   Thumb Code     0  libinit2.o(.ARM.Collect$$libinit$$0000001F)
    __rt_lib_init_getenv_1                   0x08008563   Thumb Code     0  libinit2.o(.ARM.Collect$$libinit$$00000023)
    __rt_lib_init_heap_1                     0x08008563   Thumb Code     0  libinit2.o(.ARM.Collect$$libinit$$0000000A)
    __rt_lib_init_lc_collate_1               0x08008563   Thumb Code     0  libinit2.o(.ARM.Collect$$libinit$$00000011)
    __rt_lib_init_lc_ctype_1                 0x08008563   Thumb Code     0  libinit2.o(.ARM.Collect$$libinit$$00000013)
    __rt_lib_init_lc_monetary_1              0x08008563   Thumb Code     0  libinit2.o(.ARM.Collect$$libinit$$00000015)
    __rt_lib_init_lc_numeric_1               0x08008563   Thumb Code     0  libinit2.o(.ARM.Collect$$libinit$$00000017)
    __rt_lib_init_lc_time_1                  0x08008563   Thumb Code     0  libinit2.o(.ARM.Collect$$libinit$$00000019)
    __rt_lib_init_preinit_1                  0x08008563   Thumb Code     0  libinit2.o(.ARM.Collect$$libinit$$00000004)
    __rt_lib_init_rand_1                     0x08008563   Thumb Code     0  libinit2.o(.ARM.Collect$$libinit$$0000000E)
    __rt_lib_init_return                     0x08008563   Thumb Code     0  libinit2.o(.ARM.Collect$$libinit$$00000033)
    __rt_lib_init_signal_1                   0x08008563   Thumb Code     0  libinit2.o(.ARM.Collect$$libinit$$0000001D)
    __rt_lib_init_stdio_1                    0x08008563   Thumb Code     0  libinit2.o(.ARM.Collect$$libinit$$00000025)
    __rt_lib_init_user_alloc_1               0x08008563   Thumb Code     0  libinit2.o(.ARM.Collect$$libinit$$0000000C)
    __rt_lib_shutdown                        0x08008565   Thumb Code     0  libshutdown.o(.ARM.Collect$$libshutdown$$00000000)
    __rt_lib_shutdown_fp_trap_1              0x08008567   Thumb Code     0  libshutdown2.o(.ARM.Collect$$libshutdown$$00000006)
    __rt_lib_shutdown_heap_1                 0x08008567   Thumb Code     0  libshutdown2.o(.ARM.Collect$$libshutdown$$0000000E)
    __rt_lib_shutdown_return                 0x08008567   Thumb Code     0  libshutdown2.o(.ARM.Collect$$libshutdown$$0000000F)
    __rt_lib_shutdown_signal_1               0x08008567   Thumb Code     0  libshutdown2.o(.ARM.Collect$$libshutdown$$00000009)
    __rt_lib_shutdown_stdio_1                0x08008567   Thumb Code     0  libshutdown2.o(.ARM.Collect$$libshutdown$$00000003)
    __rt_lib_shutdown_user_alloc_1           0x08008567   Thumb Code     0  libshutdown2.o(.ARM.Collect$$libshutdown$$0000000B)
    __rt_entry                               0x08008569   Thumb Code     0  __rtentry.o(.ARM.Collect$$rtentry$$00000000)
    __rt_entry_presh_1                       0x08008569   Thumb Code     0  __rtentry2.o(.ARM.Collect$$rtentry$$00000002)
    __rt_entry_sh                            0x08008569   Thumb Code     0  __rtentry4.o(.ARM.Collect$$rtentry$$00000004)
    __rt_entry_li                            0x0800856f   Thumb Code     0  __rtentry2.o(.ARM.Collect$$rtentry$$0000000A)
    __rt_entry_postsh_1                      0x0800856f   Thumb Code     0  __rtentry2.o(.ARM.Collect$$rtentry$$00000009)
    __rt_entry_main                          0x08008573   Thumb Code     0  __rtentry2.o(.ARM.Collect$$rtentry$$0000000D)
    __rt_entry_postli_1                      0x08008573   Thumb Code     0  __rtentry2.o(.ARM.Collect$$rtentry$$0000000C)
    __rt_exit                                0x0800857b   Thumb Code     0  rtexit.o(.ARM.Collect$$rtexit$$00000000)
    __rt_exit_ls                             0x0800857d   Thumb Code     0  rtexit2.o(.ARM.Collect$$rtexit$$00000003)
    __rt_exit_prels_1                        0x0800857d   Thumb Code     0  rtexit2.o(.ARM.Collect$$rtexit$$00000002)
    __rt_exit_exit                           0x08008581   Thumb Code     0  rtexit2.o(.ARM.Collect$$rtexit$$00000004)
    SystemInit                               0x08008667   Thumb Code    78  system_stm32f10x.o(.text)
    SystemCoreClockUpdate                    0x080086b5   Thumb Code   142  system_stm32f10x.o(.text)
    Reset_Handler                            0x0800876d   Thumb Code     8  startup_stm32f10x_md.o(.text)
    NMI_Handler                              0x08008775   Thumb Code     2  startup_stm32f10x_md.o(.text)
    HardFault_Handler                        0x08008777   Thumb Code     2  startup_stm32f10x_md.o(.text)
    MemManage_Handler                        0x08008779   Thumb Code     2  startup_stm32f10x_md.o(.text)
    BusFault_Handler                         0x0800877b   Thumb Code     2  startup_stm32f10x_md.o(.text)
    UsageFault_Handler                       0x0800877d   Thumb Code     2  startup_stm32f10x_md.o(.text)
    SVC_Handler                              0x0800877f   Thumb Code     2  startup_stm32f10x_md.o(.text)
    DebugMon_Handler                         0x08008781   Thumb Code     2  startup_stm32f10x_md.o(.text)
    PendSV_Handler                           0x08008783   Thumb Code     2  startup_stm32f10x_md.o(.text)
    ADC1_2_IRQHandler                        0x08008787   Thumb Code     0  startup_stm32f10x_md.o(.text)
    CAN1_RX1_IRQHandler                      0x08008787   Thumb Code     0  startup_stm32f10x_md.o(.text)
    CAN1_SCE_IRQHandler                      0x08008787   Thumb Code     0  startup_stm32f10x_md.o(.text)
    DMA1_Channel1_IRQHandler                 0x08008787   Thumb Code     0  startup_stm32f10x_md.o(.text)
    DMA1_Channel2_IRQHandler                 0x08008787   Thumb Code     0  startup_stm32f10x_md.o(.text)
    DMA1_Channel3_IRQHandler                 0x08008787   Thumb Code     0  startup_stm32f10x_md.o(.text)
    DMA1_Channel4_IRQHandler                 0x08008787   Thumb Code     0  startup_stm32f10x_md.o(.text)
    DMA1_Channel5_IRQHandler                 0x08008787   Thumb Code     0  startup_stm32f10x_md.o(.text)
    DMA1_Channel6_IRQHandler                 0x08008787   Thumb Code     0  startup_stm32f10x_md.o(.text)
    DMA1_Channel7_IRQHandler                 0x08008787   Thumb Code     0  startup_stm32f10x_md.o(.text)
    EXTI0_IRQHandler                         0x08008787   Thumb Code     0  startup_stm32f10x_md.o(.text)
    EXTI1_IRQHandler                         0x08008787   Thumb Code     0  startup_stm32f10x_md.o(.text)
    EXTI2_IRQHandler                         0x08008787   Thumb Code     0  startup_stm32f10x_md.o(.text)
    EXTI3_IRQHandler                         0x08008787   Thumb Code     0  startup_stm32f10x_md.o(.text)
    EXTI4_IRQHandler                         0x08008787   Thumb Code     0  startup_stm32f10x_md.o(.text)
    EXTI9_5_IRQHandler                       0x08008787   Thumb Code     0  startup_stm32f10x_md.o(.text)
    FLASH_IRQHandler                         0x08008787   Thumb Code     0  startup_stm32f10x_md.o(.text)
    I2C1_ER_IRQHandler                       0x08008787   Thumb Code     0  startup_stm32f10x_md.o(.text)
    I2C1_EV_IRQHandler                       0x08008787   Thumb Code     0  startup_stm32f10x_md.o(.text)
    I2C2_ER_IRQHandler                       0x08008787   Thumb Code     0  startup_stm32f10x_md.o(.text)
    I2C2_EV_IRQHandler                       0x08008787   Thumb Code     0  startup_stm32f10x_md.o(.text)
    PVD_IRQHandler                           0x08008787   Thumb Code     0  startup_stm32f10x_md.o(.text)
    RCC_IRQHandler                           0x08008787   Thumb Code     0  startup_stm32f10x_md.o(.text)
    RTCAlarm_IRQHandler                      0x08008787   Thumb Code     0  startup_stm32f10x_md.o(.text)
    RTC_IRQHandler                           0x08008787   Thumb Code     0  startup_stm32f10x_md.o(.text)
    SPI1_IRQHandler                          0x08008787   Thumb Code     0  startup_stm32f10x_md.o(.text)
    SPI2_IRQHandler                          0x08008787   Thumb Code     0  startup_stm32f10x_md.o(.text)
    TAMPER_IRQHandler                        0x08008787   Thumb Code     0  startup_stm32f10x_md.o(.text)
    TIM1_BRK_IRQHandler                      0x08008787   Thumb Code     0  startup_stm32f10x_md.o(.text)
    TIM1_CC_IRQHandler                       0x08008787   Thumb Code     0  startup_stm32f10x_md.o(.text)
    TIM1_TRG_COM_IRQHandler                  0x08008787   Thumb Code     0  startup_stm32f10x_md.o(.text)
    TIM1_UP_IRQHandler                       0x08008787   Thumb Code     0  startup_stm32f10x_md.o(.text)
    TIM2_IRQHandler                          0x08008787   Thumb Code     0  startup_stm32f10x_md.o(.text)
    TIM3_IRQHandler                          0x08008787   Thumb Code     0  startup_stm32f10x_md.o(.text)
    TIM4_IRQHandler                          0x08008787   Thumb Code     0  startup_stm32f10x_md.o(.text)
    USART1_IRQHandler                        0x08008787   Thumb Code     0  startup_stm32f10x_md.o(.text)
    USART3_IRQHandler                        0x08008787   Thumb Code     0  startup_stm32f10x_md.o(.text)
    USBWakeUp_IRQHandler                     0x08008787   Thumb Code     0  startup_stm32f10x_md.o(.text)
    USB_HP_CAN1_TX_IRQHandler                0x08008787   Thumb Code     0  startup_stm32f10x_md.o(.text)
    USB_LP_CAN1_RX0_IRQHandler               0x08008787   Thumb Code     0  startup_stm32f10x_md.o(.text)
    WWDG_IRQHandler                          0x08008787   Thumb Code     0  startup_stm32f10x_md.o(.text)
    __user_initial_stackheap                 0x08008789   Thumb Code     0  startup_stm32f10x_md.o(.text)
    DeviceResetCheck_Init                    0x080087fd   Thumb Code    36  devicereset.o(.text)
    Flash_Unlock                             0x0800882d   Thumb Code    12  flash.o(.text)
    Flash_lock                               0x08008839   Thumb Code    14  flash.o(.text)
    FLASH_ErasePage                          0x08008891   Thumb Code    74  flash.o(.text)
    Flash_ProgramHalfWord                    0x080088db   Thumb Code    68  flash.o(.text)
    Flash_Write                              0x0800891f   Thumb Code    90  flash.o(.text)
    Flash_EraseOptionByte                    0x08008979   Thumb Code    74  flash.o(.text)
    Flash_WriteOptionByte                    0x080089c3   Thumb Code    80  flash.o(.text)
    GPIOx_Cfg                                0x08008a21   Thumb Code    92  gpio.o(.text)
    GPIOx_Set                                0x08008a7d   Thumb Code    22  gpio.o(.text)
    GPIOx_Rst                                0x08008a93   Thumb Code    14  gpio.o(.text)
    GPIOx_Rvrs                               0x08008aa1   Thumb Code    14  gpio.o(.text)
    GPIOx_Get                                0x08008aaf   Thumb Code    14  gpio.o(.text)
    I2C_Init                                 0x08008adf   Thumb Code    42  i2c.o(.text)
    IIC_GetState                             0x08008d59   Thumb Code    40  i2c.o(.text)
    IIC_Read                                 0x08008d81   Thumb Code   102  i2c.o(.text)
    IIC_Write                                0x08008de7   Thumb Code    96  i2c.o(.text)
    IIC_WriteSame                            0x08008e47   Thumb Code    94  i2c.o(.text)
    Instruct_Run                             0x08008eb3   Thumb Code    26  instruct.o(.text)
    Instruct_Init                            0x08008ecd   Thumb Code    28  instruct.o(.text)
    Instruct                                 0x08008ee9   Thumb Code    18  instruct.o(.text)
    Program_Erase                            0x08008f01   Thumb Code    52  program.o(.text)
    Program_Write                            0x08008f35   Thumb Code    44  program.o(.text)
    Program_Read                             0x08008f61   Thumb Code    22  program.o(.text)
    Flash_DefaultValue                       0x08008f77   Thumb Code     6  program.o(.text)
    SetRecTestStatus                         0x08008f7d   Thumb Code    14  si4432.o(.text)
    GetRSSIPara                              0x08008f8b   Thumb Code     4  si4432.o(.text)
    Si4432_GetRSSI                           0x08008f8f   Thumb Code     6  si4432.o(.text)
    Si4432_Idle                              0x0800906f   Thumb Code    70  si4432.o(.text)
    Si4432_Init                              0x080091eb   Thumb Code   734  si4432.o(.text)
    ReportUpReady                            0x08009587   Thumb Code    24  si4432.o(.text)
    ReportUpdating                           0x0800959f   Thumb Code    26  si4432.o(.text)
    ReportUpdataOK                           0x080095b9   Thumb Code    28  si4432.o(.text)
    EXTI15_10_IRQHandler                     0x0800988d   Thumb Code    18  si4432.o(.text)
    Si4432_Send                              0x08009943   Thumb Code    60  si4432.o(.text)
    SPI2_ReadWriteByte                       0x080099ad   Thumb Code    86  spi.o(.text)
    SPI2_Init                                0x08009a03   Thumb Code   166  spi.o(.text)
    SPI2_SetSpeed                            0x08009aa9   Thumb Code    44  spi.o(.text)
    MY_NVIC_SetVectorTable                   0x08009ae5   Thumb Code    12  sys.o(.text)
    MY_NVIC_PriorityGroupConfig              0x08009af1   Thumb Code    36  sys.o(.text)
    MY_NVIC_Init                             0x08009b15   Thumb Code   146  sys.o(.text)
    Ex_NVIC_Config                           0x08009ba7   Thumb Code   146  sys.o(.text)
    SysHard_Init                             0x08009c59   Thumb Code    18  syshard.o(.text)
    HardID_Check                             0x08009c6b   Thumb Code    20  syshard.o(.text)
    SysTick_Init                             0x08009c85   Thumb Code    42  systick.o(.text)
    Time_Get                                 0x08009caf   Thumb Code     6  systick.o(.text)
    SysTick_Handler                          0x08009cb5   Thumb Code    36  systick.o(.text)
    Test_Init                                0x08009ce1   Thumb Code    30  test.o(.text)
    WDG_Feed                                 0x08009d05   Thumb Code    20  wdg.o(.text)
    WDG_Init                                 0x08009d19   Thumb Code    60  wdg.o(.text)
    WDG_FeedOFF                              0x08009d55   Thumb Code    12  wdg.o(.text)
    HardWDGTest_Attr                         0x08009d61   Thumb Code    18  wdg.o(.text)
    main                                     0x08009d79   Thumb Code    54  main.o(.text)
    UnitCnt_Get                              0x08009db9   Thumb Code     4  unitcfg.o(.text)
    Unit_Init                                0x08009dbd   Thumb Code    48  unitcfg.o(.text)
    Key_Init                                 0x08009df5   Thumb Code    64  key.o(.text)
    Key_ValueGet                             0x08009e35   Thumb Code    62  key.o(.text)
    Key_StatusChange                         0x08009e73   Thumb Code    64  key.o(.text)
    Key_Scan                                 0x08009eb3   Thumb Code   128  key.o(.text)
    Lark7318_FrameInfo                       0x08009f41   Thumb Code   132  lark7318.o(.text)
    PowerUP_Play                             0x08009fc5   Thumb Code    28  lark7318.o(.text)
    ReceiveFailed                            0x08009fe1   Thumb Code    24  lark7318.o(.text)
    AutoPostBack                             0x08009ff9   Thumb Code   122  lark7318.o(.text)
    UART_Init                                0x0800a0a9   Thumb Code   112  usart.o(.text)
    UART_Write                               0x0800a119   Thumb Code    50  usart.o(.text)
    UART_Send                                0x0800a14b   Thumb Code    32  usart.o(.text)
    USART2_IRQHandler                        0x0800a16b   Thumb Code    60  usart.o(.text)
    ADC_Init                                 0x0800a1b9   Thumb Code   272  adc.o(.text)
    ADC_Get                                  0x0800a2c9   Thumb Code    68  adc.o(.text)
    Capacity_Check                           0x0800a319   Thumb Code   242  capacity.o(.text)
    Capacity_Init                            0x0800a40b   Thumb Code    22  capacity.o(.text)
    PowerStatus_Init                         0x0800a435   Thumb Code    54  powerstatus.o(.text)
    Dormancy                                 0x0800a46b   Thumb Code    12  powerstatus.o(.text)
    ImmediatelyDormancy                      0x0800a477   Thumb Code    48  powerstatus.o(.text)
    ActivateVoice                            0x0800a4a7   Thumb Code    34  powerstatus.o(.text)
    PowerDownCountReset                      0x0800a4c9   Thumb Code    88  powerstatus.o(.text)
    PowerStatus_Get                          0x0800a521   Thumb Code    88  powerstatus.o(.text)
    PWM_Init                                 0x0800a5ad   Thumb Code   104  pwm.o(.text)
    LED_State                                0x0800a6d1   Thumb Code   180  pwm.o(.text)
    LED_RatioSet                             0x0800a785   Thumb Code    10  pwm.o(.text)
    Key_process                              0x0800a7b1   Thumb Code    48  keyunit.o(.text)
    KeyUnit_Init                             0x0800a7e1   Thumb Code    22  keyunit.o(.text)
    voiceUnit_Init                           0x0800a7fd   Thumb Code    26  voiceplayunit.o(.text)
    UnitInstruct                             0x0800a817   Thumb Code    30  voiceplayunit.o(.text)
    FIFO_get                                 0x0800a835   Thumb Code   254  voiceplayunit.o(.text)
    VoicePlay                                0x0800a933   Thumb Code   116  voiceplayunit.o(.text)
    Voice_Reset                              0x0800a9f1   Thumb Code   102  voicerecognition.o(.text)
    VoiceSet                                 0x0800aa57   Thumb Code    50  voicerecognition.o(.text)
    Voice_SetSave                            0x0800aaf5   Thumb Code    16  voicerecognition.o(.text)
    Voice_SetInit                            0x0800ab05   Thumb Code    74  voicerecognition.o(.text)
    Voice_Init                               0x0800ab4f   Thumb Code   168  voicerecognition.o(.text)
    VoiceRecognition_Init                    0x0800abf7   Thumb Code    40  voicerecognition.o(.text)
    Voice_StopVoice                          0x0800ac1f   Thumb Code    26  voicerecognition.o(.text)
    Voice_DataEarse                          0x0800ac39   Thumb Code    82  voicerecognition.o(.text)
    Voice_CmdUpdata                          0x0800ac8b   Thumb Code   442  voicerecognition.o(.text)
    Voice_CmdAdd                             0x0800ae45   Thumb Code   138  voicerecognition.o(.text)
    Voice_CmdDel                             0x0800aecf   Thumb Code   220  voicerecognition.o(.text)
    Voice_Run                                0x0800afab   Thumb Code    30  voicerecognition.o(.text)
    Voice_Reset_Cmd                          0x0800afc9   Thumb Code    24  voicerecognition.o(.text)
    Identification                           0x0800afe1   Thumb Code   162  voicerecognition.o(.text)
    Voice_Disable                            0x0800b083   Thumb Code     8  voicerecognition.o(.text)
    Voice_Enable                             0x0800b08b   Thumb Code    48  voicerecognition.o(.text)
    voice_play_Init                          0x0800b0dd   Thumb Code    12  voiceplayattr.o(.text)
    Set_VoicePlay_Attr                       0x0800b0e9   Thumb Code    24  voiceplayattr.o(.text)
    Set_StopPlay_Attr                        0x0800b101   Thumb Code    46  voiceplayattr.o(.text)
    VoiceSperkers                            0x0800b12f   Thumb Code    72  voiceplayattr.o(.text)
    Set_Speakers_Attr                        0x0800b177   Thumb Code    32  voiceplayattr.o(.text)
    Get_Speakers_Attr                        0x0800b197   Thumb Code    16  voiceplayattr.o(.text)
    VoicePlayState                           0x0800b1a7   Thumb Code   192  voiceplayattr.o(.text)
    Set_VoicePlayState_Attr                  0x0800b267   Thumb Code    48  voiceplayattr.o(.text)
    Get_VoicePlayState_Attr                  0x0800b297   Thumb Code    28  voiceplayattr.o(.text)
    VoiceParaInit                            0x0800b2d9   Thumb Code    14  voiceexeattr.o(.text)
    VoiceEepromInit                          0x0800b2e7   Thumb Code    10  voiceexeattr.o(.text)
    Set_VoiceCmdAdd_Attr                     0x0800b2f1   Thumb Code    30  voiceexeattr.o(.text)
    Set_VoiceCmdDel_Attr                     0x0800b30f   Thumb Code    12  voiceexeattr.o(.text)
    Get_VoiceID_Attr                         0x0800b31b   Thumb Code    16  voiceexeattr.o(.text)
    Set_VoiceSenstivity_Attr                 0x0800b32b   Thumb Code    32  voiceexeattr.o(.text)
    Get_VoiceSenstivity_Attr                 0x0800b34b   Thumb Code    16  voiceexeattr.o(.text)
    Set_VoiceLead_Attr                       0x0800b35b   Thumb Code    30  voiceexeattr.o(.text)
    Get_VoiceLead_Attr                       0x0800b379   Thumb Code    58  voiceexeattr.o(.text)
    Set_WorkMode_Attr                        0x0800b3b3   Thumb Code   166  voiceexeattr.o(.text)
    Get_WorkMode_Attr                        0x0800b459   Thumb Code    34  voiceexeattr.o(.text)
    Set_DormancyTime_Attr                    0x0800b47b   Thumb Code    32  voiceexeattr.o(.text)
    Get_DormancyTime_Attr                    0x0800b49b   Thumb Code    16  voiceexeattr.o(.text)
    Get_Power_Attr                           0x0800b4ab   Thumb Code    28  voiceexeattr.o(.text)
    Get_Cap_Attr                             0x0800b4c7   Thumb Code    30  voiceexeattr.o(.text)
    memcpy                                   0x0800b549   Thumb Code    28  bestfulib.o(.text)
    memcmp                                   0x0800b565   Thumb Code    40  bestfulib.o(.text)
    memset                                   0x0800b58d   Thumb Code    18  bestfulib.o(.text)
    memmove                                  0x0800b59f   Thumb Code    58  bestfulib.o(.text)
    memfind                                  0x0800b5d9   Thumb Code    64  bestfulib.o(.text)
    memcharget                               0x0800b619   Thumb Code    48  bestfulib.o(.text)
    Process_FIFOData                         0x0800b665   Thumb Code   102  cmdprocess.o(.text)
    Msg_Execute                              0x0800b707   Thumb Code   210  cmdprocess.o(.text)
    Msg_Change                               0x0800b84b   Thumb Code    32  cmdprocess.o(.text)
    FIFOInit                                 0x0800b86b   Thumb Code    72  cmdprocess.o(.text)
    ProcessSend_Fun                          0x0800b8b3   Thumb Code     8  cmdprocess.o(.text)
    cmd_get                                  0x0800b8ed   Thumb Code   232  command.o(.text)
    cmd_put                                  0x0800b9d5   Thumb Code   124  command.o(.text)
    ChkCrcValue                              0x0800ba59   Thumb Code    52  crc.o(.text)
    ChkCrcValueEx                            0x0800ba8d   Thumb Code    56  crc.o(.text)
    delay_us                                 0x0800bac9   Thumb Code    24  delay.o(.text)
    delay_ms                                 0x0800bae1   Thumb Code    28  delay.o(.text)
    Fault_Upload                             0x0800bafd   Thumb Code    74  faultmanage.o(.text)
    fifo_Init                                0x0800bb4d   Thumb Code    26  fifo.o(.text)
    fifo_Rst                                 0x0800bb67   Thumb Code    18  fifo.o(.text)
    fifo_empty                               0x0800bb79   Thumb Code    18  fifo.o(.text)
    fifo_validSize                           0x0800bbcb   Thumb Code    30  fifo.o(.text)
    fifo_puts                                0x0800bbe9   Thumb Code   106  fifo.o(.text)
    fifo_gets                                0x0800bc53   Thumb Code   124  fifo.o(.text)
    fifo_putc                                0x0800bccf   Thumb Code    60  fifo.o(.text)
    fifo_getc                                0x0800bd0b   Thumb Code    62  fifo.o(.text)
    fifo_find                                0x0800bd49   Thumb Code    92  fifo.o(.text)
    fifo_cmp                                 0x0800bda5   Thumb Code    62  fifo.o(.text)
    PropFifoInit                             0x0800bde5   Thumb Code    14  linkscanfifo.o(.text)
    PropChangeScanAndExe                     0x0800bdf3   Thumb Code    46  linkscanfifo.o(.text)
    PropEventFifo                            0x0800be21   Thumb Code    80  linkscanfifo.o(.text)
    Set_Sign433_StartSendFrame_Attr          0x0800be7d   Thumb Code    60  sign433attr.o(.text)
    Get_Sign433_MasterAddr                   0x0800beb9   Thumb Code     6  sign433attr.o(.text)
    Get_Sign433_StartSendFrame_Attr          0x0800bebf   Thumb Code    46  sign433attr.o(.text)
    Set_Sign433_StartRecFrame_Attr           0x0800beed   Thumb Code    86  sign433attr.o(.text)
    Get_Sign433_StartRecFrame_Attr           0x0800bf43   Thumb Code    46  sign433attr.o(.text)
    Set_Sign433_RecFrameStream_Attr          0x0800bf71   Thumb Code    46  sign433attr.o(.text)
    Set_Sign433_TestState_Attr               0x0800bf9f   Thumb Code    12  sign433attr.o(.text)
    Get_Sign433_TestState_Attr               0x0800bfab   Thumb Code    16  sign433attr.o(.text)
    SysAttr_Init                             0x0800bfc9   Thumb Code    38  sysexeattr.o(.text)
    Get_Version_Attr                         0x0800bfef   Thumb Code   104  sysexeattr.o(.text)
    Get_DeviceType_Attr                      0x0800c057   Thumb Code    76  sysexeattr.o(.text)
    Set_UserID_Attr                          0x0800c0a3   Thumb Code    42  sysexeattr.o(.text)
    Get_UserID_Attr                          0x0800c0cd   Thumb Code    16  sysexeattr.o(.text)
    Get_DeviceAddr_Attr                      0x0800c0dd   Thumb Code    16  sysexeattr.o(.text)
    Set_CmdAckNum_Attr                       0x0800c0ed   Thumb Code    42  sysexeattr.o(.text)
    Get_CmdAckNum_Attr                       0x0800c117   Thumb Code    14  sysexeattr.o(.text)
    Set_RepeatBandAddr_Attr                  0x0800c125   Thumb Code   138  sysexeattr.o(.text)
    Get_RepeatBandAddr_Attr                  0x0800c1af   Thumb Code   138  sysexeattr.o(.text)
    Set_RepeatBroadcast_Attr                 0x0800c239   Thumb Code    36  sysexeattr.o(.text)
    Get_RepeatBroadcast_Attr                 0x0800c25d   Thumb Code    22  sysexeattr.o(.text)
    Set_UnitArea_Attr                        0x0800c273   Thumb Code   112  sysexeattr.o(.text)
    Get_UnitArea_Attr                        0x0800c2e3   Thumb Code   100  sysexeattr.o(.text)
    Set_UnitType_Attr                        0x0800c347   Thumb Code   120  sysexeattr.o(.text)
    Get_UnitType_Attr                        0x0800c3bf   Thumb Code   116  sysexeattr.o(.text)
    Set_CommonType_Attr                      0x0800c433   Thumb Code   120  sysexeattr.o(.text)
    Get_CommonType_Attr                      0x0800c4ab   Thumb Code   104  sysexeattr.o(.text)
    Set_UnitAble_Attr                        0x0800c513   Thumb Code   120  sysexeattr.o(.text)
    Get_UnitAble_Attr                        0x0800c58b   Thumb Code   104  sysexeattr.o(.text)
    Get_Eeprom_Info_Attr                     0x0800c5f3   Thumb Code    82  sysexeattr.o(.text)
    Set_FaultFlag_Attr                       0x0800c645   Thumb Code    36  sysexeattr.o(.text)
    Get_FaultFlag_Attr                       0x0800c669   Thumb Code    20  sysexeattr.o(.text)
    Set_UserDataFormat_Attr                  0x0800c67d   Thumb Code    94  sysexeattr.o(.text)
    Set_Link_Attr                            0x0800c6db   Thumb Code    98  sysexeattr.o(.text)
    Get_Link_Attr                            0x0800c73d   Thumb Code    68  sysexeattr.o(.text)
    Set_DelLinkForUnit_Attr                  0x0800c781   Thumb Code    40  sysexeattr.o(.text)
    Thread_Init                              0x0800c7ad   Thumb Code     8  thread.o(.text)
    Thread_Wake                              0x0800c7dd   Thumb Code   132  thread.o(.text)
    Thread_Login                             0x0800c861   Thumb Code   228  thread.o(.text)
    Thread_Logout                            0x0800c945   Thumb Code    94  thread.o(.text)
    Thread_Hang                              0x0800c9a3   Thumb Code   108  thread.o(.text)
    Thread_Process                           0x0800ca0f   Thumb Code   100  thread.o(.text)
    Thread_RunCheck                          0x0800ca73   Thumb Code    46  thread.o(.text)
    Set_ManyUnit_Attr                        0x0800caa5   Thumb Code   102  unitshare_attr.o(.text)
    Get_ManyUnit_Attr                        0x0800cb0b   Thumb Code   310  unitshare_attr.o(.text)
    Set_UnitChecking_Attr                    0x0800cc41   Thumb Code   110  unitshare_attr.o(.text)
    Updata_Check                             0x0800ccb9   Thumb Code    22  updata.o(.text)
    Updata_Ready                             0x0800cccf   Thumb Code   142  updata.o(.text)
    Updata_PackProcess                       0x0800cd5d   Thumb Code   112  updata.o(.text)
    Updata_PackCheck                         0x0800cdcd   Thumb Code    76  updata.o(.text)
    Updata_Calibrate                         0x0800ce19   Thumb Code    30  updata.o(.text)
    Updata_Channel                           0x0800ce37   Thumb Code    84  updata.o(.text)
    Channel_Get                              0x0800ce8b   Thumb Code    50  updata.o(.text)
    Updata_Flag                              0x0800cebd   Thumb Code    38  updata.o(.text)
    Upload_Fault                             0x0800cf0d   Thumb Code    34  upload.o(.text)
    Upload                                   0x0800cf67   Thumb Code    44  upload.o(.text)
    SceneEEPROM_Init                         0x0800cfb1   Thumb Code    42  userdata.o(.text)
    GroupEEPROMUnit_Init                     0x0800cfdb   Thumb Code    54  userdata.o(.text)
    GroupEEPROM_Init                         0x0800d011   Thumb Code    26  userdata.o(.text)
    UnitPrivateEEPROMUnitData_Init           0x0800d02b   Thumb Code    28  userdata.o(.text)
    UnitPrivateEEPROMData_Init               0x0800d047   Thumb Code    26  userdata.o(.text)
    UnitPublicEEPROMUnitData_Init            0x0800d061   Thumb Code    62  userdata.o(.text)
    UnitPublicEEPROMData_Init                0x0800d09f   Thumb Code    26  userdata.o(.text)
    SysEEPROMData_Init                       0x0800d0b9   Thumb Code    58  userdata.o(.text)
    UserEEPROMData_Init                      0x0800d0f3   Thumb Code    54  userdata.o(.text)
    FaultData_Init                           0x0800d129   Thumb Code    14  userdata.o(.text)
    UserData_Init                            0x0800d137   Thumb Code    92  userdata.o(.text)
    FaultData_Save                           0x0800d193   Thumb Code    32  userdata.o(.text)
    FaultData_Get                            0x0800d1b3   Thumb Code    22  userdata.o(.text)
    SysEEPROMData_Set                        0x0800d1c9   Thumb Code    24  userdata.o(.text)
    UnitPublicEEPROMData_Get                 0x0800d1e1   Thumb Code    36  userdata.o(.text)
    UnitPublicEEPROMData_Set                 0x0800d205   Thumb Code    32  userdata.o(.text)
    GroupEEPROM_Clr                          0x0800d225   Thumb Code   220  userdata.o(.text)
    GroupEEPROM_Set                          0x0800d301   Thumb Code   232  userdata.o(.text)
    GroupEEPROM_Get                          0x0800d3e9   Thumb Code   114  userdata.o(.text)
    SceneEEPROMUnit_Init                     0x0800d4a7   Thumb Code    72  userdata.o(.text)
    SceneEEPROM_Clr                          0x0800d4ef   Thumb Code    84  userdata.o(.text)
    SceneEEPROM_Set                          0x0800d627   Thumb Code   144  userdata.o(.text)
    SceneEEPROM_Get                          0x0800d6b7   Thumb Code    76  userdata.o(.text)
    EEPROM_Write                             0x0800d703   Thumb Code    46  userdata.o(.text)
    EEPROM_Read                              0x0800d731   Thumb Code    46  userdata.o(.text)
    ReadDataFromEEPROM                       0x0800d765   Thumb Code   120  eeprom.o(.text)
    WriteDataToEEPROM                        0x0800d7dd   Thumb Code   120  eeprom.o(.text)
    WriteDataToEEPROMEx                      0x0800d855   Thumb Code   118  eeprom.o(.text)
    Set_IAPReady_Attr                        0x0800d8cd   Thumb Code   182  flashattr.o(.text)
    Set_IAPPackSave_Attr                     0x0800d983   Thumb Code    66  flashattr.o(.text)
    Get_IAPPackCheck_Attr                    0x0800d9c5   Thumb Code    66  flashattr.o(.text)
    Set_IAPDataCRC_Attr                      0x0800da07   Thumb Code    98  flashattr.o(.text)
    Set_433Channel_Attr                      0x0800da69   Thumb Code    70  flashattr.o(.text)
    Get_433Channel_Attr                      0x0800daaf   Thumb Code    20  flashattr.o(.text)
    LinkInit                                 0x0800dae9   Thumb Code     8  linksrc.o(.text)
    LinkClr                                  0x0800daf1   Thumb Code     8  linksrc.o(.text)
    CmpSampAndLinkValue                      0x0800daf9   Thumb Code   130  linksrc.o(.text)
    GetConditionReverse                      0x0800db7b   Thumb Code    56  linksrc.o(.text)
    GetConditionOffset                       0x0800dbb3   Thumb Code    78  linksrc.o(.text)
    LinkSrcExe                               0x0800dc01   Thumb Code   300  linksrc.o(.text)
    CheckLinkFull                            0x0800dd31   Thumb Code    18  linkwrdc.o(.text)
    QueryLink                                0x0800dd43   Thumb Code    22  linkwrdc.o(.text)
    QueryAllLinkFromTable                    0x0800dd59   Thumb Code    64  linkwrdc.o(.text)
    ReadLinkFromTable                        0x0800dd99   Thumb Code    34  linkwrdc.o(.text)
    WriteLinkToTable                         0x0800ddbb   Thumb Code    62  linkwrdc.o(.text)
    DelAllLinkFromTable                      0x0800ddf9   Thumb Code    46  linkwrdc.o(.text)
    DelLinkFromTable                         0x0800de27   Thumb Code    30  linkwrdc.o(.text)
    ChkLinkIsExist                           0x0800de45   Thumb Code    26  linkwrdc.o(.text)
    GetLinkNum                               0x0800de5f   Thumb Code    22  linkwrdc.o(.text)
    WriteLinkItem                            0x0800de75   Thumb Code    94  linkwrdc.o(.text)
    ModifyLinkItem                           0x0800ded3   Thumb Code    60  linkwrdc.o(.text)
    ReadLinkItem                             0x0800df0f   Thumb Code    48  linkwrdc.o(.text)
    QueryLinkItem                            0x0800df3f   Thumb Code    56  linkwrdc.o(.text)
    DelLinkItem                              0x0800df77   Thumb Code    46  linkwrdc.o(.text)
    DelLinkForUnit                           0x0800dfa5   Thumb Code   124  linkwrdc.o(.text)
    DelLinkForPropIDandVal                   0x0800e021   Thumb Code    68  linkwrdc.o(.text)
    SaveSerialNum                            0x0800e069   Thumb Code    12  msgpackage.o(.text)
    Msg_Feedback                             0x0800e075   Thumb Code   176  msgpackage.o(.text)
    Msg_UploadUnit                           0x0800e16f   Thumb Code    62  msgpackage.o(.text)
    Msg_Upload                               0x0800e1ad   Thumb Code    58  msgpackage.o(.text)
    Msg_Send                                 0x0800e1e7   Thumb Code    68  msgpackage.o(.text)
    Check_Area                               0x0800e239   Thumb Code   108  object.o(.text)
    Check_AreaEx                             0x0800e2a5   Thumb Code    40  object.o(.text)
    Check_BandAddr                           0x0800e2cd   Thumb Code   116  object.o(.text)
    Object_Check                             0x0800e3fb   Thumb Code   726  object.o(.text)
    Set_Scene_Attr                           0x0800e6d5   Thumb Code   362  scene&group.o(.text)
    Get_Scene_Attr                           0x0800e83f   Thumb Code   104  scene&group.o(.text)
    Set_Group_Attr                           0x0800e8a7   Thumb Code   328  scene&group.o(.text)
    Get_Group_Attr                           0x0800e9ef   Thumb Code    94  scene&group.o(.text)
    Sign433_SendTestFrame                    0x0800ea4d   Thumb Code    78  sign433.o(.text)
    Sign433_SendTestFrameStream              0x0800ea9b   Thumb Code    28  sign433.o(.text)
    Sign433_SendTestReport                   0x0800eab7   Thumb Code    42  sign433.o(.text)
    SI4432Test_Fail                          0x0800eae9   Thumb Code    16  systestattr.o(.text)
    SI4432Test_Attr                          0x0800eaf9   Thumb Code    68  systestattr.o(.text)
    UserDataDownload_Init                    0x0800eb4d   Thumb Code    20  userdatadownload.o(.text)
    UserDataDownload_Ready                   0x0800eb61   Thumb Code   244  userdatadownload.o(.text)
    UserDataFrame_Save                       0x0800ec55   Thumb Code   134  userdatadownload.o(.text)
    UserDataFrame_Check                      0x0800ecdb   Thumb Code    78  userdatadownload.o(.text)
    ALinkClr                                 0x0800ed55   Thumb Code    62  linksimplest.o(.text)
    ALinkInit                                0x0800ed93   Thumb Code    42  linksimplest.o(.text)
    ChkALinkIsExist                          0x0800edbd   Thumb Code    90  linksimplest.o(.text)
    GetALinkNum                              0x0800ee17   Thumb Code    80  linksimplest.o(.text)
    QueryALink                               0x0800ee67   Thumb Code    50  linksimplest.o(.text)
    CheckALinkFull                           0x0800ee99   Thumb Code    18  linksimplest.o(.text)
    ReadALink                                0x0800eeab   Thumb Code    50  linksimplest.o(.text)
    WriteALink                               0x0800eedd   Thumb Code   148  linksimplest.o(.text)
    DelALink                                 0x0800ef71   Thumb Code   234  linksimplest.o(.text)
    __aeabi_memcpy4                          0x0800f065   Thumb Code     0  rt_memcpy_w.o(.text)
    __aeabi_memcpy8                          0x0800f065   Thumb Code     0  rt_memcpy_w.o(.text)
    __rt_memcpy_w                            0x0800f065   Thumb Code   100  rt_memcpy_w.o(.text)
    _memcpy_lastbytes_aligned                0x0800f0ad   Thumb Code     0  rt_memcpy_w.o(.text)
    __aeabi_memclr4                          0x0800f0c9   Thumb Code     0  rt_memclr_w.o(.text)
    __aeabi_memclr8                          0x0800f0c9   Thumb Code     0  rt_memclr_w.o(.text)
    __rt_memclr_w                            0x0800f0c9   Thumb Code    78  rt_memclr_w.o(.text)
    _memset_w                                0x0800f0cd   Thumb Code     0  rt_memclr_w.o(.text)
    __use_two_region_memory                  0x0800f117   Thumb Code     2  heapauxi.o(.text)
    __rt_heap_escrow$2region                 0x0800f119   Thumb Code     2  heapauxi.o(.text)
    __rt_heap_expand$2region                 0x0800f11b   Thumb Code     2  heapauxi.o(.text)
    __user_setup_stackheap                   0x0800f11d   Thumb Code    74  sys_stackheap_outer.o(.text)
    exit                                     0x0800f167   Thumb Code    12  exit.o(.text)
    __user_libspace                          0x0800f175   Thumb Code     8  libspace.o(.text)
    __user_perproc_libspace                  0x0800f175   Thumb Code     0  libspace.o(.text)
    __user_perthread_libspace                0x0800f175   Thumb Code     0  libspace.o(.text)
    _sys_exit                                0x0800f17d   Thumb Code     8  sys_exit.o(.text)
    __I$use$semihosting                      0x0800f189   Thumb Code     0  use_no_semi.o(.text)
    __use_no_semihosting_swi                 0x0800f189   Thumb Code     2  use_no_semi.o(.text)
    __semihosting_library_function           0x0800f18b   Thumb Code     0  indicate_semi.o(.text)
    __aeabi_dadd                             0x0800f18d   Thumb Code     0  daddsub_clz.o(x$fpl$dadd)
    _dadd                                    0x0800f18d   Thumb Code   332  daddsub_clz.o(x$fpl$dadd)
    __aeabi_d2uiz                            0x0800f2dd   Thumb Code     0  dfixu.o(x$fpl$dfixu)
    _dfixu                                   0x0800f2dd   Thumb Code    90  dfixu.o(x$fpl$dfixu)
    __aeabi_ui2d                             0x0800f337   Thumb Code     0  dflt_clz.o(x$fpl$dfltu)
    _dfltu                                   0x0800f337   Thumb Code    38  dflt_clz.o(x$fpl$dfltu)
    __aeabi_dmul                             0x0800f35d   Thumb Code     0  dmul.o(x$fpl$dmul)
    _dmul                                    0x0800f35d   Thumb Code   332  dmul.o(x$fpl$dmul)
    __fpl_dnaninf                            0x0800f4b1   Thumb Code   156  dnaninf.o(x$fpl$dnaninf)
    __fpl_dretinf                            0x0800f54d   Thumb Code    12  dretinf.o(x$fpl$dretinf)
    __aeabi_dsub                             0x0800f559   Thumb Code     0  daddsub_clz.o(x$fpl$dsub)
    _dsub                                    0x0800f559   Thumb Code   464  daddsub_clz.o(x$fpl$dsub)
    Si4432Cfg_Tab                            0x0800f72c   Data          21  si4432.o(.constdata)
    __I$use$fp                               0x0800f72c   Number         0  usenofp.o(x$fpl$usenofp)
    UnitTab                                  0x0800f74c   Data          32  unitcfg.o(.constdata)
    Lark7318_data                            0x0800f76c   Data           1  lark7318.o(.constdata)
    VoltageTab                               0x0800f76e   Data          22  capacity.o(.constdata)
    VoiceAttrTab                             0x0800f7a0   Data         208  voiceexeattr.o(.constdata)
    HeadCMD                                  0x0800f870   Data           6  command.o(.constdata)
    TailCMD                                  0x0800f876   Data           6  command.o(.constdata)
    CRCTable                                 0x0800f87c   Data         512  crc.o(.constdata)
    SysAttrTable                             0x0800fa7c   Data         528  sysexeattr.o(.constdata)
    Region$$Table$$Base                      0x0800fc8c   Number         0  anon$$obj.o(Region$$Table)
    Region$$Table$$Limit                     0x0800fcac   Number         0  anon$$obj.o(Region$$Table)
    SystemCoreClock                          0x20000000   Data           4  system_stm32f10x.o(.data)
    AHBPrescTable                            0x20000004   Data          16  system_stm32f10x.o(.data)
    TestRecFlag                              0x2000001b   Data           1  si4432.o(.data)
    Test                                     0x20000034   Data           4  test.o(.data)
    gVoiceState                              0x2000004a   Data           8  voicerecognition.o(.data)
    PACK_SIZE                                0x20000053   Data           1  updata.o(.data)
    err                                      0x20000054   Data           1  updata.o(.data)
    DelayID                                  0x2000005c   Data           4  object.o(.data)
    Sign433_State                            0x20000061   Data           1  sign433.o(.data)
    TestRecRSSI                              0x20000064   Data         100  si4432.o(.bss)
    gUnitData                                0x200000c8   Data          16  unitcfg.o(.bss)
    VoiceRcveCmdBuf                          0x200000d8   Data        1024  voiceplayunit.o(.bss)
    VoiceRcveCmdfifo                         0x200004d8   Data          16  voiceplayunit.o(.bss)
    gVoice                                   0x200004e8   Data          11  voicerecognition.o(.bss)
    gVoicePara                               0x200004f3   Data           9  voiceexeattr.o(.bss)
    rcv433fifo                               0x200004fc   Data          16  cmdprocess.o(.bss)
    send433fifo                              0x2000050c   Data          16  cmdprocess.o(.bss)
    rcvBuf                                   0x2000051c   Data        1024  cmdprocess.o(.bss)
    rcv_433                                  0x20000d1c   Data         264  cmdprocess.o(.bss)
    send_433                                 0x20000e24   Data         264  cmdprocess.o(.bss)
    propfifo                                 0x20000f2c   Data          16  linkscanfifo.o(.bss)
    propbuf                                  0x20000f3c   Data         128  linkscanfifo.o(.bss)
    IAP_FLAG                                 0x20001100   Data          16  updata.o(.bss)
    PACK_ID                                  0x20001110   Data         256  updata.o(.bss)
    gSysData                                 0x20001210   Data          31  userdata.o(.bss)
    RData                                    0x20001230   Data         320  object.o(.bss)
    gSign433Comm                             0x20001370   Data          12  sign433.o(.bss)
    RecRSSI                                  0x2000137c   Data         100  sign433.o(.bss)
    UserDownload                             0x200013e0   Data         140  userdatadownload.o(.bss)
    ALink                                    0x2000146c   Data        1651  linksimplest.o(.bss)
    __libspace_start                         0x20001ae0   Data          96  libspace.o(.bss)
    __temporary_stack_top$libspace           0x20001b40   Data           0  libspace.o(.bss)



==============================================================================

Memory Map of the image

  Image Entry point : 0x080084ed

  Load Region LR_IROM1 (Base: 0x08008400, Size: 0x00007910, Max: 0x00020000, ABSOLUTE)

    Execution Region ER_IROM1 (Base: 0x08008400, Size: 0x000078ac, Max: 0x00020000, ABSOLUTE)

    Base Addr    Size         Type   Attr      Idx    E Section Name        Object

    0x08008400   0x000000ec   Data   RO           56    RESET               startup_stm32f10x_md.o
    0x080084ec   0x00000008   Code   RO         1202  * !!!main             c_w.l(__main.o)
    0x080084f4   0x00000034   Code   RO         1381    !!!scatter          c_w.l(__scatter.o)
    0x08008528   0x0000001a   Code   RO         1383    !!handler_copy      c_w.l(__scatter_copy.o)
    0x08008542   0x00000002   PAD
    0x08008544   0x0000001c   Code   RO         1385    !!handler_zi        c_w.l(__scatter_zi.o)
    0x08008560   0x00000002   Code   RO         1252    .ARM.Collect$$libinit$$00000000  c_w.l(libinit.o)
    0x08008562   0x00000000   Code   RO         1259    .ARM.Collect$$libinit$$00000002  c_w.l(libinit2.o)
    0x08008562   0x00000000   Code   RO         1261    .ARM.Collect$$libinit$$00000004  c_w.l(libinit2.o)
    0x08008562   0x00000000   Code   RO         1264    .ARM.Collect$$libinit$$0000000A  c_w.l(libinit2.o)
    0x08008562   0x00000000   Code   RO         1266    .ARM.Collect$$libinit$$0000000C  c_w.l(libinit2.o)
    0x08008562   0x00000000   Code   RO         1268    .ARM.Collect$$libinit$$0000000E  c_w.l(libinit2.o)
    0x08008562   0x00000000   Code   RO         1271    .ARM.Collect$$libinit$$00000011  c_w.l(libinit2.o)
    0x08008562   0x00000000   Code   RO         1273    .ARM.Collect$$libinit$$00000013  c_w.l(libinit2.o)
    0x08008562   0x00000000   Code   RO         1275    .ARM.Collect$$libinit$$00000015  c_w.l(libinit2.o)
    0x08008562   0x00000000   Code   RO         1277    .ARM.Collect$$libinit$$00000017  c_w.l(libinit2.o)
    0x08008562   0x00000000   Code   RO         1279    .ARM.Collect$$libinit$$00000019  c_w.l(libinit2.o)
    0x08008562   0x00000000   Code   RO         1281    .ARM.Collect$$libinit$$0000001B  c_w.l(libinit2.o)
    0x08008562   0x00000000   Code   RO         1283    .ARM.Collect$$libinit$$0000001D  c_w.l(libinit2.o)
    0x08008562   0x00000000   Code   RO         1285    .ARM.Collect$$libinit$$0000001F  c_w.l(libinit2.o)
    0x08008562   0x00000000   Code   RO         1287    .ARM.Collect$$libinit$$00000021  c_w.l(libinit2.o)
    0x08008562   0x00000000   Code   RO         1289    .ARM.Collect$$libinit$$00000023  c_w.l(libinit2.o)
    0x08008562   0x00000000   Code   RO         1291    .ARM.Collect$$libinit$$00000025  c_w.l(libinit2.o)
    0x08008562   0x00000000   Code   RO         1295    .ARM.Collect$$libinit$$0000002C  c_w.l(libinit2.o)
    0x08008562   0x00000000   Code   RO         1297    .ARM.Collect$$libinit$$0000002E  c_w.l(libinit2.o)
    0x08008562   0x00000000   Code   RO         1299    .ARM.Collect$$libinit$$00000030  c_w.l(libinit2.o)
    0x08008562   0x00000000   Code   RO         1301    .ARM.Collect$$libinit$$00000032  c_w.l(libinit2.o)
    0x08008562   0x00000002   Code   RO         1302    .ARM.Collect$$libinit$$00000033  c_w.l(libinit2.o)
    0x08008564   0x00000002   Code   RO         1322    .ARM.Collect$$libshutdown$$00000000  c_w.l(libshutdown.o)
    0x08008566   0x00000000   Code   RO         1336    .ARM.Collect$$libshutdown$$00000003  c_w.l(libshutdown2.o)
    0x08008566   0x00000000   Code   RO         1339    .ARM.Collect$$libshutdown$$00000006  c_w.l(libshutdown2.o)
    0x08008566   0x00000000   Code   RO         1342    .ARM.Collect$$libshutdown$$00000009  c_w.l(libshutdown2.o)
    0x08008566   0x00000000   Code   RO         1344    .ARM.Collect$$libshutdown$$0000000B  c_w.l(libshutdown2.o)
    0x08008566   0x00000000   Code   RO         1347    .ARM.Collect$$libshutdown$$0000000E  c_w.l(libshutdown2.o)
    0x08008566   0x00000002   Code   RO         1348    .ARM.Collect$$libshutdown$$0000000F  c_w.l(libshutdown2.o)
    0x08008568   0x00000000   Code   RO         1222    .ARM.Collect$$rtentry$$00000000  c_w.l(__rtentry.o)
    0x08008568   0x00000000   Code   RO         1229    .ARM.Collect$$rtentry$$00000002  c_w.l(__rtentry2.o)
    0x08008568   0x00000006   Code   RO         1241    .ARM.Collect$$rtentry$$00000004  c_w.l(__rtentry4.o)
    0x0800856e   0x00000000   Code   RO         1231    .ARM.Collect$$rtentry$$00000009  c_w.l(__rtentry2.o)
    0x0800856e   0x00000004   Code   RO         1232    .ARM.Collect$$rtentry$$0000000A  c_w.l(__rtentry2.o)
    0x08008572   0x00000000   Code   RO         1234    .ARM.Collect$$rtentry$$0000000C  c_w.l(__rtentry2.o)
    0x08008572   0x00000008   Code   RO         1235    .ARM.Collect$$rtentry$$0000000D  c_w.l(__rtentry2.o)
    0x0800857a   0x00000002   Code   RO         1256    .ARM.Collect$$rtexit$$00000000  c_w.l(rtexit.o)
    0x0800857c   0x00000000   Code   RO         1304    .ARM.Collect$$rtexit$$00000002  c_w.l(rtexit2.o)
    0x0800857c   0x00000004   Code   RO         1305    .ARM.Collect$$rtexit$$00000003  c_w.l(rtexit2.o)
    0x08008580   0x00000006   Code   RO         1306    .ARM.Collect$$rtexit$$00000004  c_w.l(rtexit2.o)
    0x08008586   0x00000002   PAD
    0x08008588   0x000001e4   Code   RO            1    .text               system_stm32f10x.o
    0x0800876c   0x0000003c   Code   RO           57    .text               startup_stm32f10x_md.o
    0x080087a8   0x00000084   Code   RO           62    .text               devicereset.o
    0x0800882c   0x000001f4   Code   RO           90    .text               flash.o
    0x08008a20   0x000000a4   Code   RO          109    .text               gpio.o
    0x08008ac4   0x000003e0   Code   RO          121    .text               i2c.o
    0x08008ea4   0x0000005c   Code   RO          136    .text               instruct.o
    0x08008f00   0x0000007c   Code   RO          151    .text               program.o
    0x08008f7c   0x00000a30   Code   RO          166    .text               si4432.o
    0x080099ac   0x00000138   Code   RO          228    .text               spi.o
    0x08009ae4   0x00000174   Code   RO          244    .text               sys.o
    0x08009c58   0x0000002c   Code   RO          259    .text               syshard.o
    0x08009c84   0x0000005c   Code   RO          274    .text               systick.o
    0x08009ce0   0x00000024   Code   RO          288    .text               test.o
    0x08009d04   0x00000074   Code   RO          309    .text               wdg.o
    0x08009d78   0x00000040   Code   RO          324    .text               main.o
    0x08009db8   0x0000003c   Code   RO          340    .text               unitcfg.o
    0x08009df4   0x0000014c   Code   RO          374    .text               key.o
    0x08009f40   0x00000168   Code   RO          406    .text               lark7318.o
    0x0800a0a8   0x00000110   Code   RO          438    .text               usart.o
    0x0800a1b8   0x00000160   Code   RO          454    .text               adc.o
    0x0800a318   0x0000011c   Code   RO          469    .text               capacity.o
    0x0800a434   0x00000178   Code   RO          491    .text               powerstatus.o
    0x0800a5ac   0x00000204   Code   RO          504    .text               pwm.o
    0x0800a7b0   0x0000004c   Code   RO          521    .text               keyunit.o
    0x0800a7fc   0x000001f4   Code   RO          533    .text               voiceplayunit.o
    0x0800a9f0   0x000006ec   Code   RO          555    .text               voicerecognition.o
    0x0800b0dc   0x000001fc   Code   RO          575    .text               voiceplayattr.o
    0x0800b2d8   0x00000270   Code   RO          589    .text               voiceexeattr.o
    0x0800b548   0x00000100   Code   RO          608    .text               BestFu_10124.lib(bestfulib.o)
    0x0800b648   0x000002a4   Code   RO          623    .text               BestFu_10124.lib(cmdprocess.o)
    0x0800b8ec   0x0000016c   Code   RO          678    .text               BestFu_10124.lib(command.o)
    0x0800ba58   0x00000070   Code   RO          699    .text               BestFu_10124.lib(crc.o)
    0x0800bac8   0x00000034   Code   RO          714    .text               BestFu_10124.lib(delay.o)
    0x0800bafc   0x00000050   Code   RO          735    .text               BestFu_10124.lib(faultmanage.o)
    0x0800bb4c   0x00000296   Code   RO          756    .text               BestFu_10124.lib(fifo.o)
    0x0800bde2   0x00000002   PAD
    0x0800bde4   0x00000098   Code   RO          768    .text               BestFu_10124.lib(linkscanfifo.o)
    0x0800be7c   0x0000014c   Code   RO          802    .text               BestFu_10124.lib(sign433attr.o)
    0x0800bfc8   0x000007e4   Code   RO          842    .text               BestFu_10124.lib(sysexeattr.o)
    0x0800c7ac   0x000002f8   Code   RO          881    .text               BestFu_10124.lib(thread.o)
    0x0800caa4   0x00000214   Code   RO          898    .text               BestFu_10124.lib(unitshare_attr.o)
    0x0800ccb8   0x00000244   Code   RO          917    .text               BestFu_10124.lib(updata.o)
    0x0800cefc   0x000000a4   Code   RO          933    .text               BestFu_10124.lib(upload.o)
    0x0800cfa0   0x000007c4   Code   RO          947    .text               BestFu_10124.lib(userdata.o)
    0x0800d764   0x00000166   Code   RO          996    .text               BestFu_10124.lib(eeprom.o)
    0x0800d8ca   0x00000002   PAD
    0x0800d8cc   0x0000021c   Code   RO         1014    .text               BestFu_10124.lib(flashattr.o)
    0x0800dae8   0x00000248   Code   RO         1028    .text               BestFu_10124.lib(linksrc.o)
    0x0800dd30   0x00000338   Code   RO         1040    .text               BestFu_10124.lib(linkwrdc.o)
    0x0800e068   0x000001d0   Code   RO         1059    .text               BestFu_10124.lib(msgpackage.o)
    0x0800e238   0x0000049c   Code   RO         1075    .text               BestFu_10124.lib(object.o)
    0x0800e6d4   0x00000378   Code   RO         1098    .text               BestFu_10124.lib(scene&group.o)
    0x0800ea4c   0x0000009c   Code   RO         1114    .text               BestFu_10124.lib(sign433.o)
    0x0800eae8   0x00000064   Code   RO         1133    .text               BestFu_10124.lib(systestattr.o)
    0x0800eb4c   0x00000208   Code   RO         1152    .text               BestFu_10124.lib(userdatadownload.o)
    0x0800ed54   0x00000310   Code   RO         1170    .text               BestFu_10124.lib(linksimplest.o)
    0x0800f064   0x00000064   Code   RO         1196    .text               c_w.l(rt_memcpy_w.o)
    0x0800f0c8   0x0000004e   Code   RO         1198    .text               c_w.l(rt_memclr_w.o)
    0x0800f116   0x00000006   Code   RO         1200    .text               c_w.l(heapauxi.o)
    0x0800f11c   0x0000004a   Code   RO         1243    .text               c_w.l(sys_stackheap_outer.o)
    0x0800f166   0x0000000c   Code   RO         1245    .text               c_w.l(exit.o)
    0x0800f172   0x00000002   PAD
    0x0800f174   0x00000008   Code   RO         1253    .text               c_w.l(libspace.o)
    0x0800f17c   0x0000000c   Code   RO         1314    .text               c_w.l(sys_exit.o)
    0x0800f188   0x00000002   Code   RO         1325    .text               c_w.l(use_no_semi.o)
    0x0800f18a   0x00000000   Code   RO         1327    .text               c_w.l(indicate_semi.o)
    0x0800f18a   0x00000002   PAD
    0x0800f18c   0x00000150   Code   RO         1204    x$fpl$dadd          fz_ws.l(daddsub_clz.o)
    0x0800f2dc   0x0000005a   Code   RO         1210    x$fpl$dfixu         fz_ws.l(dfixu.o)
    0x0800f336   0x00000026   Code   RO         1214    x$fpl$dfltu         fz_ws.l(dflt_clz.o)
    0x0800f35c   0x00000154   Code   RO         1220    x$fpl$dmul          fz_ws.l(dmul.o)
    0x0800f4b0   0x0000009c   Code   RO         1223    x$fpl$dnaninf       fz_ws.l(dnaninf.o)
    0x0800f54c   0x0000000c   Code   RO         1225    x$fpl$dretinf       fz_ws.l(dretinf.o)
    0x0800f558   0x000001d4   Code   RO         1206    x$fpl$dsub          fz_ws.l(daddsub_clz.o)
    0x0800f72c   0x00000000   Code   RO         1227    x$fpl$usenofp       fz_ws.l(usenofp.o)
    0x0800f72c   0x0000001e   Data   RO          168    .constdata          si4432.o
    0x0800f74a   0x00000002   PAD
    0x0800f74c   0x00000020   Data   RO          342    .constdata          unitcfg.o
    0x0800f76c   0x00000001   Data   RO          407    .constdata          lark7318.o
    0x0800f76d   0x00000001   PAD
    0x0800f76e   0x00000016   Data   RO          470    .constdata          capacity.o
    0x0800f784   0x0000000c   Data   RO          535    .constdata          voiceplayunit.o
    0x0800f790   0x00000008   Data   RO          557    .constdata          voicerecognition.o
    0x0800f798   0x00000005   Data   RO          576    .constdata          voiceplayattr.o
    0x0800f79d   0x00000003   PAD
    0x0800f7a0   0x000000d0   Data   RO          591    .constdata          voiceexeattr.o
    0x0800f870   0x0000000c   Data   RO          679    .constdata          BestFu_10124.lib(command.o)
    0x0800f87c   0x00000200   Data   RO          700    .constdata          BestFu_10124.lib(crc.o)
    0x0800fa7c   0x00000210   Data   RO          843    .constdata          BestFu_10124.lib(sysexeattr.o)
    0x0800fc8c   0x00000020   Data   RO         1379    Region$$Table       anon$$obj.o


    Execution Region RW_IRAM1 (Base: 0x20000000, Size: 0x00002740, Max: 0x00005000, ABSOLUTE)

    Base Addr    Size         Type   Attr      Idx    E Section Name        Object

    0x20000000   0x00000014   Data   RW            2    .data               system_stm32f10x.o
    0x20000014   0x00000004   Data   RW           63    .data               devicereset.o
    0x20000018   0x00000018   Data   RW          169    .data               si4432.o
    0x20000030   0x00000004   Data   RW          275    .data               systick.o
    0x20000034   0x00000004   Data   RW          289    .data               test.o
    0x20000038   0x00000008   Data   RW          375    .data               key.o
    0x20000040   0x00000004   Data   RW          471    .data               capacity.o
    0x20000044   0x00000002   Data   RW          492    .data               powerstatus.o
    0x20000046   0x00000004   Data   RW          505    .data               pwm.o
    0x2000004a   0x00000009   Data   RW          558    .data               voicerecognition.o
    0x20000053   0x00000002   Data   RW          919    .data               BestFu_10124.lib(updata.o)
    0x20000055   0x00000001   Data   RW          934    .data               BestFu_10124.lib(upload.o)
    0x20000056   0x00000001   Data   RW          949    .data               BestFu_10124.lib(userdata.o)
    0x20000057   0x00000002   Data   RW         1015    .data               BestFu_10124.lib(flashattr.o)
    0x20000059   0x00000003   PAD
    0x2000005c   0x00000005   Data   RW         1077    .data               BestFu_10124.lib(object.o)
    0x20000061   0x00000002   Data   RW         1116    .data               BestFu_10124.lib(sign433.o)
    0x20000063   0x00000001   PAD
    0x20000064   0x00000064   Zero   RW          167    .bss                si4432.o
    0x200000c8   0x00000010   Zero   RW          341    .bss                unitcfg.o
    0x200000d8   0x00000410   Zero   RW          534    .bss                voiceplayunit.o
    0x200004e8   0x0000000b   Zero   RW          556    .bss                voicerecognition.o
    0x200004f3   0x00000009   Zero   RW          590    .bss                voiceexeattr.o
    0x200004fc   0x00000a30   Zero   RW          624    .bss                BestFu_10124.lib(cmdprocess.o)
    0x20000f2c   0x00000090   Zero   RW          769    .bss                BestFu_10124.lib(linkscanfifo.o)
    0x20000fbc   0x00000144   Zero   RW          882    .bss                BestFu_10124.lib(thread.o)
    0x20001100   0x00000110   Zero   RW          918    .bss                BestFu_10124.lib(updata.o)
    0x20001210   0x0000001f   Zero   RW          948    .bss                BestFu_10124.lib(userdata.o)
    0x2000122f   0x00000001   PAD
    0x20001230   0x00000140   Zero   RW         1076    .bss                BestFu_10124.lib(object.o)
    0x20001370   0x00000070   Zero   RW         1115    .bss                BestFu_10124.lib(sign433.o)
    0x200013e0   0x0000008c   Zero   RW         1153    .bss                BestFu_10124.lib(userdatadownload.o)
    0x2000146c   0x00000673   Zero   RW         1171    .bss                BestFu_10124.lib(linksimplest.o)
    0x20001adf   0x00000001   PAD
    0x20001ae0   0x00000060   Zero   RW         1254    .bss                c_w.l(libspace.o)
    0x20001b40   0x00000000   Zero   RW           55    HEAP                startup_stm32f10x_md.o
    0x20001b40   0x00000c00   Zero   RW           54    STACK               startup_stm32f10x_md.o


==============================================================================

Image component sizes


      Code (inc. data)   RO Data    RW Data    ZI Data      Debug   Object Name

       352         12          0          0          0        755   adc.o
       284         20         22          4          0       1612   capacity.o
       132         12          0          4          0       1592   devicereset.o
       500         14          0          0          0       2864   flash.o
       164          8          0          0          0       1781   gpio.o
       992          0          0          0          0       3625   i2c.o
        92          6          0          0          0        834   instruct.o
       332         14          0          8          0       2222   key.o
        76          6          0          0          0        659   keyunit.o
       360         70          1          0          0       2217   lark7318.o
        64         10          0          0          0        515   main.o
       376         52          0          2          0       1390   powerstatus.o
       124          0          0          0          0       1794   program.o
       516         46          0          4          0       2254   pwm.o
      2608        200         30         24        100       9440   si4432.o
       312         16          0          0          0       1025   spi.o
        60         22        236          0       3072        848   startup_stm32f10x_md.o
       372         32          0          0          0       1537   sys.o
        44          6          0          0          0        740   syshard.o
       484         42          0         20          0     212102   system_stm32f10x.o
        92          8          0          4          0       1100   systick.o
        36          6          0          4          0        735   test.o
        60          8         32          0         16       3564   unitcfg.o
       272         18          0          0          0       1743   usart.o
       624        100        208          0          9       5665   voiceexeattr.o
       508         38          5          0          0       3150   voiceplayattr.o
       500         74         12          0       1040       2320   voiceplayunit.o
      1772        138          8          9         11       6711   voicerecognition.o
       116          6          0          0          0       1457   wdg.o

    ----------------------------------------------------------------------
     12224        984        592         83       4248     276251   Object Totals
         0          0         32          0          0          0   (incl. Generated)
         0          0          6          0          0          0   (incl. Padding)

    ----------------------------------------------------------------------

      Code (inc. data)   RO Data    RW Data    ZI Data      Debug   Library Member Name

       256          0          0          0          0       2454   bestfulib.o
       676         62          0          0       2608      10773   cmdprocess.o
       364          8         12          0          0       1768   command.o
       112          4        512          0          0       1651   crc.o
        52          0          0          0          0        684   delay.o
       358          0          0          0          0       1995   eeprom.o
        80          6          0          0          0       1651   faultmanage.o
       662          0          0          0          0       3970   fifo.o
       540         38          0          2          0       2883   flashattr.o
       152         12          0          0        144       2221   linkscanfifo.o
       784         10          0          0       1651       5194   linksimplest.o
       584         34          0          0          0       2129   linksrc.o
       824          4          0          0          0       6296   linkwrdc.o
       464         14          0          0          0       2728   msgpackage.o
      1180         32          0          5        320       4210   object.o
       888          0          0          0          0       2850   scene&group.o
       156          8          0          2        112       2324   sign433.o
       332         14          0          0          0       7524   sign433attr.o
      2020         16        528          0          0      11278   sysexeattr.o
       100         16          0          0          0        754   systestattr.o
       760          4          0          0        324       3132   thread.o
       532         10          0          0          0       2340   unitshare_attr.o
       580         26          0          2        272       3565   updata.o
       164         14          0          1          0       1186   upload.o
      1988         32          0          1         31      12793   userdata.o
       520         44          0          0        140       2461   userdatadownload.o
         8          0          0          0          0         68   __main.o
         0          0          0          0          0          0   __rtentry.o
        12          0          0          0          0          0   __rtentry2.o
         6          0          0          0          0          0   __rtentry4.o
        52          8          0          0          0          0   __scatter.o
        26          0          0          0          0          0   __scatter_copy.o
        28          0          0          0          0          0   __scatter_zi.o
        12          0          0          0          0         72   exit.o
         6          0          0          0          0        152   heapauxi.o
         0          0          0          0          0          0   indicate_semi.o
         2          0          0          0          0          0   libinit.o
         2          0          0          0          0          0   libinit2.o
         2          0          0          0          0          0   libshutdown.o
         2          0          0          0          0          0   libshutdown2.o
         8          4          0          0         96         68   libspace.o
        78          0          0          0          0         80   rt_memclr_w.o
       100          0          0          0          0         80   rt_memcpy_w.o
         2          0          0          0          0          0   rtexit.o
        10          0          0          0          0          0   rtexit2.o
        12          4          0          0          0         68   sys_exit.o
        74          0          0          0          0         80   sys_stackheap_outer.o
         2          0          0          0          0         68   use_no_semi.o
       804         16          0          0          0        272   daddsub_clz.o
        90          4          0          0          0         92   dfixu.o
        38          0          0          0          0         68   dflt_clz.o
       340         12          0          0          0        104   dmul.o
       156          4          0          0          0         92   dnaninf.o
        12          0          0          0          0         68   dretinf.o
         0          0          0          0          0          0   usenofp.o

    ----------------------------------------------------------------------
     17024        460       1052         17       5700     102246   Library Totals
        12          0          0          4          2          0   (incl. Padding)

    ----------------------------------------------------------------------

      Code (inc. data)   RO Data    RW Data    ZI Data      Debug   Library Name

     15128        408       1052         13       5602     100814   BestFu_10124.lib
       444         16          0          0         96        736   c_w.l
      1440         36          0          0          0        696   fz_ws.l

    ----------------------------------------------------------------------
     17024        460       1052         17       5700     102246   Library Totals

    ----------------------------------------------------------------------

==============================================================================


      Code (inc. data)   RO Data    RW Data    ZI Data      Debug   

     29248       1444       1644        100       9948     374177   Grand Totals
     29248       1444       1644        100       9948     374177   ELF Image Totals
     29248       1444       1644        100          0          0   ROM Totals

==============================================================================

    Total RO  Size (Code + RO Data)                30892 (  30.17kB)
    Total RW  Size (RW Data + ZI Data)             10048 (   9.81kB)
    Total ROM Size (Code + RO Data + RW Data)      30992 (  30.27kB)

==============================================================================

