Component: ARM Compiler 5.05 (build 41) Tool: armlink [4d0eb9]

==============================================================================

Section Cross References

    system_stm32f10x.o(.text) refers to system_stm32f10x.o(.data) for SystemCoreClock
    startup_stm32f10x_md.o(STACK) refers (Special) to heapauxi.o(.text) for __use_two_region_memory
    startup_stm32f10x_md.o(HEAP) refers (Special) to heapauxi.o(.text) for __use_two_region_memory
    startup_stm32f10x_md.o(RESET) refers (Special) to heapauxi.o(.text) for __use_two_region_memory
    startup_stm32f10x_md.o(RESET) refers to startup_stm32f10x_md.o(STACK) for __initial_sp
    startup_stm32f10x_md.o(RESET) refers to startup_stm32f10x_md.o(.text) for Reset_Handler
    startup_stm32f10x_md.o(RESET) refers to uart.o(.text) for HardFault_Handler
    startup_stm32f10x_md.o(RESET) refers to systick.o(.text) for SysTick_Handler
    startup_stm32f10x_md.o(RESET) refers to wt558d.o(.text) for EXTI9_5_IRQHandler
    startup_stm32f10x_md.o(RESET) refers to si4432.o(.text) for EXTI15_10_IRQHandler
    startup_stm32f10x_md.o(.text) refers (Special) to heapauxi.o(.text) for __use_two_region_memory
    startup_stm32f10x_md.o(.text) refers to system_stm32f10x.o(.text) for SystemInit
    startup_stm32f10x_md.o(.text) refers to __main.o(!!!main) for __main
    startup_stm32f10x_md.o(.text) refers to startup_stm32f10x_md.o(HEAP) for Heap_Mem
    startup_stm32f10x_md.o(.text) refers to startup_stm32f10x_md.o(STACK) for Stack_Mem
    attrencrypt .o(.text) refers to thread.o(.text) for Thread_Login
    attrencrypt .o(.text) refers to attrencrypt .o(.data) for EncryptFlag
    cmdprocess.o(.text) refers to systick.o(.text) for UpdateRandomTime
    cmdprocess.o(.text) refers to object.o(.text) for ShortObject_Check
    cmdprocess.o(.text) refers to unitcfg.o(.text) for UnitCnt_Get
    cmdprocess.o(.text) refers to upload.o(.text) for Upload
    cmdprocess.o(.text) refers to dlyattrprocess.o(.text) for DlyMsgFilterProcess
    cmdprocess.o(.text) refers to bestfulib.o(.text) for memmove
    cmdprocess.o(.text) refers to command.o(.text) for Get_Encrypt433Flag
    cmdprocess.o(.text) refers to dataencrypt.o(.text) for DecryptData
    cmdprocess.o(.text) refers to instruct.o(.text) for Instruct
    cmdprocess.o(.text) refers to msgpackage.o(.text) for Msg_Feedback
    cmdprocess.o(.text) refers to fifo.o(.text) for fifo_Init
    cmdprocess.o(.text) refers to thread.o(.text) for Thread_Login
    cmdprocess.o(.text) refers to object.o(.data) for DelayID
    cmdprocess.o(.text) refers to userdata.o(.bss) for gSysData
    cmdprocess.o(.text) refers to cmdprocess.o(.bss) for send_433
    cmdprocess.o(.text) refers to unitcfg.o(.constdata) for UnitTab
    cmdprocess.o(.text) refers to unitcfg.o(.bss) for gUnitData
    cmdprocess.o(.text) refers to command.o(.constdata) for TailCMD
    cmdprocess.o(.text) refers to si4432.o(.text) for Si4432_Send
    command.o(.text) refers to updata.o(.text) for Get_433EncryptFlag
    command.o(.text) refers to fifo.o(.text) for fifo_puts
    command.o(.text) refers to crc.o(.text) for ChkCrcValue
    command.o(.text) refers to bestfulib.o(.text) for memmove
    command.o(.text) refers to command.o(.data) for Encrypt433_Flag
    command.o(.text) refers to command.o(.constdata) for HeadCMD
    command.o(.text) refers to dataencrypt.o(.text) for EncryptData
    crc.o(.text) refers to crc.o(.constdata) for CRCTable
    delay.o(.text) refers to wdg.o(.text) for WDG_Feed
    dlyattrprocess.o(.text) refers to unitcfg.o(.text) for UnitCnt_Get
    dlyattrprocess.o(.text) refers to bestfulib.o(.text) for memcpy
    dlyattrprocess.o(.text) refers to timehandle.o(.text) for TransformTimePara
    dlyattrprocess.o(.text) refers to wdg.o(.text) for WDG_Feed
    dlyattrprocess.o(.text) refers to unitcfg.o(.constdata) for UnitTab
    dlyattrprocess.o(.text) refers to dlyattrprocess.o(.data) for pDlyExeNode
    dlyattrprocess.o(.text) refers to thread.o(.text) for Thread_Login
    dlyattrprocess.o(.text) refers to dlyattrprocess.o(.bss) for DlyExeNode
    dlyattrprocess.o(.data) refers to dlyattrprocess.o(.bss) for DlyExeNode
    eeprom.o(.text) refers to i2c.o(.text) for IIC_Read
    eeprom.o(.text) refers to faultmanage.o(.text) for Fault_Upload
    faultmanage.o(.text) refers to upload.o(.text) for Upload_Fault
    faultmanage.o(.text) refers to thread.o(.text) for Thread_Logout
    faultmanage.o(.text) refers to wdg.o(.text) for WDG_FeedOFF
    faultmanage.o(.text) refers to userdata.o(.text) for FaultData_Save
    faultmanage.o(.text) refers to instruct.o(.text) for Instruct_Run
    fifo.o(.text) refers to bestfulib.o(.text) for memcpy
    flashattr.o(.text) refers to wdg.o(.text) for WDG_Feed
    flashattr.o(.text) refers to updata.o(.text) for Updata_Check
    flashattr.o(.text) refers to thread.o(.text) for Thread_Login
    flashattr.o(.text) refers to flashattr.o(.data) for Version
    flashattr.o(.text) refers to si4432.o(.text) for Si4432_Init
[...]
    sendBuf                                  0x200004bc   Data        1024  cmdprocess.o(.bss)
    sendshortBuf                             0x20000b7c   Data         128  cmdprocess.o(.bss)
    .bss                                     0x20000e1c   Section     1025  dlyattrprocess.o(.bss)
    DlyExeNode                               0x20000e1c   Data        1025  dlyattrprocess.o(.bss)
    .bss                                     0x20001220   Section      144  linkscanfifo.o(.bss)
    .bss                                     0x200012b0   Section     1651  linksimplest.o(.bss)
    .bss                                     0x20001923   Section      351  linksimplesttime.o(.bss)
    .bss                                     0x20001a84   Section      320  object.o(.bss)
    .bss                                     0x20001bc4   Section     1056  scene&group.o(.bss)
    .bss                                     0x20001fe4   Section       12  sign433.o(.bss)
    .bss                                     0x20001ff0   Section      324  thread.o(.bss)
    thread                                   0x20001ff0   Data         324  thread.o(.bss)
    .bss                                     0x20002134   Section      272  updata.o(.bss)
    .bss                                     0x20002244   Section      288  upload.o(.bss)
    UploadUnit                               0x20002244   Data         288  upload.o(.bss)
    .bss                                     0x20002364   Section       31  userdata.o(.bss)
    .bss                                     0x20002384   Section      140  userdatadownload.o(.bss)
    .bss                                     0x20002410   Section      100  si4432.o(.bss)
    .bss                                     0x20002474   Section       20  unitcfg.o(.bss)
    .bss                                     0x20002488   Section       21  uart.o(.bss)
    .bss                                     0x2000249d   Section       21  voicerecognition.o(.bss)
    .bss                                     0x200024b2   Section       20  lark7318dataanalyze.o(.bss)
    .bss                                     0x200024c8   Section       96  libspace.o(.bss)
    HEAP                                     0x20002528   Section     3072  startup_stm32f10x_md.o(HEAP)
    Heap_Mem                                 0x20002528   Data        3072  startup_stm32f10x_md.o(HEAP)
    STACK                                    0x20003128   Section     1024  startup_stm32f10x_md.o(STACK)
    Stack_Mem                                0x20003128   Data        1024  startup_stm32f10x_md.o(STACK)
    __initial_sp                             0x20003528   Data           0  startup_stm32f10x_md.o(STACK)

    Global Symbols

    Symbol Name                              Value     Ov Type        Size  Object(Section)

    BuildAttributes$$THM_ISAv4$P$D$K$B$S$PE$A:L22UL41UL21$X:L11$S22US41US21$IEEE1$IW$USESV6$~STKCKD$USESV7$~SHL$OTIME$ROPI$EBA8$UX$STANDARDLIB$REQ8$PRES8$EABIv2 0x00000000   Number         0  anon$$obj.o ABSOLUTE
    __ARM_use_no_argv                        0x00000000   Number         0  main.o ABSOLUTE
    __ARM_exceptions_init                     - Undefined Weak Reference
    __alloca_initialize                       - Undefined Weak Reference
    __arm_preinit_                            - Undefined Weak Reference
    __cpp_initialize__aeabi_                  - Undefined Weak Reference
    __cxa_finalize                            - Undefined Weak Reference
    __rt_locale                               - Undefined Weak Reference
    __sigvec_lookup                           - Undefined Weak Reference
    __user_heap_extent                        - Undefined Weak Reference
    _atexit_init                              - Undefined Weak Reference
    _call_atexit_fns                          - Undefined Weak Reference
    _clock_init                               - Undefined Weak Reference
    _fp_trap_init                             - Undefined Weak Reference
    _fp_trap_shutdown                         - Undefined Weak Reference
    _get_lc_collate                           - Undefined Weak Reference
    _get_lc_ctype                             - Undefined Weak Reference
    _get_lc_monetary                          - Undefined Weak Reference
    _get_lc_numeric                           - Undefined Weak Reference
    _get_lc_time                              - Undefined Weak Reference
    _getenv_init                              - Undefined Weak Reference
    _handle_redirection                       - Undefined Weak Reference
    _initio                                   - Undefined Weak Reference
    _mutex_acquire                            - Undefined Weak Reference
    _mutex_free                               - Undefined Weak Reference
    _mutex_release                            - Undefined Weak Reference
    _rand_init                                - Undefined Weak Reference
    _signal_finish                            - Undefined Weak Reference
    _signal_init                              - Undefined Weak Reference
    _terminateio                              - Undefined Weak Reference
    __Vectors_Size                           0x000000ec   Number         0  startup_stm32f10x_md.o ABSOLUTE
    __Vectors                                0x08000800   Data           4  startup_stm32f10x_md.o(RESET)
    __Vectors_End                            0x080008ec   Data           0  startup_stm32f10x_md.o(RESET)
    __main                                   0x080008ed   Thumb Code     8  __main.o(!!!main)
    __scatterload                            0x080008f5   Thumb Code     0  __scatter.o(!!!scatter)
    __scatterload_rt2                        0x080008f5   Thumb Code    44  __scatter.o(!!!scatter)
    __scatterload_rt2_thumb_only             0x080008f5   Thumb Code     0  __scatter.o(!!!scatter)
    __scatterload_null                       0x08000903   Thumb Code     0  __scatter.o(!!!scatter)
    __scatterload_copy                       0x08000929   Thumb Code    26  __scatter_copy.o(!!handler_copy)
    __scatterload_zeroinit                   0x08000945   Thumb Code    28  __scatter_zi.o(!!handler_zi)
    __rt_lib_init                            0x08000961   Thumb Code     0  libinit.o(.ARM.Collect$$libinit$$00000000)
    __rt_lib_init_fp_1                       0x08000963   Thumb Code     0  libinit2.o(.ARM.Collect$$libinit$$00000002)
    __rt_lib_init_heap_2                     0x08000963   Thumb Code     0  libinit2.o(.ARM.Collect$$libinit$$00000005)
    __rt_lib_init_preinit_1                  0x08000963   Thumb Code     0  libinit2.o(.ARM.Collect$$libinit$$00000004)
    __rt_lib_init_alloca_1                   0x0800096b   Thumb Code     0  libinit2.o(.ARM.Collect$$libinit$$0000002E)
    __rt_lib_init_argv_1                     0x0800096b   Thumb Code     0  libinit2.o(.ARM.Collect$$libinit$$0000002C)
    __rt_lib_init_atexit_1                   0x0800096b   Thumb Code     0  libinit2.o(.ARM.Collect$$libinit$$0000001B)
    __rt_lib_init_clock_1                    0x0800096b   Thumb Code     0  libinit2.o(.ARM.Collect$$libinit$$00000021)
    __rt_lib_init_cpp_1                      0x0800096b   Thumb Code     0  libinit2.o(.ARM.Collect$$libinit$$00000032)
    __rt_lib_init_exceptions_1               0x0800096b   Thumb Code     0  libinit2.o(.ARM.Collect$$libinit$$00000030)
    __rt_lib_init_fp_trap_1                  0x0800096b   Thumb Code     0  libinit2.o(.ARM.Collect$$libinit$$0000001F)
    __rt_lib_init_getenv_1                   0x0800096b   Thumb Code     0  libinit2.o(.ARM.Collect$$libinit$$00000023)
    __rt_lib_init_heap_1                     0x0800096b   Thumb Code     0  libinit2.o(.ARM.Collect$$libinit$$0000000A)
    __rt_lib_init_lc_collate_1               0x0800096b   Thumb Code     0  libinit2.o(.ARM.Collect$$libinit$$00000011)
    __rt_lib_init_lc_ctype_1                 0x0800096b   Thumb Code     0  libinit2.o(.ARM.Collect$$libinit$$00000013)
    __rt_lib_init_lc_monetary_1              0x0800096b   Thumb Code     0  libinit2.o(.ARM.Collect$$libinit$$00000015)
    __rt_lib_init_lc_numeric_1               0x0800096b   Thumb Code     0  libinit2.o(.ARM.Collect$$libinit$$00000017)
    __rt_lib_init_lc_time_1                  0x0800096b   Thumb Code     0  libinit2.o(.ARM.Collect$$libinit$$00000019)
    __rt_lib_init_rand_1                     0x0800096b   Thumb Code     0  libinit2.o(.ARM.Collect$$libinit$$0000000E)
    __rt_lib_init_return                     0x0800096b   Thumb Code     0  libinit2.o(.ARM.Collect$$libinit$$00000033)
    __rt_lib_init_signal_1                   0x0800096b   Thumb Code     0  libinit2.o(.ARM.Collect$$libinit$$0000001D)
    __rt_lib_init_stdio_1                    0x0800096b   Thumb Code     0  libinit2.o(.ARM.Collect$$libinit$$00000025)
    __rt_lib_init_user_alloc_1               0x0800096b   Thumb Code     0  libinit2.o(.ARM.Collect$$libinit$$0000000C)
    __rt_lib_shutdown                        0x0800096d   Thumb Code     0  libshutdown.o(.ARM.Collect$$libshutdown$$00000000)
    __rt_lib_shutdown_fp_trap_1              0x0800096f   Thumb Code     0  libshutdown2.o(.ARM.Collect$$libshutdown$$00000006)
    __rt_lib_shutdown_heap_1                 0x0800096f   Thumb Code     0  libshutdown2.o(.ARM.Collect$$libshutdown$$0000000E)
    __rt_lib_shutdown_return                 0x0800096f   Thumb Code     0  libshutdown2.o(.ARM.Collect$$libshutdown$$0000000F)
    __rt_lib_shutdown_signal_1               0x0800096f   Thumb Code     0  libshutdown2.o(.ARM.Collect$$libshutdown$$00000009)
    __rt_lib_shutdown_stdio_1                0x0800096f   Thumb Code     0  libshutdown2.o(.ARM.Collect$$libshutdown$$00000003)
    __rt_lib_shutdown_user_alloc_1           0x0800096f   Thumb Code     0  libshutdown2.o(.ARM.Collect$$libshutdown$$0000000B)
    __rt_entry                               0x08000971   Thumb Code     0  __rtentry.o(.ARM.Collect$$rtentry$$00000000)
    __rt_entry_presh_1                       0x08000971   Thumb Code     0  __rtentry2.o(.ARM.Collect$$rtentry$$00000002)
    __rt_entry_sh                            0x08000971   Thumb Code     0  __rtentry4.o(.ARM.Collect$$rtentry$$00000004)
    __rt_entry_li                            0x08000977   Thumb Code     0  __rtentry2.o(.ARM.Collect$$rtentry$$0000000A)
    __rt_entry_postsh_1                      0x08000977   Thumb Code     0  __rtentry2.o(.ARM.Collect$$rtentry$$00000009)
    __rt_entry_main                          0x0800097b   Thumb Code     0  __rtentry2.o(.ARM.Collect$$rtentry$$0000000D)
    __rt_entry_postli_1                      0x0800097b   Thumb Code     0  __rtentry2.o(.ARM.Collect$$rtentry$$0000000C)
    __rt_exit                                0x08000983   Thumb Code     0  rtexit.o(.ARM.Collect$$rtexit$$00000000)
    __rt_exit_ls                             0x08000985   Thumb Code     0  rtexit2.o(.ARM.Collect$$rtexit$$00000003)
    __rt_exit_prels_1                        0x08000985   Thumb Code     0  rtexit2.o(.ARM.Collect$$rtexit$$00000002)
    __rt_exit_exit                           0x08000989   Thumb Code     0  rtexit2.o(.ARM.Collect$$rtexit$$00000004)
    _maybe_terminate_alloc                   0x08000991   Thumb Code     0  maybetermalloc1.o(.emb_text)
    SystemInit                               0x08000a6f   Thumb Code    78  system_stm32f10x.o(.text)
    SystemCoreClockUpdate                    0x08000abd   Thumb Code   142  system_stm32f10x.o(.text)
    Reset_Handler                            0x08000b75   Thumb Code     8  startup_stm32f10x_md.o(.text)
    NMI_Handler                              0x08000b7d   Thumb Code     2  startup_stm32f10x_md.o(.text)
    MemManage_Handler                        0x08000b81   Thumb Code     2  startup_stm32f10x_md.o(.text)
    BusFault_Handler                         0x08000b83   Thumb Code     2  startup_stm32f10x_md.o(.text)
    UsageFault_Handler                       0x08000b85   Thumb Code     2  startup_stm32f10x_md.o(.text)
    SVC_Handler                              0x08000b87   Thumb Code     2  startup_stm32f10x_md.o(.text)
    DebugMon_Handler                         0x08000b89   Thumb Code     2  startup_stm32f10x_md.o(.text)
    PendSV_Handler                           0x08000b8b   Thumb Code     2  startup_stm32f10x_md.o(.text)
    ADC1_2_IRQHandler                        0x08000b8f   Thumb Code     0  startup_stm32f10x_md.o(.text)
    CAN1_RX1_IRQHandler                      0x08000b8f   Thumb Code     0  startup_stm32f10x_md.o(.text)
    CAN1_SCE_IRQHandler                      0x08000b8f   Thumb Code     0  startup_stm32f10x_md.o(.text)
    DMA1_Channel1_IRQHandler                 0x08000b8f   Thumb Code     0  startup_stm32f10x_md.o(.text)
    DMA1_Channel2_IRQHandler                 0x08000b8f   Thumb Code     0  startup_stm32f10x_md.o(.text)
    DMA1_Channel3_IRQHandler                 0x08000b8f   Thumb Code     0  startup_stm32f10x_md.o(.text)
    DMA1_Channel4_IRQHandler                 0x08000b8f   Thumb Code     0  startup_stm32f10x_md.o(.text)
    DMA1_Channel5_IRQHandler                 0x08000b8f   Thumb Code     0  startup_stm32f10x_md.o(.text)
    DMA1_Channel6_IRQHandler                 0x08000b8f   Thumb Code     0  startup_stm32f10x_md.o(.text)
    DMA1_Channel7_IRQHandler                 0x08000b8f   Thumb Code     0  startup_stm32f10x_md.o(.text)
    EXTI0_IRQHandler                         0x08000b8f   Thumb Code     0  startup_stm32f10x_md.o(.text)
    EXTI1_IRQHandler                         0x08000b8f   Thumb Code     0  startup_stm32f10x_md.o(.text)
    EXTI2_IRQHandler                         0x08000b8f   Thumb Code     0  startup_stm32f10x_md.o(.text)
    EXTI3_IRQHandler                         0x08000b8f   Thumb Code     0  startup_stm32f10x_md.o(.text)
    EXTI4_IRQHandler                         0x08000b8f   Thumb Code     0  startup_stm32f10x_md.o(.text)
    FLASH_IRQHandler                         0x08000b8f   Thumb Code     0  startup_stm32f10x_md.o(.text)
    I2C1_ER_IRQHandler                       0x08000b8f   Thumb Code     0  startup_stm32f10x_md.o(.text)
    I2C1_EV_IRQHandler                       0x08000b8f   Thumb Code     0  startup_stm32f10x_md.o(.text)
    I2C2_ER_IRQHandler                       0x08000b8f   Thumb Code     0  startup_stm32f10x_md.o(.text)
    I2C2_EV_IRQHandler                       0x08000b8f   Thumb Code     0  startup_stm32f10x_md.o(.text)
    PVD_IRQHandler                           0x08000b8f   Thumb Code     0  startup_stm32f10x_md.o(.text)
    RCC_IRQHandler                           0x08000b8f   Thumb Code     0  startup_stm32f10x_md.o(.text)
    RTCAlarm_IRQHandler                      0x08000b8f   Thumb Code     0  startup_stm32f10x_md.o(.text)
    RTC_IRQHandler                           0x08000b8f   Thumb Code     0  startup_stm32f10x_md.o(.text)
    SPI1_IRQHandler                          0x08000b8f   Thumb Code     0  startup_stm32f10x_md.o(.text)
    SPI2_IRQHandler                          0x08000b8f   Thumb Code     0  startup_stm32f10x_md.o(.text)
    TAMPER_IRQHandler                        0x08000b8f   Thumb Code     0  startup_stm32f10x_md.o(.text)
    TIM1_BRK_IRQHandler                      0x08000b8f   Thumb Code     0  startup_stm32f10x_md.o(.text)
    TIM1_CC_IRQHandler                       0x08000b8f   Thumb Code     0  startup_stm32f10x_md.o(.text)
    TIM1_TRG_COM_IRQHandler                  0x08000b8f   Thumb Code     0  startup_stm32f10x_md.o(.text)
    TIM1_UP_IRQHandler                       0x08000b8f   Thumb Code     0  startup_stm32f10x_md.o(.text)
    TIM2_IRQHandler                          0x08000b8f   Thumb Code     0  startup_stm32f10x_md.o(.text)
    TIM3_IRQHandler                          0x08000b8f   Thumb Code     0  startup_stm32f10x_md.o(.text)
    TIM4_IRQHandler                          0x08000b8f   Thumb Code     0  startup_stm32f10x_md.o(.text)
    USART1_IRQHandler                        0x08000b8f   Thumb Code     0  startup_stm32f10x_md.o(.text)
    USART3_IRQHandler                        0x08000b8f   Thumb Code     0  startup_stm32f10x_md.o(.text)
    USBWakeUp_IRQHandler                     0x08000b8f   Thumb Code     0  startup_stm32f10x_md.o(.text)
    USB_HP_CAN1_TX_IRQHandler                0x08000b8f   Thumb Code     0  startup_stm32f10x_md.o(.text)
    USB_LP_CAN1_RX0_IRQHandler               0x08000b8f   Thumb Code     0  startup_stm32f10x_md.o(.text)
    WWDG_IRQHandler                          0x08000b8f   Thumb Code     0  startup_stm32f10x_md.o(.text)
    __user_initial_stackheap                 0x08000b91   Thumb Code     0  startup_stm32f10x_md.o(.text)
    memcpy                                   0x08000bb5   Thumb Code    28  bestfulib.o(.text)
    memcmp                                   0x08000bd1   Thumb Code    40  bestfulib.o(.text)
    memset                                   0x08000bf9   Thumb Code    18  bestfulib.o(.text)
    memmove                                  0x08000c0b   Thumb Code    58  bestfulib.o(.text)
    memfind                                  0x08000c45   Thumb Code    64  bestfulib.o(.text)
    memcharget                               0x08000c85   Thumb Code    48  bestfulib.o(.text)
    Process_FIFOData                         0x08000cdf   Thumb Code   120  cmdprocess.o(.text)
    Msg_Execute                              0x08000dc5   Thumb Code   248  cmdprocess.o(.text)
    FIFOInit                                 0x08000f5b   Thumb Code   196  cmdprocess.o(.text)
    ProcessSend_Fun                          0x0800101f   Thumb Code     8  cmdprocess.o(.text)
    SignEncrypt_Init                         0x08001089   Thumb Code    12  command.o(.text)
    Get_Encrypt433Flag                       0x08001095   Thumb Code     6  command.o(.text)
    head_put                                 0x0800109b   Thumb Code    16  command.o(.text)
    tail_put                                 0x080010ab   Thumb Code    16  command.o(.text)
    cmd_get                                  0x080010bb   Thumb Code   232  command.o(.text)
    cmd_put                                  0x080011a3   Thumb Code   124  command.o(.text)
    short_get                                0x0800121f   Thumb Code   226  command.o(.text)
    short_put                                0x08001301   Thumb Code   140  command.o(.text)
    EncryptCmd_get                           0x0800138d   Thumb Code   200  command.o(.text)
    EncryptCmd_put                           0x08001455   Thumb Code   168  command.o(.text)
    ChkCrcValue                              0x08001505   Thumb Code    52  crc.o(.text)
    ChkCrcValueEx                            0x08001539   Thumb Code    56  crc.o(.text)
    delay_us                                 0x08001575   Thumb Code    24  delay.o(.text)
    delay_ms                                 0x0800158d   Thumb Code    28  delay.o(.text)
    DlyMsgFilterProcess                      0x0800174d   Thumb Code    50  dlyattrprocess.o(.text)
    CreateBufferNode                         0x08001a87   Thumb Code   214  dlyattrprocess.o(.text)
    DeleteDlyAssMsg                          0x08001b5d   Thumb Code    30  dlyattrprocess.o(.text)
    ReadDataFromEEPROM                       0x08001b8d   Thumb Code   120  eeprom.o(.text)
    WriteDataToEEPROM                        0x08001c05   Thumb Code   120  eeprom.o(.text)
    WriteDataToEEPROMEx                      0x08001c7d   Thumb Code   118  eeprom.o(.text)
    Fault_Upload                             0x08001cf5   Thumb Code    74  faultmanage.o(.text)
    fifo_Init                                0x08001d45   Thumb Code    26  fifo.o(.text)
    fifo_Rst                                 0x08001d5f   Thumb Code    18  fifo.o(.text)
    fifo_empty                               0x08001d71   Thumb Code    18  fifo.o(.text)
    fifo_validSize                           0x08001dc3   Thumb Code    30  fifo.o(.text)
    fifo_puts                                0x08001de1   Thumb Code   106  fifo.o(.text)
    fifo_gets                                0x08001e4b   Thumb Code   124  fifo.o(.text)
    fifo_putc                                0x08001ec7   Thumb Code    60  fifo.o(.text)
    fifo_getc                                0x08001f03   Thumb Code    62  fifo.o(.text)
    fifo_find                                0x08001f41   Thumb Code    92  fifo.o(.text)
    fifo_cmp                                 0x08001f9d   Thumb Code    62  fifo.o(.text)
    Set_IAPReady_Attr                        0x08001fdd   Thumb Code   192  flashattr.o(.text)
    Set_IAPPackSave_Attr                     0x0800209d   Thumb Code    66  flashattr.o(.text)
    Get_IAPPackCheck_Attr                    0x080020df   Thumb Code    66  flashattr.o(.text)
    Set_IAPDataCRC_Attr                      0x08002121   Thumb Code    98  flashattr.o(.text)
    Set_433Channel_Attr                      0x08002183   Thumb Code    70  flashattr.o(.text)
    Get_433Channel_Attr                      0x080021c9   Thumb Code    20  flashattr.o(.text)
    Set_433Encrypt_Attr                      0x080021dd   Thumb Code    64  flashattr.o(.text)
    Get_433Encrypt_Attr                      0x0800221d   Thumb Code    20  flashattr.o(.text)
    PropFifoInit                             0x08002259   Thumb Code    14  linkscanfifo.o(.text)
    PropChangeScanAndExe                     0x08002267   Thumb Code    46  linkscanfifo.o(.text)
    PropEventFifo                            0x08002295   Thumb Code    86  linkscanfifo.o(.text)
    ALinkClr                                 0x080022f9   Thumb Code    62  linksimplest.o(.text)
    ALinkInit                                0x08002337   Thumb Code    62  linksimplest.o(.text)
    ChkALinkIsExist                          0x08002375   Thumb Code    90  linksimplest.o(.text)
    GetALinkNum                              0x080023cf   Thumb Code    80  linksimplest.o(.text)
    QueryALink                               0x0800241f   Thumb Code    50  linksimplest.o(.text)
    CheckALinkFull                           0x08002451   Thumb Code    18  linksimplest.o(.text)
    ReadALink                                0x08002463   Thumb Code    50  linksimplest.o(.text)
    WriteALink                               0x08002495   Thumb Code   148  linksimplest.o(.text)
    DelALink                                 0x08002529   Thumb Code   234  linksimplest.o(.text)
    AllALinkTimeClr                          0x0800261d   Thumb Code    42  linksimplesttime.o(.text)
    ALinkTimeInit                            0x08002647   Thumb Code    42  linksimplesttime.o(.text)
    QueryALinkTime                           0x08002671   Thumb Code    50  linksimplesttime.o(.text)
    DelALinkTime                             0x080026a3   Thumb Code   234  linksimplesttime.o(.text)
    WriteALinkTime                           0x0800278d   Thumb Code   134  linksimplesttime.o(.text)
    ReadALinkTime                            0x08002813   Thumb Code    34  linksimplesttime.o(.text)
    AddALinkTimeCmdX1                        0x08002835   Thumb Code    74  linksimplesttime.o(.text)
    WriteALinkTimeToTable                    0x0800287f   Thumb Code    42  linksimplesttime.o(.text)
    DelALinkTimeFromTable                    0x080028a9   Thumb Code    12  linksimplesttime.o(.text)
    LinkInit                                 0x080028bd   Thumb Code     8  linksrc.o(.text)
    LinkClr                                  0x080028c5   Thumb Code     8  linksrc.o(.text)
    CmpSampAndLinkValue                      0x080028cd   Thumb Code   130  linksrc.o(.text)
    GetConditionReverse                      0x0800294f   Thumb Code    56  linksrc.o(.text)
    GetConditionOffset                       0x08002987   Thumb Code    78  linksrc.o(.text)
    LinkSrcExe                               0x080029d5   Thumb Code   436  linksrc.o(.text)
    CheckLinkFull                            0x08002b8d   Thumb Code    18  linkwrdc.o(.text)
    QueryLink                                0x08002b9f   Thumb Code    22  linkwrdc.o(.text)
    QueryAllLinkFromTable                    0x08002bb5   Thumb Code    64  linkwrdc.o(.text)
    ReadLinkFromTable                        0x08002bf5   Thumb Code    34  linkwrdc.o(.text)
    WriteLinkToTable                         0x08002c17   Thumb Code    62  linkwrdc.o(.text)
    DelAllLinkFromTable                      0x08002c55   Thumb Code    46  linkwrdc.o(.text)
    DelLinkFromTable                         0x08002c83   Thumb Code    30  linkwrdc.o(.text)
    ChkLinkIsExist                           0x08002ca1   Thumb Code    26  linkwrdc.o(.text)
    GetLinkNum                               0x08002cbb   Thumb Code    22  linkwrdc.o(.text)
    WriteLinkItem                            0x08002cd1   Thumb Code   118  linkwrdc.o(.text)
    ModifyLinkItem                           0x08002d47   Thumb Code    76  linkwrdc.o(.text)
    ReadLinkItem                             0x08002d93   Thumb Code   108  linkwrdc.o(.text)
    QueryLinkItem                            0x08002dff   Thumb Code    56  linkwrdc.o(.text)
    DelLinkItem                              0x08002e37   Thumb Code    68  linkwrdc.o(.text)
    WriteLinkItemEx                          0x08002e7b   Thumb Code   180  linkwrdc.o(.text)
    ModifyLinkItemEx                         0x08002f2f   Thumb Code   138  linkwrdc.o(.text)
    DelLinkForUnit                           0x08002fb9   Thumb Code   140  linkwrdc.o(.text)
    DelLinkForPropIDandVal                   0x08003045   Thumb Code    84  linkwrdc.o(.text)
    SaveSerialNum                            0x0800309d   Thumb Code    12  msgpackage.o(.text)
    Msg_Feedback                             0x080030fd   Thumb Code    78  msgpackage.o(.text)
    Msg_UploadUnit                           0x08003195   Thumb Code    62  msgpackage.o(.text)
    Msg_Upload                               0x080031d3   Thumb Code    58  msgpackage.o(.text)
    Msg_Send                                 0x0800320d   Thumb Code    68  msgpackage.o(.text)
    Check_Area                               0x08003265   Thumb Code   112  object.o(.text)
    Check_AreaEx                             0x080032d5   Thumb Code    40  object.o(.text)
    Check_BandAddr                           0x080032fd   Thumb Code   116  object.o(.text)
    Object_Check                             0x0800342b   Thumb Code  1348  object.o(.text)
    ShortObject_Check                        0x08003999   Thumb Code    90  object.o(.text)
    SaveScene                                0x08003a05   Thumb Code    42  scene&group.o(.text)
    SceneBufInit                             0x08003a2f   Thumb Code   102  scene&group.o(.text)
    FindScene                                0x08003a95   Thumb Code    62  scene&group.o(.text)
    DelOneScene                              0x08003ad3   Thumb Code   154  scene&group.o(.text)
    Set_Scene_Attr                           0x08003b6d   Thumb Code   434  scene&group.o(.text)
    Get_Scene_Attr                           0x08003d1f   Thumb Code   110  scene&group.o(.text)
    Set_Group_Attr                           0x08003d8d   Thumb Code   382  scene&group.o(.text)
    Get_Group_Attr                           0x08003f0b   Thumb Code    94  scene&group.o(.text)
    Sign433_SendTestFrame                    0x08003f69   Thumb Code    78  sign433.o(.text)
    Sign433_SendTestFrameStream              0x08003fb7   Thumb Code    28  sign433.o(.text)
    ClearRecTestStatus                       0x08003fd3   Thumb Code    10  sign433.o(.text)
    Sign433_SendTestReport                   0x08003fdd   Thumb Code    54  sign433.o(.text)
    Set_Sign433_StartSendFrame_Attr          0x0800401d   Thumb Code    70  sign433attr.o(.text)
    Get_Sign433_MasterAddr                   0x08004063   Thumb Code     6  sign433attr.o(.text)
    Get_Sign433_TestPackNum                  0x08004069   Thumb Code     6  sign433attr.o(.text)
    Get_Sign433_StartSendFrame_Attr          0x0800406f   Thumb Code    46  sign433attr.o(.text)
    Set_Sign433_StartRecFrame_Attr           0x0800409d   Thumb Code   100  sign433attr.o(.text)
    Get_Sign433_StartRecFrame_Attr           0x08004101   Thumb Code    46  sign433attr.o(.text)
    Set_Sign433_RecFrameStream_Attr          0x0800412f   Thumb Code    66  sign433attr.o(.text)
    Get_DeviceThreshold_Attr                 0x08004171   Thumb Code    22  sign433attr.o(.text)
    Set_Sign433_TestState_Attr               0x08004187   Thumb Code    20  sign433attr.o(.text)
    Get_Sign433_TestState_Attr               0x0800419b   Thumb Code    16  sign433attr.o(.text)
    Sys_UnitAttrNum                          0x080041c5   Thumb Code     4  sysexeattr.o(.text)
    Upload_RESTART                           0x080041c9   Thumb Code    10  sysexeattr.o(.text)
    SysAttr_Init                             0x080041d3   Thumb Code    66  sysexeattr.o(.text)
    Get_Version_Attr                         0x08004215   Thumb Code   104  sysexeattr.o(.text)
    Get_DeviceType_Attr                      0x0800427d   Thumb Code    76  sysexeattr.o(.text)
    Set_UserID_Attr                          0x080042c9   Thumb Code    44  sysexeattr.o(.text)
    Get_UserID_Attr                          0x080042f5   Thumb Code    18  sysexeattr.o(.text)
    Get_DeviceAddr_Attr                      0x08004307   Thumb Code    18  sysexeattr.o(.text)
    Set_CmdAckNum_Attr                       0x08004319   Thumb Code    44  sysexeattr.o(.text)
    Get_CmdAckNum_Attr                       0x08004345   Thumb Code    16  sysexeattr.o(.text)
    Set_RepeatBandAddr_Attr                  0x08004355   Thumb Code   138  sysexeattr.o(.text)
    Get_RepeatBandAddr_Attr                  0x080043df   Thumb Code   138  sysexeattr.o(.text)
    Set_RepeatBroadcast_Attr                 0x08004469   Thumb Code    38  sysexeattr.o(.text)
    Get_RepeatBroadcast_Attr                 0x0800448f   Thumb Code    24  sysexeattr.o(.text)
    Set_UnitArea_Attr                        0x080044a7   Thumb Code   126  sysexeattr.o(.text)
    Get_UnitArea_Attr                        0x08004525   Thumb Code   108  sysexeattr.o(.text)
    Set_UnitType_Attr                        0x08004591   Thumb Code   148  sysexeattr.o(.text)
    Get_UnitType_Attr                        0x08004625   Thumb Code   112  sysexeattr.o(.text)
    Set_CommonType_Attr                      0x08004695   Thumb Code   134  sysexeattr.o(.text)
    Get_CommonType_Attr                      0x0800471b   Thumb Code   112  sysexeattr.o(.text)
    Set_UploadAble_Attr                      0x0800478b   Thumb Code   164  sysexeattr.o(.text)
    Get_UploadAble_Attr                      0x0800482f   Thumb Code   144  sysexeattr.o(.text)
    Set_UnitAble_Attr                        0x080048bf   Thumb Code   134  sysexeattr.o(.text)
    Get_UnitAble_Attr                        0x08004945   Thumb Code   112  sysexeattr.o(.text)
    Get_Eeprom_Info_Attr                     0x080049b5   Thumb Code    88  sysexeattr.o(.text)
    Set_FaultFlag_Attr                       0x08004a0d   Thumb Code    36  sysexeattr.o(.text)
    Get_FaultFlag_Attr                       0x08004a31   Thumb Code    20  sysexeattr.o(.text)
    Set_UserDataFormat_Attr                  0x08004a45   Thumb Code    94  sysexeattr.o(.text)
    Set_DelayUpload_Attr                     0x08004aa3   Thumb Code    52  sysexeattr.o(.text)
    Set_Link_Attr                            0x08004ad7   Thumb Code    98  sysexeattr.o(.text)
    Get_Link_Attr                            0x08004b39   Thumb Code    68  sysexeattr.o(.text)
    Set_Link_Time_Attr                       0x08004b7d   Thumb Code    98  sysexeattr.o(.text)
    Set_DelLinkForUnit_Attr                  0x08004bdf   Thumb Code    40  sysexeattr.o(.text)
    Get_ResetAddr_Attr                       0x08004c07   Thumb Code   124  sysexeattr.o(.text)
    Set_ResetAddr_Attr                       0x08004c83   Thumb Code   276  sysexeattr.o(.text)
    SI4432Test_Fail                          0x08004db5   Thumb Code    16  systestattr.o(.text)
    SI4432Test_Attr                          0x08004dc5   Thumb Code    68  systestattr.o(.text)
    Thread_Init                              0x08004e19   Thumb Code     8  thread.o(.text)
    Thread_Wake                              0x08004e49   Thumb Code   132  thread.o(.text)
    Thread_Login                             0x08004ecd   Thumb Code   228  thread.o(.text)
    Thread_Logout                            0x08004fb1   Thumb Code    94  thread.o(.text)
    Thread_Hang                              0x0800500f   Thumb Code   108  thread.o(.text)
    Thread_Process                           0x0800507b   Thumb Code   106  thread.o(.text)
    Thread_RunCheck                          0x080050e5   Thumb Code    44  thread.o(.text)
    Thread_Query                             0x08005111   Thumb Code    48  thread.o(.text)
    TransformTimePara                        0x08005145   Thumb Code   198  timehandle.o(.text)
    CheckTimeParaIsZero                      0x0800528d   Thumb Code    18  timehandle.o(.text)
    CheckAllTimeParaIsOK                     0x080052dd   Thumb Code    40  timehandle.o(.text)
    Set_ManyUnit_Attr                        0x08005305   Thumb Code   102  unitshare_attr.o(.text)
    Set_ManyUnitEx_Attr                      0x0800536b   Thumb Code    94  unitshare_attr.o(.text)
    Get_ManyUnit_Attr                        0x080053c9   Thumb Code   322  unitshare_attr.o(.text)
    Set_UnitChecking_Attr                    0x0800550b   Thumb Code   126  unitshare_attr.o(.text)
    Get_SingleUnit_AttrLen                   0x08005589   Thumb Code   110  unitshare_attr.o(.text)
    Updata_Check                             0x08005601   Thumb Code    22  updata.o(.text)
    Updata_Ready                             0x08005617   Thumb Code   142  updata.o(.text)
    Updata_PackProcess                       0x080056a5   Thumb Code   100  updata.o(.text)
    Updata_PackCheck                         0x08005709   Thumb Code    76  updata.o(.text)
    Updata_Calibrate                         0x08005755   Thumb Code    30  updata.o(.text)
    Updata_Channel                           0x08005773   Thumb Code   100  updata.o(.text)
    Channel_Get                              0x080057d7   Thumb Code    54  updata.o(.text)
    Updata_Flag                              0x0800580d   Thumb Code    38  updata.o(.text)
    Updata_433EncryptFlag                    0x08005833   Thumb Code   108  updata.o(.text)
    Get_433EncryptFlag                       0x0800589f   Thumb Code    62  updata.o(.text)
    Upload_Fault                             0x080059af   Thumb Code    50  upload.o(.text)
    Upload_Check                             0x080059e1   Thumb Code   170  upload.o(.text)
    Upload                                   0x08005a8b   Thumb Code   152  upload.o(.text)
    Upload_Immediately                       0x08005b23   Thumb Code    80  upload.o(.text)
    SysTickUpload                            0x08005b73   Thumb Code    64  upload.o(.text)
    SceneEEPROM_Init                         0x08005c21   Thumb Code    58  userdata.o(.text)
    GroupEEPROMUnit_Init                     0x08005c5b   Thumb Code    54  userdata.o(.text)
    GroupEEPROM_Init                         0x08005c91   Thumb Code    26  userdata.o(.text)
    UnitPrivateEEPROMUnitData_Init           0x08005cab   Thumb Code    36  userdata.o(.text)
    UnitPrivateEEPROMData_Init               0x08005ccf   Thumb Code    26  userdata.o(.text)
    UnitPublicEEPROMUnitData_Init            0x08005ce9   Thumb Code   102  userdata.o(.text)
    UnitPublicEEPROMData_Init                0x08005d4f   Thumb Code    26  userdata.o(.text)
    SysEEPROMData_Init                       0x08005d69   Thumb Code    58  userdata.o(.text)
    UserEEPROMData_Init                      0x08005da3   Thumb Code    54  userdata.o(.text)
    FaultData_Init                           0x08005dd9   Thumb Code    14  userdata.o(.text)
    UserData_Init                            0x08005de7   Thumb Code    92  userdata.o(.text)
    FaultData_Save                           0x08005e43   Thumb Code    32  userdata.o(.text)
    FaultData_Get                            0x08005e63   Thumb Code    22  userdata.o(.text)
    SysEEPROMData_Set                        0x08005e79   Thumb Code    24  userdata.o(.text)
    UnitPublicEEPROMData_Get                 0x08005e91   Thumb Code    40  userdata.o(.text)
    UnitPublicEEPROMData_Set                 0x08005eb9   Thumb Code    48  userdata.o(.text)
    GroupEEPROM_Clr                          0x08005ee9   Thumb Code   470  userdata.o(.text)
    GroupEEPROM_Set                          0x080060bf   Thumb Code   314  userdata.o(.text)
    GroupEEPROM_Get                          0x080061f9   Thumb Code   176  userdata.o(.text)
    SceneEEPROMUnit_Init                     0x080062fb   Thumb Code   144  userdata.o(.text)
    SceneEEPROM_Clr                          0x080063bf   Thumb Code    54  userdata.o(.text)
    CheckSceneTimeData                       0x080063f5   Thumb Code    36  userdata.o(.text)
    SceneEEPROM_Set                          0x08006507   Thumb Code   184  userdata.o(.text)
    CheckSceneDlyTimeEEPROM                  0x080065bf   Thumb Code   394  userdata.o(.text)
    SceneEEPROM_SetEx                        0x0800685f   Thumb Code   200  userdata.o(.text)
    SceneEEPROM_Get                          0x08006927   Thumb Code    52  userdata.o(.text)
    SceneEEPROM_GetEx                        0x0800695b   Thumb Code   202  userdata.o(.text)
    EEPROM_Write                             0x08006a25   Thumb Code    46  userdata.o(.text)
    EEPROM_Read                              0x08006a53   Thumb Code    46  userdata.o(.text)
    UserDataDownload_Init                    0x08006a81   Thumb Code    20  userdatadownload.o(.text)
    UserDataDownload_Ready                   0x08006a95   Thumb Code   244  userdatadownload.o(.text)
    UserDataFrame_Save                       0x08006b89   Thumb Code   134  userdatadownload.o(.text)
    UserDataFrame_Check                      0x08006c0f   Thumb Code    78  userdatadownload.o(.text)
    DeviceResetCheck_Init                    0x08006cdd   Thumb Code    36  devicereset.o(.text)
    Flash_Unlock                             0x08006d0d   Thumb Code    12  flash.o(.text)
    Flash_lock                               0x08006d19   Thumb Code    14  flash.o(.text)
    FLASH_ErasePage                          0x08006d71   Thumb Code    74  flash.o(.text)
    Flash_ProgramHalfWord                    0x08006dbb   Thumb Code    68  flash.o(.text)
    Flash_Write                              0x08006dff   Thumb Code    90  flash.o(.text)
    Flash_EraseOptionByte                    0x08006e59   Thumb Code    74  flash.o(.text)
    Flash_WriteOptionByte                    0x08006ea3   Thumb Code    80  flash.o(.text)
    Get_UniqueDeviceID                       0x08006ef3   Thumb Code    24  flash.o(.text)
    GPIOx_Cfg                                0x08006f1d   Thumb Code    92  gpio.o(.text)
    GPIOx_Set                                0x08006f79   Thumb Code    22  gpio.o(.text)
    GPIOx_Rst                                0x08006f8f   Thumb Code    14  gpio.o(.text)
    GPIOx_Rvrs                               0x08006f9d   Thumb Code    14  gpio.o(.text)
    GPIOx_Get                                0x08006fab   Thumb Code    14  gpio.o(.text)
    I2C_Init                                 0x08006fdb   Thumb Code    42  i2c.o(.text)
    IIC_GetState                             0x08007255   Thumb Code    40  i2c.o(.text)
    IIC_Read                                 0x0800727d   Thumb Code   102  i2c.o(.text)
    IIC_Write                                0x080072e3   Thumb Code    96  i2c.o(.text)
    IIC_WriteSame                            0x08007343   Thumb Code    94  i2c.o(.text)
    Instruct_Run                             0x080073af   Thumb Code    26  instruct.o(.text)
    Instruct_Init                            0x080073c9   Thumb Code    28  instruct.o(.text)
    Instruct                                 0x080073e5   Thumb Code    18  instruct.o(.text)
    Program_Erase                            0x080073fd   Thumb Code    52  program.o(.text)
    Program_Write                            0x08007431   Thumb Code    44  program.o(.text)
    Program_Read                             0x0800745d   Thumb Code    22  program.o(.text)
    Program_Read_Ext                         0x08007473   Thumb Code    26  program.o(.text)
    Program_Write_Ext                        0x0800748d   Thumb Code   242  program.o(.text)
    FlashEncryptionInit                      0x0800757f   Thumb Code   114  program.o(.text)
    Flash_DefaultValue                       0x080075f1   Thumb Code     6  program.o(.text)
    SetRecTestStatus                         0x08007611   Thumb Code    14  si4432.o(.text)
    GetRSSIPara                              0x0800761f   Thumb Code     4  si4432.o(.text)
    GetThresholdPara                         0x08007623   Thumb Code     6  si4432.o(.text)
    Si4432_Idle                              0x0800772d   Thumb Code    70  si4432.o(.text)
    Si4432_Init                              0x080078a9   Thumb Code   706  si4432.o(.text)
    EXTI15_10_IRQHandler                     0x08007e6b   Thumb Code    62  si4432.o(.text)
    Si4432_Send                              0x08007f4d   Thumb Code    80  si4432.o(.text)
    SPI2_ReadWriteByte                       0x08007fb9   Thumb Code    86  spi.o(.text)
    SPI2_Init                                0x0800800f   Thumb Code   166  spi.o(.text)
    SPI2_SetSpeed                            0x080080b5   Thumb Code    44  spi.o(.text)
    MY_NVIC_SetVectorTable                   0x080080f1   Thumb Code    12  sys.o(.text)
    MY_NVIC_PriorityGroupConfig              0x080080fd   Thumb Code    36  sys.o(.text)
    MY_NVIC_Init                             0x08008121   Thumb Code   146  sys.o(.text)
    Ex_NVIC_Config                           0x080081b3   Thumb Code   146  sys.o(.text)
    JTAG_Set                                 0x08008245   Thumb Code    42  sys.o(.text)
    SysHard_Init                             0x08008291   Thumb Code    40  syshard.o(.text)
    HardID_Check                             0x080082b9   Thumb Code   122  syshard.o(.text)
    HardID_Change                            0x08008333   Thumb Code    96  syshard.o(.text)
    SysTick_Init                             0x080083a5   Thumb Code    42  systick.o(.text)
    Time_Get                                 0x080083cf   Thumb Code     6  systick.o(.text)
    UpdateRandomTime                         0x080083d5   Thumb Code    10  systick.o(.text)
    GetRandomTime                            0x080083df   Thumb Code     6  systick.o(.text)
    SysTick_Handler                          0x080083e5   Thumb Code    34  systick.o(.text)
    Test_Init                                0x08008415   Thumb Code    30  test.o(.text)
    WDG_Feed                                 0x08008439   Thumb Code    20  wdg.o(.text)
    WDG_Init                                 0x0800844d   Thumb Code    60  wdg.o(.text)
    WDG_FeedOFF                              0x08008489   Thumb Code    12  wdg.o(.text)
    HardWDGTest_Attr                         0x08008495   Thumb Code    18  wdg.o(.text)
    FlashSizeFlagInit                        0x080084ad   Thumb Code    10  flashsizeflag.o(.text)
    main                                     0x080084bd   Thumb Code    58  main.o(.text)
    UnitCnt_Get                              0x08008501   Thumb Code     4  unitcfg.o(.text)
    Unit_Init                                0x08008505   Thumb Code    52  unitcfg.o(.text)
    Key_Init                                 0x08008541   Thumb Code    64  key.o(.text)
    Key_ValueGet                             0x08008581   Thumb Code    62  key.o(.text)
    Key_StatusChange                         0x080085bf   Thumb Code    64  key.o(.text)
    Key_Scan                                 0x080085ff   Thumb Code   128  key.o(.text)
    LED_Init                                 0x0800868d   Thumb Code    40  led.o(.text)
    LED_RedOff                               0x080086b5   Thumb Code    12  led.o(.text)
    LED_RedOn                                0x080086c1   Thumb Code    12  led.o(.text)
    LED_GreenOff                             0x080086cd   Thumb Code    12  led.o(.text)
    LED_GreenOn                              0x080086d9   Thumb Code    12  led.o(.text)
    LED_Light                                0x080086e5   Thumb Code    12  led.o(.text)
    LED_Drown                                0x080086f1   Thumb Code    12  led.o(.text)
    ADC_Init                                 0x080086fd   Thumb Code   272  adc.o(.text)
    ADC_Get                                  0x0800880d   Thumb Code    68  adc.o(.text)
    Capacity_Check                           0x0800885d   Thumb Code   242  capacity.o(.text)
    Capacity_Init                            0x0800894f   Thumb Code    22  capacity.o(.text)
    PowerStatus_Init                         0x08008979   Thumb Code    54  powerstatus.o(.text)
    Dormancy                                 0x080089af   Thumb Code    12  powerstatus.o(.text)
    ImmediatelyDormancy                      0x080089bb   Thumb Code    26  powerstatus.o(.text)
    VoiceDormancy                            0x080089d5   Thumb Code    24  powerstatus.o(.text)
    PowerDownCountReset                      0x080089ed   Thumb Code    78  powerstatus.o(.text)
    PowerStatus_Get                          0x08008a3b   Thumb Code   118  powerstatus.o(.text)
    ActivateVoice                            0x08008ab1   Thumb Code    12  powerstatus.o(.text)
    PWM_Init                                 0x08008ad1   Thumb Code   104  pwm.o(.text)
    LED_State                                0x08008bf5   Thumb Code   180  pwm.o(.text)
    LED_RatioSet                             0x08008ca9   Thumb Code    10  pwm.o(.text)
    UART_Init                                0x08008cd5   Thumb Code   112  uart.o(.text)
    UART_Write                               0x08008d45   Thumb Code    50  uart.o(.text)
    UART_Send                                0x08008d77   Thumb Code    32  uart.o(.text)
    USART2_IRQHandler                        0x08008d97   Thumb Code    44  uart.o(.text)
    UartRcvProcess                           0x08008dc3   Thumb Code    86  uart.o(.text)
    HardFault_Handler                        0x08008e19   Thumb Code    16  uart.o(.text)
    WT588D_PinInit                           0x08008e49   Thumb Code   190  wt558d.o(.text)
    Set_WT588D_Cmd                           0x08008f07   Thumb Code     6  wt558d.o(.text)
    Check_WT588D_State                       0x08008f0d   Thumb Code    22  wt558d.o(.text)
    Send_WT588D_Cmd                          0x08008f23   Thumb Code   130  wt558d.o(.text)
    Send_WT588D_Cmd_To_OK                    0x08008fa5   Thumb Code    38  wt558d.o(.text)
    Set_WT588D_Volume                        0x08008fcb   Thumb Code    28  wt558d.o(.text)
    WT588D_Report                            0x08008fe7   Thumb Code    48  wt558d.o(.text)
    EXTI9_5_IRQHandler                       0x08009017   Thumb Code    40  wt558d.o(.text)
    Key_process                              0x08009055   Thumb Code    58  keyunit.o(.text)
    KeyUnit_Init                             0x0800908f   Thumb Code    22  keyunit.o(.text)
    WorkModeFun                              0x080090a5   Thumb Code   248  keyunit.o(.text)
    voiceUnit_Init                           0x080091b1   Thumb Code     2  voiceplayunit.o(.text)
    UnitInstruct                             0x080091b3   Thumb Code     6  voiceplayunit.o(.text)
    Voice_Reset                              0x080091b9   Thumb Code     2  voicerecognition.o(.text)
    VoiceSet                                 0x080091bb   Thumb Code    44  voicerecognition.o(.text)
    Voice_SetSave                            0x080091e7   Thumb Code    16  voicerecognition.o(.text)
    Voice_SetInit                            0x080091f7   Thumb Code    74  voicerecognition.o(.text)
    Voice_Init                               0x08009241   Thumb Code   150  voicerecognition.o(.text)
    VoiceRecognition_Init                    0x080092d7   Thumb Code    40  voicerecognition.o(.text)
    Voice_StopVoice                          0x080092ff   Thumb Code    20  voicerecognition.o(.text)
    WakeThread                               0x08009313   Thumb Code    32  voicerecognition.o(.text)
    VoiceCmdUpdata                           0x08009333   Thumb Code   234  voicerecognition.o(.text)
    Voice_DataEarse                          0x0800941d   Thumb Code   116  voicerecognition.o(.text)
    Voice_CmdUpdata                          0x08009491   Thumb Code   108  voicerecognition.o(.text)
    Voice_CmdAdd                             0x080094fd   Thumb Code   138  voicerecognition.o(.text)
    Voice_CmdDel                             0x08009587   Thumb Code   288  voicerecognition.o(.text)
    Voice_Reset_Cmd                          0x080096a7   Thumb Code     2  voicerecognition.o(.text)
    Voice_Disable                            0x080096a9   Thumb Code     8  voicerecognition.o(.text)
    StartRecognition                         0x080096b1   Thumb Code    44  voicerecognition.o(.text)
    voice_play_Init                          0x080096f1   Thumb Code     2  voiceplayattr.o(.text)
    Set_VoicePlay_Attr                       0x080096f3   Thumb Code    84  voiceplayattr.o(.text)
    Set_StopPlay_Attr                        0x08009747   Thumb Code     6  voiceplayattr.o(.text)
    VoiceSperkers                            0x0800974d   Thumb Code     6  voiceplayattr.o(.text)
    Set_Speakers_Attr                        0x08009753   Thumb Code    32  voiceplayattr.o(.text)
    Get_Speakers_Attr                        0x08009773   Thumb Code    16  voiceplayattr.o(.text)
    VoicePlayState                           0x08009783   Thumb Code    10  voiceplayattr.o(.text)
    Set_VoicePlayState_Attr                  0x0800978d   Thumb Code    48  voiceplayattr.o(.text)
    Get_VoicePlayState_Attr                  0x080097bd   Thumb Code    28  voiceplayattr.o(.text)
    VoiceExe_AttrNum                         0x080097e1   Thumb Code     4  voiceexeattr.o(.text)
    VoiceParaInit                            0x080097e5   Thumb Code    42  voiceexeattr.o(.text)
    VoiceEepromInit                          0x0800980f   Thumb Code     2  voiceexeattr.o(.text)
    Set_VoiceCmdAdd_Attr                     0x08009811   Thumb Code    30  voiceexeattr.o(.text)
    Set_VoiceCmdDel_Attr                     0x0800982f   Thumb Code    12  voiceexeattr.o(.text)
    Get_VoiceID_Attr                         0x0800983b   Thumb Code    16  voiceexeattr.o(.text)
    Set_VoiceSenstivity_Attr                 0x0800984b   Thumb Code    28  voiceexeattr.o(.text)
    Get_VoiceSenstivity_Attr                 0x08009867   Thumb Code    34  voiceexeattr.o(.text)
    Set_VoiceLead_Attr                       0x08009889   Thumb Code    30  voiceexeattr.o(.text)
    Get_VoiceLead_Attr                       0x080098a7   Thumb Code    58  voiceexeattr.o(.text)
    Set_WorkMode_Attr                        0x080098e1   Thumb Code    74  voiceexeattr.o(.text)
    Get_WorkMode_Attr                        0x0800992b   Thumb Code    34  voiceexeattr.o(.text)
    Set_DormancyTime_Attr                    0x0800994d   Thumb Code    32  voiceexeattr.o(.text)
    Get_DormancyTime_Attr                    0x0800996d   Thumb Code    16  voiceexeattr.o(.text)
    Get_Power_Attr                           0x0800997d   Thumb Code    28  voiceexeattr.o(.text)
    Get_Cap_Attr                             0x08009999   Thumb Code    30  voiceexeattr.o(.text)
    QueryDataAndSendToSYN7318                0x080099c9   Thumb Code   138  lark7318dataanalyze.o(.text)
    QueryStateSYN7318                        0x08009a53   Thumb Code    20  lark7318dataanalyze.o(.text)
    SYN7318Prepare                           0x08009a67   Thumb Code   102  lark7318dataanalyze.o(.text)
    CompareData                              0x08009acd   Thumb Code    34  lark7318dataanalyze.o(.text)
    AnalyzeRcvData                           0x08009aef   Thumb Code   854  lark7318dataanalyze.o(.text)
    SYN7318Init                              0x08009e45   Thumb Code   100  lark7318dataanalyze.o(.text)
    ResetRecogintionTimeOutCnt               0x08009ea9   Thumb Code     8  lark7318dataanalyze.o(.text)
    SaveData_SYN7318                         0x08009ecd   Thumb Code    92  lark7318buf.o(.text)
    GetDataFromChain                         0x08009f29   Thumb Code   186  lark7318buf.o(.text)
    ClrItemFromBuf                           0x08009fe3   Thumb Code    24  lark7318buf.o(.text)
    EncryptData                              0x0800a2e3   Thumb Code    80  dataencrypt.o(.text)
    DecryptData                              0x0800a333   Thumb Code    86  dataencrypt.o(.text)
    EncryptInit                              0x0800a389   Thumb Code    32  dataencrypt.o(.text)
    malloc                                   0x0800a3c1   Thumb Code    94  h1_alloc.o(.text)
    free                                     0x0800a41f   Thumb Code    78  h1_free.o(.text)
    __aeabi_memclr4                          0x0800a46d   Thumb Code     0  rt_memclr_w.o(.text)
    __aeabi_memclr8                          0x0800a46d   Thumb Code     0  rt_memclr_w.o(.text)
    __rt_memclr_w                            0x0800a46d   Thumb Code    78  rt_memclr_w.o(.text)
    _memset_w                                0x0800a471   Thumb Code     0  rt_memclr_w.o(.text)
    __use_two_region_memory                  0x0800a4bb   Thumb Code     2  heapauxi.o(.text)
    __rt_heap_escrow                         0x0800a4bd   Thumb Code     2  heapauxi.o(.text)
    __rt_heap_expand                         0x0800a4bf   Thumb Code     2  heapauxi.o(.text)
    __rt_heap_descriptor                     0x0800a4c1   Thumb Code     8  rt_heap_descriptor_intlibspace.o(.text)
    __use_no_heap                            0x0800a4c9   Thumb Code     2  hguard.o(.text)
    __heap$guard                             0x0800a4cb   Thumb Code     2  hguard.o(.text)
    _terminate_user_alloc                    0x0800a4cd   Thumb Code     2  init_alloc.o(.text)
    _init_user_alloc                         0x0800a4cf   Thumb Code     2  init_alloc.o(.text)
    __Heap_Full                              0x0800a4d1   Thumb Code    34  init_alloc.o(.text)
    __Heap_Broken                            0x0800a4f3   Thumb Code     6  init_alloc.o(.text)
    _init_alloc                              0x0800a4f9   Thumb Code    94  init_alloc.o(.text)
    __Heap_Initialize                        0x0800a557   Thumb Code    10  h1_init.o(.text)
    __Heap_DescSize                          0x0800a561   Thumb Code     4  h1_init.o(.text)
    __user_libspace                          0x0800a565   Thumb Code     8  libspace.o(.text)
    __user_perproc_libspace                  0x0800a565   Thumb Code     0  libspace.o(.text)
    __user_perthread_libspace                0x0800a565   Thumb Code     0  libspace.o(.text)
    __Heap_ProvideMemory                     0x0800a56d   Thumb Code    52  h1_extend.o(.text)
    __rt_SIGRTMEM                            0x0800a5a1   Thumb Code    14  defsig_rtmem_outer.o(.text)
    __I$use$semihosting                      0x0800a5af   Thumb Code     0  use_no_semi.o(.text)
    __use_no_semihosting_swi                 0x0800a5af   Thumb Code     2  use_no_semi.o(.text)
    __semihosting_library_function           0x0800a5b1   Thumb Code     0  indicate_semi.o(.text)
    __user_setup_stackheap                   0x0800a5b1   Thumb Code    74  sys_stackheap_outer.o(.text)
    exit                                     0x0800a5fb   Thumb Code    12  exit.o(.text)
    __sig_exit                               0x0800a607   Thumb Code    10  defsig_exit.o(.text)
    __rt_SIGRTMEM_inner                      0x0800a611   Thumb Code    22  defsig_rtmem_inner.o(.text)
    _sys_exit                                0x0800a661   Thumb Code     8  sys_exit.o(.text)
    __default_signal_display                 0x0800a66d   Thumb Code    50  defsig_general.o(.text)
    _ttywrch                                 0x0800a69f   Thumb Code    14  sys_wrch.o(.text)
    DecryptionFlash                          0x0800a6ad   Thumb Code    54  scene&group.o(i.DecryptionFlash)
    __aeabi_dadd                             0x0800a6f1   Thumb Code     0  daddsub_clz.o(x$fpl$dadd)
    _dadd                                    0x0800a6f1   Thumb Code   332  daddsub_clz.o(x$fpl$dadd)
    __aeabi_d2uiz                            0x0800a841   Thumb Code     0  dfixu.o(x$fpl$dfixu)
    _dfixu                                   0x0800a841   Thumb Code    90  dfixu.o(x$fpl$dfixu)
    __aeabi_i2d                              0x0800a89b   Thumb Code     0  dflt_clz.o(x$fpl$dflt)
    _dflt                                    0x0800a89b   Thumb Code    46  dflt_clz.o(x$fpl$dflt)
    __aeabi_ui2d                             0x0800a8c9   Thumb Code     0  dflt_clz.o(x$fpl$dfltu)
    _dfltu                                   0x0800a8c9   Thumb Code    38  dflt_clz.o(x$fpl$dfltu)
    __aeabi_dmul                             0x0800a8f1   Thumb Code     0  dmul.o(x$fpl$dmul)
    _dmul                                    0x0800a8f1   Thumb Code   332  dmul.o(x$fpl$dmul)
    __fpl_dnaninf                            0x0800aa45   Thumb Code   156  dnaninf.o(x$fpl$dnaninf)
    __fpl_dretinf                            0x0800aae1   Thumb Code    12  dretinf.o(x$fpl$dretinf)
    __aeabi_dsub                             0x0800aaed   Thumb Code     0  daddsub_clz.o(x$fpl$dsub)
    _dsub                                    0x0800aaed   Thumb Code   464  daddsub_clz.o(x$fpl$dsub)
    HeadCMD                                  0x0800acc0   Data           6  command.o(.constdata)
    __I$use$fp                               0x0800acc0   Number         0  usenofp.o(x$fpl$usenofp)
    TailCMD                                  0x0800acc6   Data           6  command.o(.constdata)
    CRCTable                                 0x0800accc   Data         512  crc.o(.constdata)
    SysAttrTable                             0x0800aecc   Data         820  sysexeattr.o(.constdata)
    Si4432Cfg_Tab                            0x0800b208   Data          21  si4432.o(.constdata)
    flashFlag                                0x0800b226   Data          23  flashsizeflag.o(.constdata)
    UnitTab                                  0x0800b240   Data          40  unitcfg.o(.constdata)
    VoltageTab                               0x0800b268   Data          22  capacity.o(.constdata)
    VoiceAttrTab                             0x0800b288   Data         260  voiceexeattr.o(.constdata)
    ShiftBit                                 0x0800b38c   Data           4  dataencrypt.o(.constdata)
    DerictShift                              0x0800b390   Data           4  dataencrypt.o(.constdata)
    EncodeX                                  0x0800b394   Data           4  dataencrypt.o(.constdata)
    EncodeY                                  0x0800b398   Data           4  dataencrypt.o(.constdata)
    Region$$Table$$Base                      0x0800b39c   Number         0  anon$$obj.o(Region$$Table)
    Region$$Table$$Limit                     0x0800b3bc   Number         0  anon$$obj.o(Region$$Table)
    SystemCoreClock                          0x20000000   Data           4  system_stm32f10x.o(.data)
    AHBPrescTable                            0x20000004   Data          16  system_stm32f10x.o(.data)
    DelayID                                  0x20000020   Data           4  object.o(.data)
    gSceneTotalNum                           0x20000025   Data           1  scene&group.o(.data)
    SceneIndexes                             0x20000026   Data           4  scene&group.o(.data)
    Sign433_State                            0x2000002a   Data           1  sign433.o(.data)
    RADIO_PARA                               0x2000002c   Data           4  updata.o(.data)
    PACK_SIZE                                0x20000030   Data           1  updata.o(.data)
    TestRecFlag                              0x2000003b   Data           1  si4432.o(.data)
    Test                                     0x20000058   Data           4  test.o(.data)
    UartDataProcess                          0x2000006e   Data           2  uart.o(.data)
    SYN7318BufLen                            0x20000070   Data           1  uart.o(.data)
    gVoiceVolum                              0x20000072   Data           1  wt558d.o(.data)
    CS_Busy                                  0x20000074   Data           1  wt558d.o(.data)
    gRecognitionResult                       0x20000078   Data           8  lark7318dataanalyze.o(.data)
    recognitionErrFeedback                   0x20000080   Data           3  lark7318dataanalyze.o(.data)
    recognitionHaveCmdIdFeedback             0x20000083   Data           3  lark7318dataanalyze.o(.data)
    recognitionHaveNoCmdIdFeedback           0x20000086   Data           3  lark7318dataanalyze.o(.data)
    testDataLen                              0x20000089   Data           1  lark7318dataanalyze.o(.data)
    gRecognitionTimeOutCnt                   0x2000008a   Data           1  lark7318dataanalyze.o(.data)
    SYN7318Buf                               0x2000008c   Data           4  lark7318dataanalyze.o(.data)
    rcv433fifo                               0x2000009c   Data          16  cmdprocess.o(.bss)
    send433fifo                              0x200000ac   Data          16  cmdprocess.o(.bss)
    rcvBuf                                   0x200000bc   Data        1024  cmdprocess.o(.bss)
    rcv_433                                  0x200008bc   Data         272  cmdprocess.o(.bss)
    send_433                                 0x200009cc   Data         272  cmdprocess.o(.bss)
    rcv433_shortfifo                         0x20000adc   Data          16  cmdprocess.o(.bss)
    send433_shortfifo                        0x20000aec   Data          16  cmdprocess.o(.bss)
    rcvshortBuf                              0x20000afc   Data         128  cmdprocess.o(.bss)
    rcv_433short                             0x20000bfc   Data         272  cmdprocess.o(.bss)
    send_433short                            0x20000d0c   Data         272  cmdprocess.o(.bss)
    propfifo                                 0x20001220   Data          16  linkscanfifo.o(.bss)
    propbuf                                  0x20001230   Data         128  linkscanfifo.o(.bss)
    ALink                                    0x200012b0   Data        1651  linksimplest.o(.bss)
    ALinkTime                                0x20001923   Data         351  linksimplesttime.o(.bss)
    RData                                    0x20001a84   Data         320  object.o(.bss)
    gSceneBuff                               0x20001bc4   Data        1024  scene&group.o(.bss)
    gSceneIndex                              0x20001fc4   Data          32  scene&group.o(.bss)
    gSign433Comm                             0x20001fe4   Data          12  sign433.o(.bss)
    IAP_FLAG                                 0x20002134   Data          16  updata.o(.bss)
    PACK_ID                                  0x20002144   Data         256  updata.o(.bss)
    gSysData                                 0x20002364   Data          31  userdata.o(.bss)
    UserDownload                             0x20002384   Data         140  userdatadownload.o(.bss)
    TestRecRSSI                              0x20002410   Data         100  si4432.o(.bss)
    gUnitData                                0x20002474   Data          20  unitcfg.o(.bss)
    RcvFrom7318tmp                           0x20002488   Data          21  uart.o(.bss)
    gVoice                                   0x2000249d   Data          10  voicerecognition.o(.bss)
    gVoiceState                              0x200024a7   Data          11  voicerecognition.o(.bss)
    TestDataForLark7318                      0x200024b2   Data          20  lark7318dataanalyze.o(.bss)
    __libspace_start                         0x200024c8   Data          96  libspace.o(.bss)
    __temporary_stack_top$libspace           0x20002528   Data           0  libspace.o(.bss)



==============================================================================

Memory Map of the image

  Image Entry point : 0x080008ed

  Load Region LR_IROM1 (Base: 0x08000800, Size: 0x0000ac58, Max: 0x00020000, ABSOLUTE)

    Execution Region ER_IROM1 (Base: 0x08000800, Size: 0x0000abbc, Max: 0x00020000, ABSOLUTE)

    Base Addr    Size         Type   Attr      Idx    E Section Name        Object

    0x08000800   0x000000ec   Data   RO           60    RESET               startup_stm32f10x_md.o
    0x080008ec   0x00000008   Code   RO         1395  * !!!main             c_w.l(__main.o)
    0x080008f4   0x00000034   Code   RO         1620    !!!scatter          c_w.l(__scatter.o)
    0x08000928   0x0000001a   Code   RO         1622    !!handler_copy      c_w.l(__scatter_copy.o)
    0x08000942   0x00000002   PAD
    0x08000944   0x0000001c   Code   RO         1624    !!handler_zi        c_w.l(__scatter_zi.o)
    0x08000960   0x00000002   Code   RO         1560    .ARM.Collect$$libinit$$00000000  c_w.l(libinit.o)
    0x08000962   0x00000000   Code   RO         1448    .ARM.Collect$$libinit$$00000002  c_w.l(libinit2.o)
    0x08000962   0x00000000   Code   RO         1450    .ARM.Collect$$libinit$$00000004  c_w.l(libinit2.o)
    0x08000962   0x00000008   Code   RO         1451    .ARM.Collect$$libinit$$00000005  c_w.l(libinit2.o)
    0x0800096a   0x00000000   Code   RO         1453    .ARM.Collect$$libinit$$0000000A  c_w.l(libinit2.o)
    0x0800096a   0x00000000   Code   RO         1455    .ARM.Collect$$libinit$$0000000C  c_w.l(libinit2.o)
    0x0800096a   0x00000000   Code   RO         1457    .ARM.Collect$$libinit$$0000000E  c_w.l(libinit2.o)
    0x0800096a   0x00000000   Code   RO         1460    .ARM.Collect$$libinit$$00000011  c_w.l(libinit2.o)
    0x0800096a   0x00000000   Code   RO         1462    .ARM.Collect$$libinit$$00000013  c_w.l(libinit2.o)
    0x0800096a   0x00000000   Code   RO         1464    .ARM.Collect$$libinit$$00000015  c_w.l(libinit2.o)
    0x0800096a   0x00000000   Code   RO         1466    .ARM.Collect$$libinit$$00000017  c_w.l(libinit2.o)
    0x0800096a   0x00000000   Code   RO         1468    .ARM.Collect$$libinit$$00000019  c_w.l(libinit2.o)
    0x0800096a   0x00000000   Code   RO         1470    .ARM.Collect$$libinit$$0000001B  c_w.l(libinit2.o)
    0x0800096a   0x00000000   Code   RO         1472    .ARM.Collect$$libinit$$0000001D  c_w.l(libinit2.o)
    0x0800096a   0x00000000   Code   RO         1474    .ARM.Collect$$libinit$$0000001F  c_w.l(libinit2.o)
    0x0800096a   0x00000000   Code   RO         1476    .ARM.Collect$$libinit$$00000021  c_w.l(libinit2.o)
    0x0800096a   0x00000000   Code   RO         1478    .ARM.Collect$$libinit$$00000023  c_w.l(libinit2.o)
    0x0800096a   0x00000000   Code   RO         1480    .ARM.Collect$$libinit$$00000025  c_w.l(libinit2.o)
    0x0800096a   0x00000000   Code   RO         1484    .ARM.Collect$$libinit$$0000002C  c_w.l(libinit2.o)
    0x0800096a   0x00000000   Code   RO         1486    .ARM.Collect$$libinit$$0000002E  c_w.l(libinit2.o)
    0x0800096a   0x00000000   Code   RO         1488    .ARM.Collect$$libinit$$00000030  c_w.l(libinit2.o)
    0x0800096a   0x00000000   Code   RO         1490    .ARM.Collect$$libinit$$00000032  c_w.l(libinit2.o)
    0x0800096a   0x00000002   Code   RO         1491    .ARM.Collect$$libinit$$00000033  c_w.l(libinit2.o)
    0x0800096c   0x00000002   Code   RO         1617    .ARM.Collect$$libshutdown$$00000000  c_w.l(libshutdown.o)
    0x0800096e   0x00000000   Code   RO         1575    .ARM.Collect$$libshutdown$$00000003  c_w.l(libshutdown2.o)
    0x0800096e   0x00000000   Code   RO         1578    .ARM.Collect$$libshutdown$$00000006  c_w.l(libshutdown2.o)
    0x0800096e   0x00000000   Code   RO         1581    .ARM.Collect$$libshutdown$$00000009  c_w.l(libshutdown2.o)
    0x0800096e   0x00000000   Code   RO         1583    .ARM.Collect$$libshutdown$$0000000B  c_w.l(libshutdown2.o)
    0x0800096e   0x00000000   Code   RO         1586    .ARM.Collect$$libshutdown$$0000000E  c_w.l(libshutdown2.o)
    0x0800096e   0x00000002   Code   RO         1587    .ARM.Collect$$libshutdown$$0000000F  c_w.l(libshutdown2.o)
    0x08000970   0x00000000   Code   RO         1417    .ARM.Collect$$rtentry$$00000000  c_w.l(__rtentry.o)
    0x08000970   0x00000000   Code   RO         1503    .ARM.Collect$$rtentry$$00000002  c_w.l(__rtentry2.o)
    0x08000970   0x00000006   Code   RO         1515    .ARM.Collect$$rtentry$$00000004  c_w.l(__rtentry4.o)
    0x08000976   0x00000000   Code   RO         1505    .ARM.Collect$$rtentry$$00000009  c_w.l(__rtentry2.o)
    0x08000976   0x00000004   Code   RO         1506    .ARM.Collect$$rtentry$$0000000A  c_w.l(__rtentry2.o)
    0x0800097a   0x00000000   Code   RO         1508    .ARM.Collect$$rtentry$$0000000C  c_w.l(__rtentry2.o)
    0x0800097a   0x00000008   Code   RO         1509    .ARM.Collect$$rtentry$$0000000D  c_w.l(__rtentry2.o)
    0x08000982   0x00000002   Code   RO         1563    .ARM.Collect$$rtexit$$00000000  c_w.l(rtexit.o)
    0x08000984   0x00000000   Code   RO         1591    .ARM.Collect$$rtexit$$00000002  c_w.l(rtexit2.o)
    0x08000984   0x00000004   Code   RO         1592    .ARM.Collect$$rtexit$$00000003  c_w.l(rtexit2.o)
    0x08000988   0x00000006   Code   RO         1593    .ARM.Collect$$rtexit$$00000004  c_w.l(rtexit2.o)
    0x0800098e   0x00000002   PAD
    0x08000990   0x00000000   Code   RO         1519    .emb_text           c_w.l(maybetermalloc1.o)
    0x08000990   0x000001e4   Code   RO            1    .text               system_stm32f10x.o
    0x08000b74   0x00000040   Code   RO           61    .text               startup_stm32f10x_md.o
    0x08000bb4   0x00000100   Code   RO          102    .text               bestfulib.o
    0x08000cb4   0x000003d4   Code   RO          114    .text               cmdprocess.o
    0x08001088   0x0000047c   Code   RO          158    .text               command.o
    0x08001504   0x00000070   Code   RO          177    .text               crc.o
    0x08001574   0x00000034   Code   RO          192    .text               delay.o
    0x080015a8   0x000005e4   Code   RO          213    .text               dlyattrprocess.o
    0x08001b8c   0x00000166   Code   RO          231    .text               eeprom.o
    0x08001cf2   0x00000002   PAD
    0x08001cf4   0x00000050   Code   RO          255    .text               faultmanage.o
    0x08001d44   0x00000296   Code   RO          273    .text               fifo.o
    0x08001fda   0x00000002   PAD
    0x08001fdc   0x0000027c   Code   RO          285    .text               flashattr.o
    0x08002258   0x000000a0   Code   RO          299    .text               linkscanfifo.o
    0x080022f8   0x00000324   Code   RO          337    .text               linksimplest.o
    0x0800261c   0x000002a0   Code   RO          364    .text               linksimplesttime.o
    0x080028bc   0x000002d0   Code   RO          386    .text               linksrc.o
    0x08002b8c   0x00000510   Code   RO          398    .text               linkwrdc.o
    0x0800309c   0x000001c8   Code   RO          414    .text               msgpackage.o
    0x08003264   0x000007a0   Code   RO          430    .text               object.o
    0x08003a04   0x00000564   Code   RO          460    .text               scene&group.o
    0x08003f68   0x000000b4   Code   RO          492    .text               sign433.o
    0x0800401c   0x000001a8   Code   RO          533    .text               sign433attr.o
    0x080041c4   0x00000bf0   Code   RO          552    .text               sysexeattr.o
    0x08004db4   0x00000064   Code   RO          587    .text               systestattr.o
    0x08004e18   0x0000032c   Code   RO          613    .text               thread.o
    0x08005144   0x000001c0   Code   RO          627    .text               timehandle.o
    0x08005304   0x000002fc   Code   RO          639    .text               unitshare_attr.o
    0x08005600   0x000002f4   Code   RO          651    .text               updata.o
    0x080058f4   0x000002e0   Code   RO          667    .text               upload.o
    0x08005bd4   0x00000eac   Code   RO          682    .text               userdata.o
    0x08006a80   0x00000208   Code   RO          712    .text               userdatadownload.o
    0x08006c88   0x00000084   Code   RO          730    .text               devicereset.o
    0x08006d0c   0x00000210   Code   RO          746    .text               flash.o
    0x08006f1c   0x000000a4   Code   RO          766    .text               gpio.o
    0x08006fc0   0x000003e0   Code   RO          778    .text               i2c.o
    0x080073a0   0x0000005c   Code   RO          790    .text               instruct.o
    0x080073fc   0x00000214   Code   RO          802    .text               program.o
    0x08007610   0x000009a8   Code   RO          815    .text               si4432.o
    0x08007fb8   0x00000138   Code   RO          845    .text               spi.o
    0x080080f0   0x000001a0   Code   RO          861    .text               sys.o
    0x08008290   0x00000114   Code   RO          876    .text               syshard.o
    0x080083a4   0x00000070   Code   RO          897    .text               systick.o
    0x08008414   0x00000024   Code   RO          911    .text               test.o
    0x08008438   0x00000074   Code   RO          929    .text               wdg.o
    0x080084ac   0x00000010   Code   RO          944    .text               flashsizeflag.o
    0x080084bc   0x00000044   Code   RO          959    .text               main.o
    0x08008500   0x00000040   Code   RO          989    .text               unitcfg.o
    0x08008540   0x0000014c   Code   RO         1019    .text               key.o
    0x0800868c   0x00000070   Code   RO         1036    .text               led.o
    0x080086fc   0x00000160   Code   RO         1051    .text               adc.o
    0x0800885c   0x0000011c   Code   RO         1066    .text               capacity.o
    0x08008978   0x00000158   Code   RO         1092    .text               powerstatus.o
    0x08008ad0   0x00000204   Code   RO         1111    .text               pwm.o
    0x08008cd4   0x00000174   Code   RO         1128    .text               uart.o
    0x08008e48   0x0000020c   Code   RO         1152    .text               wt558d.o
    0x08009054   0x0000015c   Code   RO         1170    .text               keyunit.o
    0x080091b0   0x00000008   Code   RO         1186    .text               voiceplayunit.o
    0x080091b8   0x00000538   Code   RO         1209    .text               voicerecognition.o
    0x080096f0   0x000000f0   Code   RO         1234    .text               voiceplayattr.o
    0x080097e0   0x000001e8   Code   RO         1247    .text               voiceexeattr.o
    0x080099c8   0x00000504   Code   RO         1267    .text               lark7318dataanalyze.o
    0x08009ecc   0x00000138   Code   RO         1286    .text               lark7318buf.o
    0x0800a004   0x000003bc   Code   RO         1299    .text               Encode_lib.lib(dataencrypt.o)
    0x0800a3c0   0x0000005e   Code   RO         1333    .text               c_w.l(h1_alloc.o)
    0x0800a41e   0x0000004e   Code   RO         1335    .text               c_w.l(h1_free.o)
    0x0800a46c   0x0000004e   Code   RO         1391    .text               c_w.l(rt_memclr_w.o)
    0x0800a4ba   0x00000006   Code   RO         1393    .text               c_w.l(heapauxi.o)
    0x0800a4c0   0x00000008   Code   RO         1421    .text               c_w.l(rt_heap_descriptor_intlibspace.o)
    0x0800a4c8   0x00000004   Code   RO         1423    .text               c_w.l(hguard.o)
    0x0800a4cc   0x0000008a   Code   RO         1425    .text               c_w.l(init_alloc.o)
    0x0800a556   0x0000000e   Code   RO         1429    .text               c_w.l(h1_init.o)
    0x0800a564   0x00000008   Code   RO         1499    .text               c_w.l(libspace.o)
    0x0800a56c   0x00000034   Code   RO         1521    .text               c_w.l(h1_extend.o)
    0x0800a5a0   0x0000000e   Code   RO         1525    .text               c_w.l(defsig_rtmem_outer.o)
    0x0800a5ae   0x00000002   Code   RO         1536    .text               c_w.l(use_no_semi.o)
    0x0800a5b0   0x00000000   Code   RO         1538    .text               c_w.l(indicate_semi.o)
    0x0800a5b0   0x0000004a   Code   RO         1539    .text               c_w.l(sys_stackheap_outer.o)
    0x0800a5fa   0x0000000c   Code   RO         1545    .text               c_w.l(exit.o)
    0x0800a606   0x0000000a   Code   RO         1547    .text               c_w.l(defsig_exit.o)
    0x0800a610   0x00000050   Code   RO         1549    .text               c_w.l(defsig_rtmem_inner.o)
    0x0800a660   0x0000000c   Code   RO         1561    .text               c_w.l(sys_exit.o)
    0x0800a66c   0x00000032   Code   RO         1571    .text               c_w.l(defsig_general.o)
    0x0800a69e   0x0000000e   Code   RO         1588    .text               c_w.l(sys_wrch.o)
    0x0800a6ac   0x00000044   Code   RO          473    i.DecryptionFlash   scene&group.o
    0x0800a6f0   0x00000150   Code   RO         1397    x$fpl$dadd          fz_ws.l(daddsub_clz.o)
    0x0800a840   0x0000005a   Code   RO         1403    x$fpl$dfixu         fz_ws.l(dfixu.o)
    0x0800a89a   0x0000002e   Code   RO         1408    x$fpl$dflt          fz_ws.l(dflt_clz.o)
    0x0800a8c8   0x00000026   Code   RO         1407    x$fpl$dfltu         fz_ws.l(dflt_clz.o)
    0x0800a8ee   0x00000002   PAD
    0x0800a8f0   0x00000154   Code   RO         1413    x$fpl$dmul          fz_ws.l(dmul.o)
    0x0800aa44   0x0000009c   Code   RO         1492    x$fpl$dnaninf       fz_ws.l(dnaninf.o)
    0x0800aae0   0x0000000c   Code   RO         1494    x$fpl$dretinf       fz_ws.l(dretinf.o)
    0x0800aaec   0x000001d4   Code   RO         1399    x$fpl$dsub          fz_ws.l(daddsub_clz.o)
    0x0800acc0   0x00000000   Code   RO         1496    x$fpl$usenofp       fz_ws.l(usenofp.o)
    0x0800acc0   0x0000000c   Data   RO          159    .constdata          command.o
    0x0800accc   0x00000200   Data   RO          178    .constdata          crc.o
    0x0800aecc   0x00000334   Data   RO          553    .constdata          sysexeattr.o
    0x0800b200   0x00000008   Data   RO          803    .constdata          program.o
    0x0800b208   0x0000001e   Data   RO          817    .constdata          si4432.o
    0x0800b226   0x00000017   Data   RO          945    .constdata          flashsizeflag.o
    0x0800b23d   0x00000003   PAD
    0x0800b240   0x00000028   Data   RO          991    .constdata          unitcfg.o
    0x0800b268   0x00000016   Data   RO         1067    .constdata          capacity.o
    0x0800b27e   0x00000002   PAD
    0x0800b280   0x00000008   Data   RO         1211    .constdata          voicerecognition.o
    0x0800b288   0x00000104   Data   RO         1249    .constdata          voiceexeattr.o
    0x0800b38c   0x00000010   Data   RO         1300    .constdata          Encode_lib.lib(dataencrypt.o)
    0x0800b39c   0x00000020   Data   RO         1618    Region$$Table       anon$$obj.o


    Execution Region RW_IRAM1 (Base: 0x20000000, Size: 0x00003528, Max: 0x00005000, ABSOLUTE)

    Base Addr    Size         Type   Attr      Idx    E Section Name        Object

    0x20000000   0x00000014   Data   RW            2    .data               system_stm32f10x.o
    0x20000014   0x00000001   Data   RW          160    .data               command.o
    0x20000015   0x00000003   PAD
    0x20000018   0x00000005   Data   RW          215    .data               dlyattrprocess.o
    0x2000001d   0x00000002   Data   RW          286    .data               flashattr.o
    0x2000001f   0x00000001   PAD
    0x20000020   0x00000005   Data   RW          432    .data               object.o
    0x20000025   0x00000005   Data   RW          462    .data               scene&group.o
    0x2000002a   0x00000002   Data   RW          494    .data               sign433.o
    0x2000002c   0x00000005   Data   RW          653    .data               updata.o
    0x20000031   0x00000001   Data   RW          669    .data               upload.o
    0x20000032   0x00000001   Data   RW          684    .data               userdata.o
    0x20000033   0x00000001   PAD
    0x20000034   0x00000004   Data   RW          731    .data               devicereset.o
    0x20000038   0x00000018   Data   RW          818    .data               si4432.o
    0x20000050   0x00000008   Data   RW          898    .data               systick.o
    0x20000058   0x00000004   Data   RW          912    .data               test.o
    0x2000005c   0x00000008   Data   RW         1020    .data               key.o
    0x20000064   0x00000004   Data   RW         1068    .data               capacity.o
    0x20000068   0x00000002   Data   RW         1093    .data               powerstatus.o
    0x2000006a   0x00000004   Data   RW         1112    .data               pwm.o
    0x2000006e   0x00000004   Data   RW         1130    .data               uart.o
    0x20000072   0x00000003   Data   RW         1153    .data               wt558d.o
    0x20000075   0x00000002   Data   RW         1171    .data               keyunit.o
    0x20000077   0x00000001   Data   RW         1212    .data               voicerecognition.o
    0x20000078   0x00000019   Data   RW         1269    .data               lark7318dataanalyze.o
    0x20000091   0x00000008   Data   RW         1301    .data               Encode_lib.lib(dataencrypt.o)
    0x20000099   0x00000003   PAD
    0x2000009c   0x00000d80   Zero   RW          115    .bss                cmdprocess.o
    0x20000e1c   0x00000401   Zero   RW          214    .bss                dlyattrprocess.o
    0x2000121d   0x00000003   PAD
    0x20001220   0x00000090   Zero   RW          300    .bss                linkscanfifo.o
    0x200012b0   0x00000673   Zero   RW          338    .bss                linksimplest.o
    0x20001923   0x0000015f   Zero   RW          365    .bss                linksimplesttime.o
    0x20001a82   0x00000002   PAD
    0x20001a84   0x00000140   Zero   RW          431    .bss                object.o
    0x20001bc4   0x00000420   Zero   RW          461    .bss                scene&group.o
    0x20001fe4   0x0000000c   Zero   RW          493    .bss                sign433.o
    0x20001ff0   0x00000144   Zero   RW          614    .bss                thread.o
    0x20002134   0x00000110   Zero   RW          652    .bss                updata.o
    0x20002244   0x00000120   Zero   RW          668    .bss                upload.o
    0x20002364   0x0000001f   Zero   RW          683    .bss                userdata.o
    0x20002383   0x00000001   PAD
    0x20002384   0x0000008c   Zero   RW          713    .bss                userdatadownload.o
    0x20002410   0x00000064   Zero   RW          816    .bss                si4432.o
    0x20002474   0x00000014   Zero   RW          990    .bss                unitcfg.o
    0x20002488   0x00000015   Zero   RW         1129    .bss                uart.o
    0x2000249d   0x00000015   Zero   RW         1210    .bss                voicerecognition.o
    0x200024b2   0x00000014   Zero   RW         1268    .bss                lark7318dataanalyze.o
    0x200024c6   0x00000002   PAD
    0x200024c8   0x00000060   Zero   RW         1500    .bss                c_w.l(libspace.o)
    0x20002528   0x00000c00   Zero   RW           59    HEAP                startup_stm32f10x_md.o
    0x20003128   0x00000400   Zero   RW           58    STACK               startup_stm32f10x_md.o


==============================================================================

Image component sizes


      Code (inc. data)   RO Data    RW Data    ZI Data      Debug   Object Name

       352         12          0          0          0        715   adc.o
         0          0          0          0          0       2674   attrencrypt .o
       256          0          0          0          0       2410   bestfulib.o
       284         20         22          4          0       3438   capacity.o
       980        110          0          0       3456       6997   cmdprocess.o
      1148         22         12          1          0       3912   command.o
       112          4        512          0          0       1511   crc.o
        52          0          0          0          0        640   delay.o
       132         12          0          4          0        688   devicereset.o
      1508         28          0          5       1025       4743   dlyattrprocess.o
       358          0          0          0          0       3275   eeprom.o
        80          6          0          0          0       1111   faultmanage.o
       662          0          0          0          0       3878   fifo.o
       528         18          0          0          0       2947   flash.o
       636         40          0          2          0       3311   flashattr.o
        16          6         23          0          0       1084   flashsizeflag.o
       164          8          0          0          0       1709   gpio.o
       992          0          0          0          0       3553   i2c.o
        92          6          0          0          0        794   instruct.o
       332         14          0          8          0       2066   key.o
       348         20          0          2          0       1047   keyunit.o
       312         10          0          0          0       2000   lark7318buf.o
      1284         94          0         25         20       4045   lark7318dataanalyze.o
       112          0          0          0          0       1117   led.o
       160         14          0          0        144       3202   linkscanfifo.o
       804         10          0          0       1651       5350   linksimplest.o
       672          8          0          0        351       4388   linksimplesttime.o
       720         34          0          0          0       2521   linksrc.o
      1296         10          0          0          0       8300   linkwrdc.o
        68         10          0          0          0       1039   main.o
       456         20          0          0          0       2884   msgpackage.o
      1952         58          0          5        320       5786   object.o
       344         20          0          2          0       1980   powerstatus.o
       532         26          8          0          0       3213   program.o
       516         46          0          4          0       2146   pwm.o
      1448         32          0          5       1056       5694   scene&group.o
      2472        114         30         24        100       6433   si4432.o
       180         10          0          2         12       7224   sign433.o
       424         26          0          0          0       3362   sign433attr.o
       312         16          0          0          0        985   spi.o
        64         26        236          0       4096        824   startup_stm32f10x_md.o
       416         34          0          0          0       1650   sys.o
      3056         50        820          0          0      14257   sysexeattr.o
       276         18          0          0          0        946   syshard.o
       484         42          0         20          0     213322   system_stm32f10x.o
       100         16          0          0          0       1174   systestattr.o
       112         14          0          8          0       1323   systick.o
        36          6          0          4          0        663   test.o
       812          4          0          0        324       3285   thread.o
       448          0          0          0          0       2125   timehandle.o
       372         32          0          4         21       4295   uart.o
        64          8         40          0         20       3056   unitcfg.o
       764         10          0          0          0       3195   unitshare_attr.o
       756         24          0          5        272       4045   updata.o
       736         34          0          1        288       2692   upload.o
      3756         60          0          1         31      16445   userdata.o
       520         44          0          0        140       2341   userdatadownload.o
       488         18        260          0          0       5703   voiceexeattr.o
       240          8          0          0          0       2909   voiceplayattr.o
         8          0          0          0          0        618   voiceplayunit.o
      1336         84          8          1         21       6759   voicerecognition.o
       116          6          0          0          0       1385   wdg.o
       524         22          0          3          0       3114   wt558d.o

    ----------------------------------------------------------------------
     38584       1444       2008        145      13356     420298   Object Totals
         0          0         32          0          0          0   (incl. Generated)
         4          0          5          5          8          0   (incl. Padding)

    ----------------------------------------------------------------------

      Code (inc. data)   RO Data    RW Data    ZI Data      Debug   Library Member Name

       956         24         16          8          0       3753   dataencrypt.o
         8          0          0          0          0         68   __main.o
         0          0          0          0          0          0   __rtentry.o
        12          0          0          0          0          0   __rtentry2.o
         6          0          0          0          0          0   __rtentry4.o
        52          8          0          0          0          0   __scatter.o
        26          0          0          0          0          0   __scatter_copy.o
        28          0          0          0          0          0   __scatter_zi.o
        10          0          0          0          0         68   defsig_exit.o
        50          0          0          0          0         88   defsig_general.o
        80         58          0          0          0         76   defsig_rtmem_inner.o
        14          0          0          0          0         80   defsig_rtmem_outer.o
        12          0          0          0          0         72   exit.o
        94          0          0          0          0         80   h1_alloc.o
        52          0          0          0          0         68   h1_extend.o
        78          0          0          0          0         80   h1_free.o
        14          0          0          0          0         84   h1_init.o
         6          0          0          0          0        152   heapauxi.o
         4          0          0          0          0        136   hguard.o
         0          0          0          0          0          0   indicate_semi.o
       138          0          0          0          0        168   init_alloc.o
         2          0          0          0          0          0   libinit.o
        10          0          0          0          0          0   libinit2.o
         2          0          0          0          0          0   libshutdown.o
         2          0          0          0          0          0   libshutdown2.o
         8          4          0          0         96         68   libspace.o
         0          0          0          0          0          0   maybetermalloc1.o
         8          4          0          0          0         68   rt_heap_descriptor_intlibspace.o
        78          0          0          0          0         80   rt_memclr_w.o
         2          0          0          0          0          0   rtexit.o
        10          0          0          0          0          0   rtexit2.o
        12          4          0          0          0         68   sys_exit.o
        74          0          0          0          0         80   sys_stackheap_outer.o
        14          0          0          0          0         76   sys_wrch.o
         2          0          0          0          0         68   use_no_semi.o
       804         16          0          0          0        272   daddsub_clz.o
        90          4          0          0          0         92   dfixu.o
        84          0          0          0          0        136   dflt_clz.o
       340         12          0          0          0        104   dmul.o
       156          4          0          0          0         92   dnaninf.o
        12          0          0          0          0         68   dretinf.o
         0          0          0          0          0          0   usenofp.o

    ----------------------------------------------------------------------
      3356        138         16         11         96       6245   Library Totals
         6          0          0          3          0          0   (incl. Padding)

    ----------------------------------------------------------------------

      Code (inc. data)   RO Data    RW Data    ZI Data      Debug   Library Name

       956         24         16          8          0       3753   Encode_lib.lib
       908         78          0          0         96       1728   c_w.l
      1486         36          0          0          0        764   fz_ws.l

    ----------------------------------------------------------------------
      3356        138         16         11         96       6245   Library Totals

    ----------------------------------------------------------------------

==============================================================================


      Code (inc. data)   RO Data    RW Data    ZI Data      Debug   

     41940       1582       2024        156      13452     420403   Grand Totals
     41940       1582       2024        156      13452     420403   ELF Image Totals
     41940       1582       2024        156          0          0   ROM Totals

==============================================================================

    Total RO  Size (Code + RO Data)                43964 (  42.93kB)
    Total RW  Size (RW Data + ZI Data)             13608 (  13.29kB)
    Total ROM Size (Code + RO Data + RW Data)      44120 (  43.09kB)

==============================================================================

