<!doctype html public "-//w3c//dtd html 4.0 transitional//en">
<html><head>
<title>Static Call Graph - [..\Output\Voice_B.axf]</title></head>
<body><HR>
<H1>Static Call Graph for image ..\Output\Voice_B.axf</H1><HR>
<BR><P>#&#060CALLGRAPH&#062# ARM Linker, 5050041: Last Updated: Fri Dec 04 10:57:30 2015
<BR><P>
<H3>Maximum Stack Usage =        748 bytes + Unknown(Functions without stacksize, Cycles, Untraceable Function Pointers)</H3><H3>
Call chain for Maximum Stack Depth:</H3>
Sign433_SendTestFrame &rArr; Msg_Send &rArr; Msg_Package &rArr; Msg_Feedback &rArr; Fault_Upload &rArr; FaultData_Save &rArr;  WriteDataToEEPROM (Cycle)
<P>
<H3>
Functions with no stack information
</H3><UL>
 <LI><a href="#[19c]">__user_initial_stackheap</a>
</UL>
</UL>
<P>
<H3>
Mutually Recursive functions
</H3> <LI><a href="#[4]">NMI_Handler</a>&nbsp;&nbsp;&nbsp;&rArr;&nbsp;&nbsp;&nbsp;<a href="#[4]">NMI_Handler</a><BR>
 <LI><a href="#[5]">HardFault_Handler</a>&nbsp;&nbsp;&nbsp;&rArr;&nbsp;&nbsp;&nbsp;<a href="#[5]">HardFault_Handler</a><BR>
 <LI><a href="#[6]">MemManage_Handler</a>&nbsp;&nbsp;&nbsp;&rArr;&nbsp;&nbsp;&nbsp;<a href="#[6]">MemManage_Handler</a><BR>
 <LI><a href="#[7]">BusFault_Handler</a>&nbsp;&nbsp;&nbsp;&rArr;&nbsp;&nbsp;&nbsp;<a href="#[7]">BusFault_Handler</a><BR>
 <LI><a href="#[8]">UsageFault_Handler</a>&nbsp;&nbsp;&nbsp;&rArr;&nbsp;&nbsp;&nbsp;<a href="#[8]">UsageFault_Handler</a><BR>
 <LI><a href="#[9]">SVC_Handler</a>&nbsp;&nbsp;&nbsp;&rArr;&nbsp;&nbsp;&nbsp;<a href="#[9]">SVC_Handler</a><BR>
 <LI><a href="#[a]">DebugMon_Handler</a>&nbsp;&nbsp;&nbsp;&rArr;&nbsp;&nbsp;&nbsp;<a href="#[a]">DebugMon_Handler</a><BR>
 <LI><a href="#[b]">PendSV_Handler</a>&nbsp;&nbsp;&nbsp;&rArr;&nbsp;&nbsp;&nbsp;<a href="#[b]">PendSV_Handler</a><BR>
 <LI><a href="#[1f]">ADC1_2_IRQHandler</a>&nbsp;&nbsp;&nbsp;&rArr;&nbsp;&nbsp;&nbsp;<a href="#[1f]">ADC1_2_IRQHandler</a><BR>
 <LI><a href="#[13d]">FaultData_Save</a>&nbsp;&nbsp;&nbsp;&rArr;&nbsp;&nbsp;&nbsp;<a href="#[14f]">WriteDataToEEPROM</a><BR>
 <LI><a href="#[14d]">ReadDataFromEEPROM</a>&nbsp;&nbsp;&nbsp;&rArr;&nbsp;&nbsp;&nbsp;<a href="#[d7]">Fault_Upload</a><BR>
 <LI><a href="#[e6]">PowerDownCountReset</a>&nbsp;&nbsp;&nbsp;&rArr;&nbsp;&nbsp;&nbsp;<a href="#[47]">PowerStatus_Get</a><BR>
 <LI><a href="#[160]">Updata_Channel</a>&nbsp;&nbsp;&nbsp;&rArr;&nbsp;&nbsp;&nbsp;<a href="#[160]">Updata_Channel</a><BR>
</UL>
<P>
<H3>
Function Pointers
</H3><UL>
 <LI><a href="#[1f]">ADC1_2_IRQHandler</a> from startup_stm32f10x_md.o(.text) referenced from startup_stm32f10x_md.o(RESET)
 <LI><a href="#[3e]">ActivateVoice</a> from powerstatus.o(.text) referenced 3 times from si4432.o(.text)
 <LI><a href="#[7]">BusFault_Handler</a> from startup_stm32f10x_md.o(.text) referenced from startup_stm32f10x_md.o(RESET)
 <LI><a href="#[22]">CAN1_RX1_IRQHandler</a> from startup_stm32f10x_md.o(.text) referenced from startup_stm32f10x_md.o(RESET)
 <LI><a href="#[23]">CAN1_SCE_IRQHandler</a> from startup_stm32f10x_md.o(.text) referenced from startup_stm32f10x_md.o(RESET)
 <LI><a href="#[109]">Capacity_Check</a> from capacity.o(.text) referenced 2 times from capacity.o(.text)
 <LI><a href="#[18]">DMA1_Channel1_IRQHandler</a> from startup_stm32f10x_md.o(.text) referenced from startup_stm32f10x_md.o(RESET)
 <LI><a href="#[19]">DMA1_Channel2_IRQHandler</a> from startup_stm32f10x_md.o(.text) referenced from startup_stm32f10x_md.o(RESET)
 <LI><a href="#[1a]">DMA1_Channel3_IRQHandler</a> from startup_stm32f10x_md.o(.text) referenced from startup_stm32f10x_md.o(RESET)
 <LI><a href="#[1b]">DMA1_Channel4_IRQHandler</a> from startup_stm32f10x_md.o(.text) referenced from startup_stm32f10x_md.o(RESET)
 <LI><a href="#[1c]">DMA1_Channel5_IRQHandler</a> from startup_stm32f10x_md.o(.text) referenced from startup_stm32f10x_md.o(RESET)
 <LI><a href="#[1d]">DMA1_Channel6_IRQHandler</a> from startup_stm32f10x_md.o(.text) referenced from startup_stm32f10x_md.o(RESET)
 <LI><a href="#[1e]">DMA1_Channel7_IRQHandler</a> from startup_stm32f10x_md.o(.text) referenced from startup_stm32f10x_md.o(RESET)
 <LI><a href="#[4b]">DataSend_Thread</a> from cmdprocess.o(.text) referenced from cmdprocess.o(.text)
 <LI><a href="#[a]">DebugMon_Handler</a> from startup_stm32f10x_md.o(.text) referenced from startup_stm32f10x_md.o(RESET)
 <LI><a href="#[45]">Dormancy</a> from powerstatus.o(.text) referenced 2 times from voiceplayunit.o(.text)
 <LI><a href="#[52]">EEPROM_Write</a> from userdata.o(.text) referenced from userdatadownload.o(.text)
 <LI><a href="#[13]">EXTI0_IRQHandler</a> from startup_stm32f10x_md.o(.text) referenced from startup_stm32f10x_md.o(RESET)
 <LI><a href="#[35]">EXTI15_10_IRQHandler</a> from si4432.o(.text) referenced from startup_stm32f10x_md.o(RESET)
 <LI><a href="#[14]">EXTI1_IRQHandler</a> from startup_stm32f10x_md.o(.text) referenced from startup_stm32f10x_md.o(RESET)
 <LI><a href="#[15]">EXTI2_IRQHandler</a> from startup_stm32f10x_md.o(.text) referenced from startup_stm32f10x_md.o(RESET)
 <LI><a href="#[16]">EXTI3_IRQHandler</a> from startup_stm32f10x_md.o(.text) referenced from startup_stm32f10x_md.o(RESET)
 <LI><a href="#[17]">EXTI4_IRQHandler</a> from startup_stm32f10x_md.o(.text) referenced from startup_stm32f10x_md.o(RESET)
 <LI><a href="#[24]">EXTI9_5_IRQHandler</a> from startup_stm32f10x_md.o(.text) referenced from startup_stm32f10x_md.o(RESET)
 <LI><a href="#[11]">FLASH_IRQHandler</a> from startup_stm32f10x_md.o(.text) referenced from startup_stm32f10x_md.o(RESET)
 <LI><a href="#[4e]">FaultMsg</a> from upload.o(.text) referenced from upload.o(.text)
 <LI><a href="#[97]">Get_433Channel_Attr</a> from flashattr.o(.text) referenced from sysexeattr.o(.constdata)
 <LI><a href="#[69]">Get_Cap_Attr</a> from voiceexeattr.o(.text) referenced from voiceexeattr.o(.constdata)
 <LI><a href="#[82]">Get_CmdAckNum_Attr</a> from sysexeattr.o(.text) referenced from sysexeattr.o(.constdata)
 <LI><a href="#[8b]">Get_CommonType_Attr</a> from sysexeattr.o(.text) referenced from sysexeattr.o(.constdata)
 <LI><a href="#[80]">Get_DeviceAddr_Attr</a> from sysexeattr.o(.text) referenced from sysexeattr.o(.constdata)
 <LI><a href="#[7c]">Get_DeviceType_Attr</a> from sysexeattr.o(.text) referenced from sysexeattr.o(.constdata)
 <LI><a href="#[61]">Get_DormancyTime_Attr</a> from voiceexeattr.o(.text) referenced from voiceexeattr.o(.constdata)
 <LI><a href="#[9a]">Get_Eeprom_Info_Attr</a> from sysexeattr.o(.text) referenced from sysexeattr.o(.constdata)
 <LI><a href="#[9c]">Get_FaultFlag_Attr</a> from sysexeattr.o(.text) referenced from sysexeattr.o(.constdata)
 <LI><a href="#[70]">Get_Group_Attr</a> from scene&group.o(.text) referenced from sysexeattr.o(.constdata)
 <LI><a href="#[94]">Get_IAPPackCheck_Attr</a> from flashattr.o(.text) referenced 2 times from sysexeattr.o(.constdata)
 <LI><a href="#[8d]">Get_Link_Attr</a> from sysexeattr.o(.text) referenced from sysexeattr.o(.constdata)
 <LI><a href="#[6b]">Get_ManyUnit_Attr</a> from unitshare_attr.o(.text) referenced from sysexeattr.o(.constdata)
 <LI><a href="#[68]">Get_Power_Attr</a> from voiceexeattr.o(.text) referenced from voiceexeattr.o(.constdata)
 <LI><a href="#[84]">Get_RepeatBandAddr_Attr</a> from sysexeattr.o(.text) referenced from sysexeattr.o(.constdata)
 <LI><a href="#[74]">Get_RepeatBroadcast_Attr</a> from sysexeattr.o(.text) referenced from sysexeattr.o(.constdata)
 <LI><a href="#[6e]">Get_Scene_Attr</a> from scene&group.o(.text) referenced from sysexeattr.o(.constdata)
 <LI><a href="#[78]">Get_Sign433_StartRecFrame_Attr</a> from sign433attr.o(.text) referenced from sysexeattr.o(.constdata)
 <LI><a href="#[76]">Get_Sign433_StartSendFrame_Attr</a> from sign433attr.o(.text) referenced from sysexeattr.o(.constdata)
 <LI><a href="#[7b]">Get_Sign433_TestState_Attr</a> from sign433attr.o(.text) referenced from sysexeattr.o(.constdata)
 <LI><a href="#[65]">Get_Speakers_Attr</a> from voiceplayattr.o(.text) referenced from voiceexeattr.o(.constdata)
 <LI><a href="#[87]">Get_UnitAble_Attr</a> from sysexeattr.o(.text) referenced from sysexeattr.o(.constdata)
 <LI><a href="#[72]">Get_UnitArea_Attr</a> from sysexeattr.o(.text) referenced from sysexeattr.o(.constdata)
 <LI><a href="#[89]">Get_UnitType_Attr</a> from sysexeattr.o(.text) referenced from sysexeattr.o(.constdata)
 <LI><a href="#[7f]">Get_UserID_Attr</a> from sysexeattr.o(.text) referenced from sysexeattr.o(.constdata)
 <LI><a href="#[7d]">Get_Version_Attr</a> from sysexeattr.o(.text) referenced from sysexeattr.o(.constdata)
 <LI><a href="#[59]">Get_VoiceID_Attr</a> from voiceexeattr.o(.text) referenced from voiceexeattr.o(.constdata)
 <LI><a href="#[5d]">Get_VoiceLead_Attr</a> from voiceexeattr.o(.text) referenced from voiceexeattr.o(.constdata)
 <LI><a href="#[67]">Get_VoicePlayState_Attr</a> from voiceplayattr.o(.text) referenced from voiceexeattr.o(.constdata)
 <LI><a href="#[5b]">Get_VoiceSenstivity_Attr</a> from voiceexeattr.o(.text) referenced from voiceexeattr.o(.constdata)
 <LI><a href="#[5f]">Get_WorkMode_Attr</a> from voiceexeattr.o(.text) referenced from voiceexeattr.o(.constdata)
 <LI><a href="#[5]">HardFault_Handler</a> from startup_stm32f10x_md.o(.text) referenced from startup_stm32f10x_md.o(RESET)
 <LI><a href="#[98]">HardWDGTest_Attr</a> from wdg.o(.text) referenced from sysexeattr.o(.constdata)
 <LI><a href="#[2d]">I2C1_ER_IRQHandler</a> from startup_stm32f10x_md.o(.text) referenced from startup_stm32f10x_md.o(RESET)
 <LI><a href="#[2c]">I2C1_EV_IRQHandler</a> from startup_stm32f10x_md.o(.text) referenced from startup_stm32f10x_md.o(RESET)
 <LI><a href="#[2f]">I2C2_ER_IRQHandler</a> from startup_stm32f10x_md.o(.text) referenced from startup_stm32f10x_md.o(RESET)
 <LI><a href="#[2e]">I2C2_EV_IRQHandler</a> from startup_stm32f10x_md.o(.text) referenced from startup_stm32f10x_md.o(RESET)
 <LI><a href="#[44]">ImmediatelyDormancy</a> from powerstatus.o(.text) referenced 5 times from voiceplayunit.o(.text)
 <LI><a href="#[3b]">InstructLED_OFF</a> from instruct.o(.text) referenced from instruct.o(.text)
 <LI><a href="#[4c]">Instruct_Run</a> from instruct.o(.text) referenced 4 times from faultmanage.o(.text)
 <LI><a href="#[46]">KeyUnit_Init</a> from keyunit.o(.text) referenced from voicerecognition.o(.text)
 <LI><a href="#[3f]">Key_process</a> from keyunit.o(.text) referenced 3 times from si4432.o(.text)
 <LI><a href="#[41]">LED_Gradual</a> from pwm.o(.text) referenced from pwm.o(.text)
 <LI><a href="#[42]">LED_State2</a> from pwm.o(.text) referenced from pwm.o(.text)
 <LI><a href="#[43]">LED_State4</a> from pwm.o(.text) referenced from pwm.o(.text)
 <LI><a href="#[6]">MemManage_Handler</a> from startup_stm32f10x_md.o(.text) referenced from startup_stm32f10x_md.o(RESET)
 <LI><a href="#[13b]">Msg_Change</a> from cmdprocess.o(.text) referenced from cmdprocess.o(.text)
 <LI><a href="#[4]">NMI_Handler</a> from startup_stm32f10x_md.o(.text) referenced from startup_stm32f10x_md.o(RESET)
 <LI><a href="#[e]">PVD_IRQHandler</a> from startup_stm32f10x_md.o(.text) referenced from startup_stm32f10x_md.o(RESET)
 <LI><a href="#[b]">PendSV_Handler</a> from startup_stm32f10x_md.o(.text) referenced from startup_stm32f10x_md.o(RESET)
 <LI><a href="#[47]">PowerStatus_Get</a> from powerstatus.o(.text) referenced 2 times from voicerecognition.o(.text)
 <LI><a href="#[51]">Program_Write</a> from program.o(.text) referenced from userdatadownload.o(.text)
 <LI><a href="#[142]">PropChangeScanAndExe</a> from linkscanfifo.o(.text) referenced from linkscanfifo.o(.text)
 <LI><a href="#[12]">RCC_IRQHandler</a> from startup_stm32f10x_md.o(.text) referenced from startup_stm32f10x_md.o(RESET)
 <LI><a href="#[36]">RTCAlarm_IRQHandler</a> from startup_stm32f10x_md.o(.text) referenced from startup_stm32f10x_md.o(RESET)
 <LI><a href="#[10]">RTC_IRQHandler</a> from startup_stm32f10x_md.o(.text) referenced from startup_stm32f10x_md.o(RESET)
 <LI><a href="#[3a]">Reset_Check</a> from devicereset.o(.text) referenced from devicereset.o(.text)
 <LI><a href="#[3]">Reset_Handler</a> from startup_stm32f10x_md.o(.text) referenced from startup_stm32f10x_md.o(RESET)
 <LI><a href="#[99]">SI4432Test_Attr</a> from systestattr.o(.text) referenced from sysexeattr.o(.constdata)
 <LI><a href="#[198]">SI4432Test_Fail</a> from systestattr.o(.text) referenced from systestattr.o(.text)
 <LI><a href="#[40]">SI4432_SendEn</a> from si4432.o(.text) referenced from si4432.o(.text)
 <LI><a href="#[30]">SPI1_IRQHandler</a> from startup_stm32f10x_md.o(.text) referenced from startup_stm32f10x_md.o(RESET)
 <LI><a href="#[31]">SPI2_IRQHandler</a> from startup_stm32f10x_md.o(.text) referenced from startup_stm32f10x_md.o(RESET)
 <LI><a href="#[9]">SVC_Handler</a> from startup_stm32f10x_md.o(.text) referenced from startup_stm32f10x_md.o(RESET)
 <LI><a href="#[96]">Set_433Channel_Attr</a> from flashattr.o(.text) referenced from sysexeattr.o(.constdata)
 <LI><a href="#[81]">Set_CmdAckNum_Attr</a> from sysexeattr.o(.text) referenced from sysexeattr.o(.constdata)
 <LI><a href="#[8a]">Set_CommonType_Attr</a> from sysexeattr.o(.text) referenced from sysexeattr.o(.constdata)
 <LI><a href="#[8e]">Set_DelLinkForUnit_Attr</a> from sysexeattr.o(.text) referenced from sysexeattr.o(.constdata)
 <LI><a href="#[60]">Set_DormancyTime_Attr</a> from voiceexeattr.o(.text) referenced from voiceexeattr.o(.constdata)
 <LI><a href="#[9b]">Set_FaultFlag_Attr</a> from sysexeattr.o(.text) referenced from sysexeattr.o(.constdata)
 <LI><a href="#[6f]">Set_Group_Attr</a> from scene&group.o(.text) referenced from sysexeattr.o(.constdata)
 <LI><a href="#[95]">Set_IAPDataCRC_Attr</a> from flashattr.o(.text) referenced 2 times from sysexeattr.o(.constdata)
 <LI><a href="#[93]">Set_IAPPackSave_Attr</a> from flashattr.o(.text) referenced from sysexeattr.o(.constdata)
 <LI><a href="#[92]">Set_IAPReady_Attr</a> from flashattr.o(.text) referenced from sysexeattr.o(.constdata)
 <LI><a href="#[8c]">Set_Link_Attr</a> from sysexeattr.o(.text) referenced from sysexeattr.o(.constdata)
 <LI><a href="#[6a]">Set_ManyUnit_Attr</a> from unitshare_attr.o(.text) referenced from sysexeattr.o(.constdata)
 <LI><a href="#[83]">Set_RepeatBandAddr_Attr</a> from sysexeattr.o(.text) referenced from sysexeattr.o(.constdata)
 <LI><a href="#[73]">Set_RepeatBroadcast_Attr</a> from sysexeattr.o(.text) referenced from sysexeattr.o(.constdata)
 <LI><a href="#[6d]">Set_Scene_Attr</a> from scene&group.o(.text) referenced from sysexeattr.o(.constdata)
 <LI><a href="#[79]">Set_Sign433_RecFrameStream_Attr</a> from sign433attr.o(.text) referenced from sysexeattr.o(.constdata)
 <LI><a href="#[77]">Set_Sign433_StartRecFrame_Attr</a> from sign433attr.o(.text) referenced from sysexeattr.o(.constdata)
 <LI><a href="#[75]">Set_Sign433_StartSendFrame_Attr</a> from sign433attr.o(.text) referenced from sysexeattr.o(.constdata)
 <LI><a href="#[7a]">Set_Sign433_TestState_Attr</a> from sign433attr.o(.text) referenced from sysexeattr.o(.constdata)
 <LI><a href="#[64]">Set_Speakers_Attr</a> from voiceplayattr.o(.text) referenced from voiceexeattr.o(.constdata)
 <LI><a href="#[63]">Set_StopPlay_Attr</a> from voiceplayattr.o(.text) referenced from voiceexeattr.o(.constdata)
 <LI><a href="#[86]">Set_UnitAble_Attr</a> from sysexeattr.o(.text) referenced from sysexeattr.o(.constdata)
 <LI><a href="#[71]">Set_UnitArea_Attr</a> from sysexeattr.o(.text) referenced from sysexeattr.o(.constdata)
 <LI><a href="#[6c]">Set_UnitChecking_Attr</a> from unitshare_attr.o(.text) referenced from sysexeattr.o(.constdata)
 <LI><a href="#[88]">Set_UnitType_Attr</a> from sysexeattr.o(.text) referenced from sysexeattr.o(.constdata)
 <LI><a href="#[85]">Set_UserDataFormat_Attr</a> from sysexeattr.o(.text) referenced from sysexeattr.o(.constdata)
 <LI><a href="#[7e]">Set_UserID_Attr</a> from sysexeattr.o(.text) referenced from sysexeattr.o(.constdata)
 <LI><a href="#[57]">Set_VoiceCmdAdd_Attr</a> from voiceexeattr.o(.text) referenced from voiceexeattr.o(.constdata)
 <LI><a href="#[58]">Set_VoiceCmdDel_Attr</a> from voiceexeattr.o(.text) referenced from voiceexeattr.o(.constdata)
 <LI><a href="#[5c]">Set_VoiceLead_Attr</a> from voiceexeattr.o(.text) referenced from voiceexeattr.o(.constdata)
 <LI><a href="#[66]">Set_VoicePlayState_Attr</a> from voiceplayattr.o(.text) referenced from voiceexeattr.o(.constdata)
 <LI><a href="#[62]">Set_VoicePlay_Attr</a> from voiceplayattr.o(.text) referenced from voiceexeattr.o(.constdata)
 <LI><a href="#[5a]">Set_VoiceSenstivity_Attr</a> from voiceexeattr.o(.text) referenced from voiceexeattr.o(.constdata)
 <LI><a href="#[5e]">Set_WorkMode_Attr</a> from voiceexeattr.o(.text) referenced from voiceexeattr.o(.constdata)
 <LI><a href="#[3c]">Si4432_Init</a> from si4432.o(.text) referenced 2 times from si4432.o(.text)
 <LI><a href="#[4a]">Si4432_Send</a> from si4432.o(.text) referenced 2 times from cmdprocess.o(.text)
 <LI><a href="#[3d]">Si4432_Threshold</a> from si4432.o(.text) referenced 2 times from si4432.o(.text)
 <LI><a href="#[197]">Sign433_SendTestFrame</a> from sign433.o(.text) referenced from sign433.o(.text)
 <LI><a href="#[4d]">Sign433_SendTestReport</a> from sign433.o(.text) referenced from sign433attr.o(.text)
 <LI><a href="#[53]">SysAttr_Init</a> from sysexeattr.o(.text) referenced from unitcfg.o(.constdata)
 <LI><a href="#[c]">SysTick_Handler</a> from systick.o(.text) referenced from startup_stm32f10x_md.o(RESET)
 <LI><a href="#[38]">SystemInit</a> from system_stm32f10x.o(.text) referenced from startup_stm32f10x_md.o(.text)
 <LI><a href="#[f]">TAMPER_IRQHandler</a> from startup_stm32f10x_md.o(.text) referenced from startup_stm32f10x_md.o(RESET)
 <LI><a href="#[25]">TIM1_BRK_IRQHandler</a> from startup_stm32f10x_md.o(.text) referenced from startup_stm32f10x_md.o(RESET)
 <LI><a href="#[28]">TIM1_CC_IRQHandler</a> from startup_stm32f10x_md.o(.text) referenced from startup_stm32f10x_md.o(RESET)
 <LI><a href="#[27]">TIM1_TRG_COM_IRQHandler</a> from startup_stm32f10x_md.o(.text) referenced from startup_stm32f10x_md.o(RESET)
 <LI><a href="#[26]">TIM1_UP_IRQHandler</a> from startup_stm32f10x_md.o(.text) referenced from startup_stm32f10x_md.o(RESET)
 <LI><a href="#[29]">TIM2_IRQHandler</a> from startup_stm32f10x_md.o(.text) referenced from startup_stm32f10x_md.o(RESET)
 <LI><a href="#[2a]">TIM3_IRQHandler</a> from startup_stm32f10x_md.o(.text) referenced from startup_stm32f10x_md.o(RESET)
 <LI><a href="#[2b]">TIM4_IRQHandler</a> from startup_stm32f10x_md.o(.text) referenced from startup_stm32f10x_md.o(RESET)
 <LI><a href="#[50]">UART_Send</a> from usart.o(.text) referenced from systestattr.o(.text)
 <LI><a href="#[32]">USART1_IRQHandler</a> from startup_stm32f10x_md.o(.text) referenced from startup_stm32f10x_md.o(RESET)
 <LI><a href="#[33]">USART2_IRQHandler</a> from usart.o(.text) referenced from startup_stm32f10x_md.o(RESET)
 <LI><a href="#[34]">USART3_IRQHandler</a> from startup_stm32f10x_md.o(.text) referenced from startup_stm32f10x_md.o(RESET)
 <LI><a href="#[37]">USBWakeUp_IRQHandler</a> from startup_stm32f10x_md.o(.text) referenced from startup_stm32f10x_md.o(RESET)
 <LI><a href="#[20]">USB_HP_CAN1_TX_IRQHandler</a> from startup_stm32f10x_md.o(.text) referenced from startup_stm32f10x_md.o(RESET)
 <LI><a href="#[21]">USB_LP_CAN1_RX0_IRQHandler</a> from startup_stm32f10x_md.o(.text) referenced from startup_stm32f10x_md.o(RESET)
 <LI><a href="#[56]">UnitInstruct</a> from voiceplayunit.o(.text) referenced from unitcfg.o(.constdata)
 <LI><a href="#[4f]">Upload_Attr</a> from upload.o(.text) referenced from upload.o(.text)
 <LI><a href="#[8]">UsageFault_Handler</a> from startup_stm32f10x_md.o(.text) referenced from startup_stm32f10x_md.o(RESET)
 <LI><a href="#[8f]">UserDataDownload_Ready</a> from userdatadownload.o(.text) referenced from sysexeattr.o(.constdata)
 <LI><a href="#[91]">UserDataFrame_Check</a> from userdatadownload.o(.text) referenced from sysexeattr.o(.constdata)
 <LI><a href="#[90]">UserDataFrame_Save</a> from userdatadownload.o(.text) referenced from sysexeattr.o(.constdata)
 <LI><a href="#[148]">UserData_Init</a> from userdata.o(.text) referenced 2 times from userdata.o(.text)
 <LI><a href="#[55]">VoiceEepromInit</a> from voiceexeattr.o(.text) referenced from unitcfg.o(.constdata)
 <LI><a href="#[54]">VoiceParaInit</a> from voiceexeattr.o(.text) referenced from unitcfg.o(.constdata)
 <LI><a href="#[49]">VoicePlay</a> from voiceplayunit.o(.text) referenced from voicerecognition.o(.text)
 <LI><a href="#[12c]">Voice_CmdUpdata</a> from voicerecognition.o(.text) referenced 2 times from voicerecognition.o(.text)
 <LI><a href="#[12f]">Voice_Disable</a> from voicerecognition.o(.text) referenced from voicerecognition.o(.text)
 <LI><a href="#[48]">Voice_IDProcess</a> from voicerecognition.o(.text) referenced from voicerecognition.o(.text)
 <LI><a href="#[116]">Voice_Reset</a> from voicerecognition.o(.text) referenced from voicerecognition.o(.text)
 <LI><a href="#[f2]">WDG_Feed</a> from wdg.o(.text) referenced 2 times from wdg.o(.text)
 <LI><a href="#[d]">WWDG_IRQHandler</a> from startup_stm32f10x_md.o(.text) referenced from startup_stm32f10x_md.o(RESET)
 <LI><a href="#[9d]">__main</a> from __main.o(!!!main) referenced from startup_stm32f10x_md.o(.text)
</UL>
<P>
<H3>
Global Symbols
</H3>
<P><STRONG><a name="[9d]"></a>__main</STRONG> (Thumb, 8 bytes, Stack size 0 bytes, __main.o(!!!main))
<BR><BR>[Calls]<UL><LI><a href="#[9e]">&gt;&gt;</a>&nbsp;&nbsp;&nbsp;__scatterload
<LI><a href="#[9f]">&gt;&gt;</a>&nbsp;&nbsp;&nbsp;__rt_entry
</UL>

<P><STRONG><a name="[9e]"></a>__scatterload</STRONG> (Thumb, 0 bytes, Stack size unknown bytes, __scatter.o(!!!scatter))
<BR><BR>[Called By]<UL><LI><a href="#[9d]">&gt;&gt;</a>&nbsp;&nbsp;&nbsp;__main
</UL>

<P><STRONG><a name="[a0]"></a>__scatterload_rt2</STRONG> (Thumb, 44 bytes, Stack size unknown bytes, __scatter.o(!!!scatter), UNUSED)
<BR><BR>[Calls]<UL><LI><a href="#[9f]">&gt;&gt;</a>&nbsp;&nbsp;&nbsp;__rt_entry
</UL>

<P><STRONG><a name="[1a6]"></a>__scatterload_rt2_thumb_only</STRONG> (Thumb, 0 bytes, Stack size unknown bytes, __scatter.o(!!!scatter), UNUSED)

<P><STRONG><a name="[1a7]"></a>__scatterload_null</STRONG> (Thumb, 0 bytes, Stack size unknown bytes, __scatter.o(!!!scatter), UNUSED)

<P><STRONG><a name="[a1]"></a>__scatterload_copy</STRONG> (Thumb, 26 bytes, Stack size unknown bytes, __scatter_copy.o(!!handler_copy), UNUSED)
<BR><BR>[Calls]<UL><LI><a href="#[a1]">&gt;&gt;</a>&nbsp;&nbsp;&nbsp;__scatterload_copy
</UL>
<BR>[Called By]<UL><LI><a href="#[a1]">&gt;&gt;</a>&nbsp;&nbsp;&nbsp;__scatterload_copy
</UL>

<P><STRONG><a name="[1a8]"></a>__scatterload_zeroinit</STRONG> (Thumb, 28 bytes, Stack size unknown bytes, __scatter_zi.o(!!handler_zi), UNUSED)

<P><STRONG><a name="[a5]"></a>__rt_lib_init</STRONG> (Thumb, 0 bytes, Stack size unknown bytes, libinit.o(.ARM.Collect$$libinit$$00000000))
<BR><BR>[Called By]<UL><LI><a href="#[a4]">&gt;&gt;</a>&nbsp;&nbsp;&nbsp;__rt_entry_li
</UL>

<P><STRONG><a name="[1a9]"></a>__rt_lib_init_alloca_1</STRONG> (Thumb, 0 bytes, Stack size unknown bytes, libinit2.o(.ARM.Collect$$libinit$$0000002E))

<P><STRONG><a name="[1aa]"></a>__rt_lib_init_argv_1</STRONG> (Thumb, 0 bytes, Stack size unknown bytes, libinit2.o(.ARM.Collect$$libinit$$0000002C))

<P><STRONG><a name="[1ab]"></a>__rt_lib_init_atexit_1</STRONG> (Thumb, 0 bytes, Stack size unknown bytes, libinit2.o(.ARM.Collect$$libinit$$0000001B))

<P><STRONG><a name="[1ac]"></a>__rt_lib_init_clock_1</STRONG> (Thumb, 0 bytes, Stack size unknown bytes, libinit2.o(.ARM.Collect$$libinit$$00000021))

<P><STRONG><a name="[1ad]"></a>__rt_lib_init_cpp_1</STRONG> (Thumb, 0 bytes, Stack size unknown bytes, libinit2.o(.ARM.Collect$$libinit$$00000032))

<P><STRONG><a name="[1ae]"></a>__rt_lib_init_exceptions_1</STRONG> (Thumb, 0 bytes, Stack size unknown bytes, libinit2.o(.ARM.Collect$$libinit$$00000030))

<P><STRONG><a name="[1af]"></a>__rt_lib_init_fp_1</STRONG> (Thumb, 0 bytes, Stack size unknown bytes, libinit2.o(.ARM.Collect$$libinit$$00000002))

<P><STRONG><a name="[1b0]"></a>__rt_lib_init_fp_trap_1</STRONG> (Thumb, 0 bytes, Stack size unknown bytes, libinit2.o(.ARM.Collect$$libinit$$0000001F))

<P><STRONG><a name="[1b1]"></a>__rt_lib_init_getenv_1</STRONG> (Thumb, 0 bytes, Stack size unknown bytes, libinit2.o(.ARM.Collect$$libinit$$00000023))

<P><STRONG><a name="[1b2]"></a>__rt_lib_init_heap_1</STRONG> (Thumb, 0 bytes, Stack size unknown bytes, libinit2.o(.ARM.Collect$$libinit$$0000000A))

<P><STRONG><a name="[1b3]"></a>__rt_lib_init_lc_collate_1</STRONG> (Thumb, 0 bytes, Stack size unknown bytes, libinit2.o(.ARM.Collect$$libinit$$00000011))

<P><STRONG><a name="[1b4]"></a>__rt_lib_init_lc_ctype_1</STRONG> (Thumb, 0 bytes, Stack size unknown bytes, libinit2.o(.ARM.Collect$$libinit$$00000013))

<P><STRONG><a name="[1b5]"></a>__rt_lib_init_lc_monetary_1</STRONG> (Thumb, 0 bytes, Stack size unknown bytes, libinit2.o(.ARM.Collect$$libinit$$00000015))

<P><STRONG><a name="[1b6]"></a>__rt_lib_init_lc_numeric_1</STRONG> (Thumb, 0 bytes, Stack size unknown bytes, libinit2.o(.ARM.Collect$$libinit$$00000017))

<P><STRONG><a name="[1b7]"></a>__rt_lib_init_lc_time_1</STRONG> (Thumb, 0 bytes, Stack size unknown bytes, libinit2.o(.ARM.Collect$$libinit$$00000019))

<P><STRONG><a name="[1b8]"></a>__rt_lib_init_preinit_1</STRONG> (Thumb, 0 bytes, Stack size unknown bytes, libinit2.o(.ARM.Collect$$libinit$$00000004))

<P><STRONG><a name="[1b9]"></a>__rt_lib_init_rand_1</STRONG> (Thumb, 0 bytes, Stack size unknown bytes, libinit2.o(.ARM.Collect$$libinit$$0000000E))

<P><STRONG><a name="[1ba]"></a>__rt_lib_init_return</STRONG> (Thumb, 0 bytes, Stack size unknown bytes, libinit2.o(.ARM.Collect$$libinit$$00000033))

<P><STRONG><a name="[1bb]"></a>__rt_lib_init_signal_1</STRONG> (Thumb, 0 bytes, Stack size unknown bytes, libinit2.o(.ARM.Collect$$libinit$$0000001D))

<P><STRONG><a name="[1bc]"></a>__rt_lib_init_stdio_1</STRONG> (Thumb, 0 bytes, Stack size unknown bytes, libinit2.o(.ARM.Collect$$libinit$$00000025))

<P><STRONG><a name="[1bd]"></a>__rt_lib_init_user_alloc_1</STRONG> (Thumb, 0 bytes, Stack size unknown bytes, libinit2.o(.ARM.Collect$$libinit$$0000000C))

<P><STRONG><a name="[aa]"></a>__rt_lib_shutdown</STRONG> (Thumb, 0 bytes, Stack size unknown bytes, libshutdown.o(.ARM.Collect$$libshutdown$$00000000))
<BR><BR>[Called By]<UL><LI><a href="#[a9]">&gt;&gt;</a>&nbsp;&nbsp;&nbsp;__rt_exit_ls
</UL>

<P><STRONG><a name="[1be]"></a>__rt_lib_shutdown_fp_trap_1</STRONG> (Thumb, 0 bytes, Stack size unknown bytes, libshutdown2.o(.ARM.Collect$$libshutdown$$00000006))

<P><STRONG><a name="[1bf]"></a>__rt_lib_shutdown_heap_1</STRONG> (Thumb, 0 bytes, Stack size unknown bytes, libshutdown2.o(.ARM.Collect$$libshutdown$$0000000E))

<P><STRONG><a name="[1c0]"></a>__rt_lib_shutdown_return</STRONG> (Thumb, 0 bytes, Stack size unknown bytes, libshutdown2.o(.ARM.Collect$$libshutdown$$0000000F))

<P><STRONG><a name="[1c1]"></a>__rt_lib_shutdown_signal_1</STRONG> (Thumb, 0 bytes, Stack size unknown bytes, libshutdown2.o(.ARM.Collect$$libshutdown$$00000009))

<P><STRONG><a name="[1c2]"></a>__rt_lib_shutdown_stdio_1</STRONG> (Thumb, 0 bytes, Stack size unknown bytes, libshutdown2.o(.ARM.Collect$$libshutdown$$00000003))

<P><STRONG><a name="[1c3]"></a>__rt_lib_shutdown_user_alloc_1</STRONG> (Thumb, 0 bytes, Stack size unknown bytes, libshutdown2.o(.ARM.Collect$$libshutdown$$0000000B))

<P><STRONG><a name="[9f]"></a>__rt_entry</STRONG> (Thumb, 0 bytes, Stack size unknown bytes, __rtentry.o(.ARM.Collect$$rtentry$$00000000))
<BR><BR>[Called By]<UL><LI><a href="#[9d]">&gt;&gt;</a>&nbsp;&nbsp;&nbsp;__main
<LI><a href="#[a0]">&gt;&gt;</a>&nbsp;&nbsp;&nbsp;__scatterload_rt2
</UL>

<P><STRONG><a name="[1c4]"></a>__rt_entry_presh_1</STRONG> (Thumb, 0 bytes, Stack size unknown bytes, __rtentry2.o(.ARM.Collect$$rtentry$$00000002))

<P><STRONG><a name="[a2]"></a>__rt_entry_sh</STRONG> (Thumb, 0 bytes, Stack size unknown bytes, __rtentry4.o(.ARM.Collect$$rtentry$$00000004))
<BR><BR>[Stack]<UL><LI>Max Depth = 8 + Unknown Stack Size
<LI>Call Chain = __rt_entry_sh &rArr; __user_setup_stackheap
</UL>
<BR>[Calls]<UL><LI><a href="#[a3]">&gt;&gt;</a>&nbsp;&nbsp;&nbsp;__user_setup_stackheap
</UL>

<P><STRONG><a name="[a4]"></a>__rt_entry_li</STRONG> (Thumb, 0 bytes, Stack size unknown bytes, __rtentry2.o(.ARM.Collect$$rtentry$$0000000A))
<BR><BR>[Calls]<UL><LI><a href="#[a5]">&gt;&gt;</a>&nbsp;&nbsp;&nbsp;__rt_lib_init
</UL>

<P><STRONG><a name="[1c5]"></a>__rt_entry_postsh_1</STRONG> (Thumb, 0 bytes, Stack size unknown bytes, __rtentry2.o(.ARM.Collect$$rtentry$$00000009))

<P><STRONG><a name="[a6]"></a>__rt_entry_main</STRONG> (Thumb, 0 bytes, Stack size unknown bytes, __rtentry2.o(.ARM.Collect$$rtentry$$0000000D))
<BR><BR>[Stack]<UL><LI>Max Depth = 116 + Unknown Stack Size
<LI>Call Chain = __rt_entry_main &rArr; main &rArr; Unit_Init &rArr; UnitPublicEEPROMData_Get &rArr; ReadDataFromEEPROM &rArr;  Fault_Upload (Cycle)
</UL>
<BR>[Calls]<UL><LI><a href="#[a7]">&gt;&gt;</a>&nbsp;&nbsp;&nbsp;main
<LI><a href="#[a8]">&gt;&gt;</a>&nbsp;&nbsp;&nbsp;exit
</UL>

<P><STRONG><a name="[1c6]"></a>__rt_entry_postli_1</STRONG> (Thumb, 0 bytes, Stack size unknown bytes, __rtentry2.o(.ARM.Collect$$rtentry$$0000000C))

<P><STRONG><a name="[19d]"></a>__rt_exit</STRONG> (Thumb, 0 bytes, Stack size unknown bytes, rtexit.o(.ARM.Collect$$rtexit$$00000000))
<BR><BR>[Called By]<UL><LI><a href="#[a8]">&gt;&gt;</a>&nbsp;&nbsp;&nbsp;exit
</UL>

<P><STRONG><a name="[a9]"></a>__rt_exit_ls</STRONG> (Thumb, 0 bytes, Stack size unknown bytes, rtexit2.o(.ARM.Collect$$rtexit$$00000003))
<BR><BR>[Calls]<UL><LI><a href="#[aa]">&gt;&gt;</a>&nbsp;&nbsp;&nbsp;__rt_lib_shutdown
</UL>

<P><STRONG><a name="[1c7]"></a>__rt_exit_prels_1</STRONG> (Thumb, 0 bytes, Stack size unknown bytes, rtexit2.o(.ARM.Collect$$rtexit$$00000002))

<P><STRONG><a name="[ab]"></a>__rt_exit_exit</STRONG> (Thumb, 0 bytes, Stack size unknown bytes, rtexit2.o(.ARM.Collect$$rtexit$$00000004))
<BR><BR>[Calls]<UL><LI><a href="#[ac]">&gt;&gt;</a>&nbsp;&nbsp;&nbsp;_sys_exit
</UL>

<P><STRONG><a name="[38]"></a>SystemInit</STRONG> (Thumb, 78 bytes, Stack size 8 bytes, system_stm32f10x.o(.text))
<BR><BR>[Stack]<UL><LI>Max Depth = 28<LI>Call Chain = SystemInit &rArr; SetSysClock &rArr; SetSysClockTo72
</UL>
<BR>[Calls]<UL><LI><a href="#[ad]">&gt;&gt;</a>&nbsp;&nbsp;&nbsp;SetSysClock
</UL>
<BR>[Address Reference Count : 1]<UL><LI> startup_stm32f10x_md.o(.text)
</UL>
<P><STRONG><a name="[1c8]"></a>SystemCoreClockUpdate</STRONG> (Thumb, 142 bytes, Stack size 8 bytes, system_stm32f10x.o(.text), UNUSED)

<P><STRONG><a name="[3]"></a>Reset_Handler</STRONG> (Thumb, 8 bytes, Stack size 0 bytes, startup_stm32f10x_md.o(.text))
<BR>[Address Reference Count : 1]<UL><LI> startup_stm32f10x_md.o(RESET)
</UL>
<P><STRONG><a name="[4]"></a>NMI_Handler</STRONG> (Thumb, 2 bytes, Stack size 0 bytes, startup_stm32f10x_md.o(.text))
<BR><BR>[Calls]<UL><LI><a href="#[4]">&gt;&gt;</a>&nbsp;&nbsp;&nbsp;NMI_Handler
</UL>
<BR>[Called By]<UL><LI><a href="#[4]">&gt;&gt;</a>&nbsp;&nbsp;&nbsp;NMI_Handler
</UL>
<BR>[Address Reference Count : 1]<UL><LI> startup_stm32f10x_md.o(RESET)
</UL>
<P><STRONG><a name="[5]"></a>HardFault_Handler</STRONG> (Thumb, 2 bytes, Stack size 0 bytes, startup_stm32f10x_md.o(.text))
<BR><BR>[Calls]<UL><LI><a href="#[5]">&gt;&gt;</a>&nbsp;&nbsp;&nbsp;HardFault_Handler
</UL>
<BR>[Called By]<UL><LI><a href="#[5]">&gt;&gt;</a>&nbsp;&nbsp;&nbsp;HardFault_Handler
</UL>
<BR>[Address Reference Count : 1]<UL><LI> startup_stm32f10x_md.o(RESET)
</UL>
<P><STRONG><a name="[6]"></a>MemManage_Handler</STRONG> (Thumb, 2 bytes, Stack size 0 bytes, startup_stm32f10x_md.o(.text))
<BR><BR>[Calls]<UL><LI><a href="#[6]">&gt;&gt;</a>&nbsp;&nbsp;&nbsp;MemManage_Handler
</UL>
<BR>[Called By]<UL><LI><a href="#[6]">&gt;&gt;</a>&nbsp;&nbsp;&nbsp;MemManage_Handler
</UL>
<BR>[Address Reference Count : 1]<UL><LI> startup_stm32f10x_md.o(RESET)
</UL>
<P><STRONG><a name="[7]"></a>BusFault_Handler</STRONG> (Thumb, 2 bytes, Stack size 0 bytes, startup_stm32f10x_md.o(.text))
<BR><BR>[Calls]<UL><LI><a href="#[7]">&gt;&gt;</a>&nbsp;&nbsp;&nbsp;BusFault_Handler
</UL>
<BR>[Called By]<UL><LI><a href="#[7]">&gt;&gt;</a>&nbsp;&nbsp;&nbsp;BusFault_Handler
</UL>
<BR>[Address Reference Count : 1]<UL><LI> startup_stm32f10x_md.o(RESET)
</UL>
<P><STRONG><a name="[8]"></a>UsageFault_Handler</STRONG> (Thumb, 2 bytes, Stack size 0 bytes, startup_stm32f10x_md.o(.text))
<BR><BR>[Calls]<UL><LI><a href="#[8]">&gt;&gt;</a>&nbsp;&nbsp;&nbsp;UsageFault_Handler
</UL>
<BR>[Called By]<UL><LI><a href="#[8]">&gt;&gt;</a>&nbsp;&nbsp;&nbsp;UsageFault_Handler
</UL>
<BR>[Address Reference Count : 1]<UL><LI> startup_stm32f10x_md.o(RESET)
</UL>
<P><STRONG><a name="[9]"></a>SVC_Handler</STRONG> (Thumb, 2 bytes, Stack size 0 bytes, startup_stm32f10x_md.o(.text))
<BR><BR>[Calls]<UL><LI><a href="#[9]">&gt;&gt;</a>&nbsp;&nbsp;&nbsp;SVC_Handler
</UL>
<BR>[Called By]<UL><LI><a href="#[9]">&gt;&gt;</a>&nbsp;&nbsp;&nbsp;SVC_Handler
</UL>
<BR>[Address Reference Count : 1]<UL><LI> startup_stm32f10x_md.o(RESET)
</UL>
<P><STRONG><a name="[a]"></a>DebugMon_Handler</STRONG> (Thumb, 2 bytes, Stack size 0 bytes, startup_stm32f10x_md.o(.text))
<BR><BR>[Calls]<UL><LI><a href="#[a]">&gt;&gt;</a>&nbsp;&nbsp;&nbsp;DebugMon_Handler
</UL>
<BR>[Called By]<UL><LI><a href="#[a]">&gt;&gt;</a>&nbsp;&nbsp;&nbsp;DebugMon_Handler
</UL>
<BR>[Address Reference Count : 1]<UL><LI> startup_stm32f10x_md.o(RESET)
</UL>
<P><STRONG><a name="[b]"></a>PendSV_Handler</STRONG> (Thumb, 2 bytes, Stack size 0 bytes, startup_stm32f10x_md.o(.text))
<BR><BR>[Calls]<UL><LI><a href="#[b]">&gt;&gt;</a>&nbsp;&nbsp;&nbsp;PendSV_Handler
</UL>
<BR>[Called By]<UL><LI><a href="#[b]">&gt;&gt;</a>&nbsp;&nbsp;&nbsp;PendSV_Handler
</UL>
<BR>[Address Reference Count : 1]<UL><LI> startup_stm32f10x_md.o(RESET)
</UL>
<P><STRONG><a name="[1f]"></a>ADC1_2_IRQHandler</STRONG> (Thumb, 0 bytes, Stack size 0 bytes, startup_stm32f10x_md.o(.text))
<BR><BR>[Calls]<UL><LI><a href="#[1f]">&gt;&gt;</a>&nbsp;&nbsp;&nbsp;ADC1_2_IRQHandler
</UL>
<BR>[Called By]<UL><LI><a href="#[1f]">&gt;&gt;</a>&nbsp;&nbsp;&nbsp;ADC1_2_IRQHandler
</UL>
<BR>[Address Reference Count : 1]<UL><LI> startup_stm32f10x_md.o(RESET)
</UL>
<P><STRONG><a name="[22]"></a>CAN1_RX1_IRQHandler</STRONG> (Thumb, 0 bytes, Stack size 0 bytes, startup_stm32f10x_md.o(.text))
<BR>[Address Reference Count : 1]<UL><LI> startup_stm32f10x_md.o(RESET)
</UL>
<P><STRONG><a name="[23]"></a>CAN1_SCE_IRQHandler</STRONG> (Thumb, 0 bytes, Stack size 0 bytes, startup_stm32f10x_md.o(.text))
<BR>[Address Reference Count : 1]<UL><LI> startup_stm32f10x_md.o(RESET)
</UL>
<P><STRONG><a name="[18]"></a>DMA1_Channel1_IRQHandler</STRONG> (Thumb, 0 bytes, Stack size 0 bytes, startup_stm32f10x_md.o(.text))
<BR>[Address Reference Count : 1]<UL><LI> startup_stm32f10x_md.o(RESET)
</UL>
<P><STRONG><a name="[19]"></a>DMA1_Channel2_IRQHandler</STRONG> (Thumb, 0 bytes, Stack size 0 bytes, startup_stm32f10x_md.o(.text))
<BR>[Address Reference Count : 1]<UL><LI> startup_stm32f10x_md.o(RESET)
</UL>
<P><STRONG><a name="[1a]"></a>DMA1_Channel3_IRQHandler</STRONG> (Thumb, 0 bytes, Stack size 0 bytes, startup_stm32f10x_md.o(.text))
<BR>[Address Reference Count : 1]<UL><LI> startup_stm32f10x_md.o(RESET)
</UL>
<P><STRONG><a name="[1b]"></a>DMA1_Channel4_IRQHandler</STRONG> (Thumb, 0 bytes, Stack size 0 bytes, startup_stm32f10x_md.o(.text))
<BR>[Address Reference Count : 1]<UL><LI> startup_stm32f10x_md.o(RESET)
</UL>
<P><STRONG><a name="[1c]"></a>DMA1_Channel5_IRQHandler</STRONG> (Thumb, 0 bytes, Stack size 0 bytes, startup_stm32f10x_md.o(.text))
<BR>[Address Reference Count : 1]<UL><LI> startup_stm32f10x_md.o(RESET)
</UL>
<P><STRONG><a name="[1d]"></a>DMA1_Channel6_IRQHandler</STRONG> (Thumb, 0 bytes, Stack size 0 bytes, startup_stm32f10x_md.o(.text))
<BR>[Address Reference Count : 1]<UL><LI> startup_stm32f10x_md.o(RESET)
</UL>
<P><STRONG><a name="[1e]"></a>DMA1_Channel7_IRQHandler</STRONG> (Thumb, 0 bytes, Stack size 0 bytes, startup_stm32f10x_md.o(.text))
<BR>[Address Reference Count : 1]<UL><LI> startup_stm32f10x_md.o(RESET)
</UL>
<P><STRONG><a name="[13]"></a>EXTI0_IRQHandler</STRONG> (Thumb, 0 bytes, Stack size 0 bytes, startup_stm32f10x_md.o(.text))
<BR>[Address Reference Count : 1]<UL><LI> startup_stm32f10x_md.o(RESET)
</UL>
<P><STRONG><a name="[14]"></a>EXTI1_IRQHandler</STRONG> (Thumb, 0 bytes, Stack size 0 bytes, startup_stm32f10x_md.o(.text))
<BR>[Address Reference Count : 1]<UL><LI> startup_stm32f10x_md.o(RESET)
</UL>
<P><STRONG><a name="[15]"></a>EXTI2_IRQHandler</STRONG> (Thumb, 0 bytes, Stack size 0 bytes, startup_stm32f10x_md.o(.text))
<BR>[Address Reference Count : 1]<UL><LI> startup_stm32f10x_md.o(RESET)
</UL>
<P><STRONG><a name="[16]"></a>EXTI3_IRQHandler</STRONG> (Thumb, 0 bytes, Stack size 0 bytes, startup_stm32f10x_md.o(.text))
<BR>[Address Reference Count : 1]<UL><LI> startup_stm32f10x_md.o(RESET)
</UL>
<P><STRONG><a name="[17]"></a>EXTI4_IRQHandler</STRONG> (Thumb, 0 bytes, Stack size 0 bytes, startup_stm32f10x_md.o(.text))
<BR>[Address Reference Count : 1]<UL><LI> startup_stm32f10x_md.o(RESET)
</UL>
<P><STRONG><a name="[24]"></a>EXTI9_5_IRQHandler</STRONG> (Thumb, 0 bytes, Stack size 0 bytes, startup_stm32f10x_md.o(.text))
<BR>[Address Reference Count : 1]<UL><LI> startup_stm32f10x_md.o(RESET)
</UL>
<P><STRONG><a name="[11]"></a>FLASH_IRQHandler</STRONG> (Thumb, 0 bytes, Stack size 0 bytes, startup_stm32f10x_md.o(.text))
<BR>[Address Reference Count : 1]<UL><LI> startup_stm32f10x_md.o(RESET)
</UL>
<P><STRONG><a name="[2d]"></a>I2C1_ER_IRQHandler</STRONG> (Thumb, 0 bytes, Stack size 0 bytes, startup_stm32f10x_md.o(.text))
<BR>[Address Reference Count : 1]<UL><LI> startup_stm32f10x_md.o(RESET)
</UL>
<P><STRONG><a name="[2c]"></a>I2C1_EV_IRQHandler</STRONG> (Thumb, 0 bytes, Stack size 0 bytes, startup_stm32f10x_md.o(.text))
<BR>[Address Reference Count : 1]<UL><LI> startup_stm32f10x_md.o(RESET)
</UL>
<P><STRONG><a name="[2f]"></a>I2C2_ER_IRQHandler</STRONG> (Thumb, 0 bytes, Stack size 0 bytes, startup_stm32f10x_md.o(.text))
<BR>[Address Reference Count : 1]<UL><LI> startup_stm32f10x_md.o(RESET)
</UL>
<P><STRONG><a name="[2e]"></a>I2C2_EV_IRQHandler</STRONG> (Thumb, 0 bytes, Stack size 0 bytes, startup_stm32f10x_md.o(.text))
<BR>[Address Reference Count : 1]<UL><LI> startup_stm32f10x_md.o(RESET)
</UL>
<P><STRONG><a name="[e]"></a>PVD_IRQHandler</STRONG> (Thumb, 0 bytes, Stack size 0 bytes, startup_stm32f10x_md.o(.text))
<BR>[Address Reference Count : 1]<UL><LI> startup_stm32f10x_md.o(RESET)
</UL>
<P><STRONG><a name="[12]"></a>RCC_IRQHandler</STRONG> (Thumb, 0 bytes, Stack size 0 bytes, startup_stm32f10x_md.o(.text))
<BR>[Address Reference Count : 1]<UL><LI> startup_stm32f10x_md.o(RESET)
</UL>
<P><STRONG><a name="[36]"></a>RTCAlarm_IRQHandler</STRONG> (Thumb, 0 bytes, Stack size 0 bytes, startup_stm32f10x_md.o(.text))
<BR>[Address Reference Count : 1]<UL><LI> startup_stm32f10x_md.o(RESET)
</UL>
<P><STRONG><a name="[10]"></a>RTC_IRQHandler</STRONG> (Thumb, 0 bytes, Stack size 0 bytes, startup_stm32f10x_md.o(.text))
<BR>[Address Reference Count : 1]<UL><LI> startup_stm32f10x_md.o(RESET)
</UL>
<P><STRONG><a name="[30]"></a>SPI1_IRQHandler</STRONG> (Thumb, 0 bytes, Stack size 0 bytes, startup_stm32f10x_md.o(.text))
<BR>[Address Reference Count : 1]<UL><LI> startup_stm32f10x_md.o(RESET)
</UL>
<P><STRONG><a name="[31]"></a>SPI2_IRQHandler</STRONG> (Thumb, 0 bytes, Stack size 0 bytes, startup_stm32f10x_md.o(.text))
<BR>[Address Reference Count : 1]<UL><LI> startup_stm32f10x_md.o(RESET)
</UL>
<P><STRONG><a name="[f]"></a>TAMPER_IRQHandler</STRONG> (Thumb, 0 bytes, Stack size 0 bytes, startup_stm32f10x_md.o(.text))
<BR>[Address Reference Count : 1]<UL><LI> startup_stm32f10x_md.o(RESET)
</UL>
<P><STRONG><a name="[25]"></a>TIM1_BRK_IRQHandler</STRONG> (Thumb, 0 bytes, Stack size 0 bytes, startup_stm32f10x_md.o(.text))
<BR>[Address Reference Count : 1]<UL><LI> startup_stm32f10x_md.o(RESET)
</UL>
<P><STRONG><a name="[28]"></a>TIM1_CC_IRQHandler</STRONG> (Thumb, 0 bytes, Stack size 0 bytes, startup_stm32f10x_md.o(.text))
<BR>[Address Reference Count : 1]<UL><LI> startup_stm32f10x_md.o(RESET)
</UL>
<P><STRONG><a name="[27]"></a>TIM1_TRG_COM_IRQHandler</STRONG> (Thumb, 0 bytes, Stack size 0 bytes, startup_stm32f10x_md.o(.text))
<BR>[Address Reference Count : 1]<UL><LI> startup_stm32f10x_md.o(RESET)
</UL>
<P><STRONG><a name="[26]"></a>TIM1_UP_IRQHandler</STRONG> (Thumb, 0 bytes, Stack size 0 bytes, startup_stm32f10x_md.o(.text))
<BR>[Address Reference Count : 1]<UL><LI> startup_stm32f10x_md.o(RESET)
</UL>
<P><STRONG><a name="[29]"></a>TIM2_IRQHandler</STRONG> (Thumb, 0 bytes, Stack size 0 bytes, startup_stm32f10x_md.o(.text))
<BR>[Address Reference Count : 1]<UL><LI> startup_stm32f10x_md.o(RESET)
</UL>
<P><STRONG><a name="[2a]"></a>TIM3_IRQHandler</STRONG> (Thumb, 0 bytes, Stack size 0 bytes, startup_stm32f10x_md.o(.text))
<BR>[Address Reference Count : 1]<UL><LI> startup_stm32f10x_md.o(RESET)
</UL>
<P><STRONG><a name="[2b]"></a>TIM4_IRQHandler</STRONG> (Thumb, 0 bytes, Stack size 0 bytes, startup_stm32f10x_md.o(.text))
<BR>[Address Reference Count : 1]<UL><LI> startup_stm32f10x_md.o(RESET)
</UL>
<P><STRONG><a name="[32]"></a>USART1_IRQHandler</STRONG> (Thumb, 0 bytes, Stack size 0 bytes, startup_stm32f10x_md.o(.text))
<BR>[Address Reference Count : 1]<UL><LI> startup_stm32f10x_md.o(RESET)
</UL>
<P><STRONG><a name="[34]"></a>USART3_IRQHandler</STRONG> (Thumb, 0 bytes, Stack size 0 bytes, startup_stm32f10x_md.o(.text))
<BR>[Address Reference Count : 1]<UL><LI> startup_stm32f10x_md.o(RESET)
</UL>
<P><STRONG><a name="[37]"></a>USBWakeUp_IRQHandler</STRONG> (Thumb, 0 bytes, Stack size 0 bytes, startup_stm32f10x_md.o(.text))
<BR>[Address Reference Count : 1]<UL><LI> startup_stm32f10x_md.o(RESET)
</UL>
<P><STRONG><a name="[20]"></a>USB_HP_CAN1_TX_IRQHandler</STRONG> (Thumb, 0 bytes, Stack size 0 bytes, startup_stm32f10x_md.o(.text))
<BR>[Address Reference Count : 1]<UL><LI> startup_stm32f10x_md.o(RESET)
</UL>
<P><STRONG><a name="[21]"></a>USB_LP_CAN1_RX0_IRQHandler</STRONG> (Thumb, 0 bytes, Stack size 0 bytes, startup_stm32f10x_md.o(.text))
<BR>[Address Reference Count : 1]<UL><LI> startup_stm32f10x_md.o(RESET)
</UL>
<P><STRONG><a name="[d]"></a>WWDG_IRQHandler</STRONG> (Thumb, 0 bytes, Stack size 0 bytes, startup_stm32f10x_md.o(.text))
<BR>[Address Reference Count : 1]<UL><LI> startup_stm32f10x_md.o(RESET)
</UL>
<P><STRONG><a name="[19c]"></a>__user_initial_stackheap</STRONG> (Thumb, 0 bytes, Stack size unknown bytes, startup_stm32f10x_md.o(.text))
<BR><BR>[Called By]<UL><LI><a href="#[a3]">&gt;&gt;</a>&nbsp;&nbsp;&nbsp;__user_setup_stackheap
</UL>

<P><STRONG><a name="[b2]"></a>DeviceResetCheck_Init</STRONG> (Thumb, 36 bytes, Stack size 8 bytes, devicereset.o(.text))
<BR><BR>[Stack]<UL><LI>Max Depth = 80<LI>Call Chain = DeviceResetCheck_Init &rArr; Thread_Login &rArr; Thread_Wake &rArr; memmove
</UL>
<BR>[Calls]<UL><LI><a href="#[b0]">&gt;&gt;</a>&nbsp;&nbsp;&nbsp;Thread_Login
<LI><a href="#[b4]">&gt;&gt;</a>&nbsp;&nbsp;&nbsp;GPIOx_Set
<LI><a href="#[b3]">&gt;&gt;</a>&nbsp;&nbsp;&nbsp;GPIOx_Cfg
</UL>
<BR>[Called By]<UL><LI><a href="#[a7]">&gt;&gt;</a>&nbsp;&nbsp;&nbsp;main
<LI><a href="#[3a]">&gt;&gt;</a>&nbsp;&nbsp;&nbsp;Reset_Check
</UL>

<P><STRONG><a name="[bb]"></a>Flash_Unlock</STRONG> (Thumb, 12 bytes, Stack size 0 bytes, flash.o(.text))
<BR><BR>[Called By]<UL><LI><a href="#[51]">&gt;&gt;</a>&nbsp;&nbsp;&nbsp;Program_Write
<LI><a href="#[cc]">&gt;&gt;</a>&nbsp;&nbsp;&nbsp;Program_Erase
<LI><a href="#[bc]">&gt;&gt;</a>&nbsp;&nbsp;&nbsp;Flash_WriteOptionByte
<LI><a href="#[ba]">&gt;&gt;</a>&nbsp;&nbsp;&nbsp;Flash_EraseOptionByte
</UL>

<P><STRONG><a name="[cd]"></a>Flash_lock</STRONG> (Thumb, 14 bytes, Stack size 0 bytes, flash.o(.text))
<BR><BR>[Called By]<UL><LI><a href="#[51]">&gt;&gt;</a>&nbsp;&nbsp;&nbsp;Program_Write
<LI><a href="#[cc]">&gt;&gt;</a>&nbsp;&nbsp;&nbsp;Program_Erase
</UL>

<P><STRONG><a name="[b5]"></a>FLASH_ErasePage</STRONG> (Thumb, 74 bytes, Stack size 16 bytes, flash.o(.text))
<BR><BR>[Stack]<UL><LI>Max Depth = 16<LI>Call Chain = FLASH_ErasePage
</UL>
<BR>[Calls]<UL><LI><a href="#[b6]">&gt;&gt;</a>&nbsp;&nbsp;&nbsp;Flash_Status
<LI><a href="#[b7]">&gt;&gt;</a>&nbsp;&nbsp;&nbsp;Flash_EOP
</UL>
<BR>[Called By]<UL><LI><a href="#[cc]">&gt;&gt;</a>&nbsp;&nbsp;&nbsp;Program_Erase
</UL>

<P><STRONG><a name="[b8]"></a>Flash_ProgramHalfWord</STRONG> (Thumb, 68 bytes, Stack size 16 bytes, flash.o(.text), UNUSED)
<BR><BR>[Calls]<UL><LI><a href="#[b6]">&gt;&gt;</a>&nbsp;&nbsp;&nbsp;Flash_Status
<LI><a href="#[b7]">&gt;&gt;</a>&nbsp;&nbsp;&nbsp;Flash_EOP
</UL>

<P><STRONG><a name="[b9]"></a>Flash_Write</STRONG> (Thumb, 90 bytes, Stack size 16 bytes, flash.o(.text))
<BR><BR>[Stack]<UL><LI>Max Depth = 16<LI>Call Chain = Flash_Write
</UL>
<BR>[Calls]<UL><LI><a href="#[b6]">&gt;&gt;</a>&nbsp;&nbsp;&nbsp;Flash_Status
<LI><a href="#[b7]">&gt;&gt;</a>&nbsp;&nbsp;&nbsp;Flash_EOP
</UL>
<BR>[Called By]<UL><LI><a href="#[51]">&gt;&gt;</a>&nbsp;&nbsp;&nbsp;Program_Write
</UL>

<P><STRONG><a name="[ba]"></a>Flash_EraseOptionByte</STRONG> (Thumb, 74 bytes, Stack size 8 bytes, flash.o(.text), UNUSED)
<BR><BR>[Calls]<UL><LI><a href="#[bb]">&gt;&gt;</a>&nbsp;&nbsp;&nbsp;Flash_Unlock
<LI><a href="#[b6]">&gt;&gt;</a>&nbsp;&nbsp;&nbsp;Flash_Status
<LI><a href="#[b7]">&gt;&gt;</a>&nbsp;&nbsp;&nbsp;Flash_EOP
</UL>

<P><STRONG><a name="[bc]"></a>Flash_WriteOptionByte</STRONG> (Thumb, 80 bytes, Stack size 16 bytes, flash.o(.text), UNUSED)
<BR><BR>[Calls]<UL><LI><a href="#[bb]">&gt;&gt;</a>&nbsp;&nbsp;&nbsp;Flash_Unlock
<LI><a href="#[b6]">&gt;&gt;</a>&nbsp;&nbsp;&nbsp;Flash_Status
<LI><a href="#[b7]">&gt;&gt;</a>&nbsp;&nbsp;&nbsp;Flash_EOP
</UL>

<P><STRONG><a name="[b3]"></a>GPIOx_Cfg</STRONG> (Thumb, 92 bytes, Stack size 20 bytes, gpio.o(.text))
<BR><BR>[Stack]<UL><LI>Max Depth = 20<LI>Call Chain = GPIOx_Cfg
</UL>
<BR>[Called By]<UL><LI><a href="#[12a]">&gt;&gt;</a>&nbsp;&nbsp;&nbsp;VoiceRecognition_Init
<LI><a href="#[111]">&gt;&gt;</a>&nbsp;&nbsp;&nbsp;PWM_Init
<LI><a href="#[110]">&gt;&gt;</a>&nbsp;&nbsp;&nbsp;PowerStatus_Init
<LI><a href="#[108]">&gt;&gt;</a>&nbsp;&nbsp;&nbsp;ADC_Init
<LI><a href="#[105]">&gt;&gt;</a>&nbsp;&nbsp;&nbsp;UART_Init
<LI><a href="#[fc]">&gt;&gt;</a>&nbsp;&nbsp;&nbsp;Key_Init
<LI><a href="#[98]">&gt;&gt;</a>&nbsp;&nbsp;&nbsp;HardWDGTest_Attr
<LI><a href="#[f4]">&gt;&gt;</a>&nbsp;&nbsp;&nbsp;WDG_Init
<LI><a href="#[f1]">&gt;&gt;</a>&nbsp;&nbsp;&nbsp;Test_Init
<LI><a href="#[d0]">&gt;&gt;</a>&nbsp;&nbsp;&nbsp;Si4432_PortInit
<LI><a href="#[ca]">&gt;&gt;</a>&nbsp;&nbsp;&nbsp;Instruct_Init
<LI><a href="#[bd]">&gt;&gt;</a>&nbsp;&nbsp;&nbsp;I2C_Init
<LI><a href="#[c5]">&gt;&gt;</a>&nbsp;&nbsp;&nbsp;I2C_RecvB_Ack
<LI><a href="#[c3]">&gt;&gt;</a>&nbsp;&nbsp;&nbsp;I2C_WaitAck
<LI><a href="#[b2]">&gt;&gt;</a>&nbsp;&nbsp;&nbsp;DeviceResetCheck_Init
</UL>

<P><STRONG><a name="[b4]"></a>GPIOx_Set</STRONG> (Thumb, 22 bytes, Stack size 0 bytes, gpio.o(.text))
<BR><BR>[Called By]<UL><LI><a href="#[12a]">&gt;&gt;</a>&nbsp;&nbsp;&nbsp;VoiceRecognition_Init
<LI><a href="#[fc]">&gt;&gt;</a>&nbsp;&nbsp;&nbsp;Key_Init
<LI><a href="#[f1]">&gt;&gt;</a>&nbsp;&nbsp;&nbsp;Test_Init
<LI><a href="#[e6]">&gt;&gt;</a>&nbsp;&nbsp;&nbsp;PowerDownCountReset
<LI><a href="#[3c]">&gt;&gt;</a>&nbsp;&nbsp;&nbsp;Si4432_Init
<LI><a href="#[d0]">&gt;&gt;</a>&nbsp;&nbsp;&nbsp;Si4432_PortInit
<LI><a href="#[ce]">&gt;&gt;</a>&nbsp;&nbsp;&nbsp;SPI_RW_Reg
<LI><a href="#[3b]">&gt;&gt;</a>&nbsp;&nbsp;&nbsp;InstructLED_OFF
<LI><a href="#[c9]">&gt;&gt;</a>&nbsp;&nbsp;&nbsp;IIC_WriteSame
<LI><a href="#[c8]">&gt;&gt;</a>&nbsp;&nbsp;&nbsp;IIC_Write
<LI><a href="#[bd]">&gt;&gt;</a>&nbsp;&nbsp;&nbsp;I2C_Init
<LI><a href="#[c5]">&gt;&gt;</a>&nbsp;&nbsp;&nbsp;I2C_RecvB_Ack
<LI><a href="#[c4]">&gt;&gt;</a>&nbsp;&nbsp;&nbsp;I2C_SendB_Ack
<LI><a href="#[c3]">&gt;&gt;</a>&nbsp;&nbsp;&nbsp;I2C_WaitAck
<LI><a href="#[c2]">&gt;&gt;</a>&nbsp;&nbsp;&nbsp;I2C_ACK
<LI><a href="#[c1]">&gt;&gt;</a>&nbsp;&nbsp;&nbsp;I2C_Stop
<LI><a href="#[be]">&gt;&gt;</a>&nbsp;&nbsp;&nbsp;I2C_Start
<LI><a href="#[b2]">&gt;&gt;</a>&nbsp;&nbsp;&nbsp;DeviceResetCheck_Init
</UL>

<P><STRONG><a name="[c0]"></a>GPIOx_Rst</STRONG> (Thumb, 14 bytes, Stack size 0 bytes, gpio.o(.text))
<BR><BR>[Called By]<UL><LI><a href="#[12a]">&gt;&gt;</a>&nbsp;&nbsp;&nbsp;VoiceRecognition_Init
<LI><a href="#[45]">&gt;&gt;</a>&nbsp;&nbsp;&nbsp;Dormancy
<LI><a href="#[110]">&gt;&gt;</a>&nbsp;&nbsp;&nbsp;PowerStatus_Init
<LI><a href="#[e6]">&gt;&gt;</a>&nbsp;&nbsp;&nbsp;PowerDownCountReset
<LI><a href="#[3c]">&gt;&gt;</a>&nbsp;&nbsp;&nbsp;Si4432_Init
<LI><a href="#[ce]">&gt;&gt;</a>&nbsp;&nbsp;&nbsp;SPI_RW_Reg
<LI><a href="#[4c]">&gt;&gt;</a>&nbsp;&nbsp;&nbsp;Instruct_Run
<LI><a href="#[c9]">&gt;&gt;</a>&nbsp;&nbsp;&nbsp;IIC_WriteSame
<LI><a href="#[c8]">&gt;&gt;</a>&nbsp;&nbsp;&nbsp;IIC_Write
<LI><a href="#[c5]">&gt;&gt;</a>&nbsp;&nbsp;&nbsp;I2C_RecvB_Ack
<LI><a href="#[c4]">&gt;&gt;</a>&nbsp;&nbsp;&nbsp;I2C_SendB_Ack
<LI><a href="#[c3]">&gt;&gt;</a>&nbsp;&nbsp;&nbsp;I2C_WaitAck
<LI><a href="#[c2]">&gt;&gt;</a>&nbsp;&nbsp;&nbsp;I2C_ACK
<LI><a href="#[c1]">&gt;&gt;</a>&nbsp;&nbsp;&nbsp;I2C_Stop
<LI><a href="#[be]">&gt;&gt;</a>&nbsp;&nbsp;&nbsp;I2C_Start
</UL>

<P><STRONG><a name="[f3]"></a>GPIOx_Rvrs</STRONG> (Thumb, 14 bytes, Stack size 0 bytes, gpio.o(.text))
<BR><BR>[Called By]<UL><LI><a href="#[f2]">&gt;&gt;</a>&nbsp;&nbsp;&nbsp;WDG_Feed
</UL>

<P><STRONG><a name="[af]"></a>GPIOx_Get</STRONG> (Thumb, 14 bytes, Stack size 0 bytes, gpio.o(.text))
<BR><BR>[Called By]<UL><LI><a href="#[fd]">&gt;&gt;</a>&nbsp;&nbsp;&nbsp;Key_ValueGet
<LI><a href="#[47]">&gt;&gt;</a>&nbsp;&nbsp;&nbsp;PowerStatus_Get
<LI><a href="#[ec]">&gt;&gt;</a>&nbsp;&nbsp;&nbsp;Check_433M_Busy
<LI><a href="#[e5]">&gt;&gt;</a>&nbsp;&nbsp;&nbsp;RecDataToFifo
<LI><a href="#[c5]">&gt;&gt;</a>&nbsp;&nbsp;&nbsp;I2C_RecvB_Ack
<LI><a href="#[c3]">&gt;&gt;</a>&nbsp;&nbsp;&nbsp;I2C_WaitAck
<LI><a href="#[3a]">&gt;&gt;</a>&nbsp;&nbsp;&nbsp;Reset_Check
</UL>

<P><STRONG><a name="[bd]"></a>I2C_Init</STRONG> (Thumb, 42 bytes, Stack size 8 bytes, i2c.o(.text))
<BR><BR>[Stack]<UL><LI>Max Depth = 28<LI>Call Chain = I2C_Init &rArr; GPIOx_Cfg
</UL>
<BR>[Calls]<UL><LI><a href="#[b4]">&gt;&gt;</a>&nbsp;&nbsp;&nbsp;GPIOx_Set
<LI><a href="#[b3]">&gt;&gt;</a>&nbsp;&nbsp;&nbsp;GPIOx_Cfg
</UL>
<BR>[Called By]<UL><LI><a href="#[ee]">&gt;&gt;</a>&nbsp;&nbsp;&nbsp;SysHard_Init
</UL>

<P><STRONG><a name="[c6]"></a>IIC_GetState</STRONG> (Thumb, 40 bytes, Stack size 16 bytes, i2c.o(.text))
<BR><BR>[Stack]<UL><LI>Max Depth = 60<LI>Call Chain = IIC_GetState &rArr; I2C_SendB_Ack &rArr; I2C_WaitAck &rArr; GPIOx_Cfg
</UL>
<BR>[Calls]<UL><LI><a href="#[c4]">&gt;&gt;</a>&nbsp;&nbsp;&nbsp;I2C_SendB_Ack
<LI><a href="#[c1]">&gt;&gt;</a>&nbsp;&nbsp;&nbsp;I2C_Stop
<LI><a href="#[be]">&gt;&gt;</a>&nbsp;&nbsp;&nbsp;I2C_Start
</UL>
<BR>[Called By]<UL><LI><a href="#[167]">&gt;&gt;</a>&nbsp;&nbsp;&nbsp;WriteDataToEEPROMEx
<LI><a href="#[14f]">&gt;&gt;</a>&nbsp;&nbsp;&nbsp;WriteDataToEEPROM
<LI><a href="#[14d]">&gt;&gt;</a>&nbsp;&nbsp;&nbsp;ReadDataFromEEPROM
</UL>

<P><STRONG><a name="[c7]"></a>IIC_Read</STRONG> (Thumb, 102 bytes, Stack size 24 bytes, i2c.o(.text))
<BR><BR>[Stack]<UL><LI>Max Depth = 68<LI>Call Chain = IIC_Read &rArr; I2C_SendB_Ack &rArr; I2C_WaitAck &rArr; GPIOx_Cfg
</UL>
<BR>[Calls]<UL><LI><a href="#[c5]">&gt;&gt;</a>&nbsp;&nbsp;&nbsp;I2C_RecvB_Ack
<LI><a href="#[c4]">&gt;&gt;</a>&nbsp;&nbsp;&nbsp;I2C_SendB_Ack
<LI><a href="#[c1]">&gt;&gt;</a>&nbsp;&nbsp;&nbsp;I2C_Stop
<LI><a href="#[be]">&gt;&gt;</a>&nbsp;&nbsp;&nbsp;I2C_Start
</UL>
<BR>[Called By]<UL><LI><a href="#[14d]">&gt;&gt;</a>&nbsp;&nbsp;&nbsp;ReadDataFromEEPROM
</UL>

<P><STRONG><a name="[c8]"></a>IIC_Write</STRONG> (Thumb, 96 bytes, Stack size 24 bytes, i2c.o(.text))
<BR><BR>[Stack]<UL><LI>Max Depth = 68<LI>Call Chain = IIC_Write &rArr; I2C_SendB_Ack &rArr; I2C_WaitAck &rArr; GPIOx_Cfg
</UL>
<BR>[Calls]<UL><LI><a href="#[c4]">&gt;&gt;</a>&nbsp;&nbsp;&nbsp;I2C_SendB_Ack
<LI><a href="#[c1]">&gt;&gt;</a>&nbsp;&nbsp;&nbsp;I2C_Stop
<LI><a href="#[be]">&gt;&gt;</a>&nbsp;&nbsp;&nbsp;I2C_Start
<LI><a href="#[c0]">&gt;&gt;</a>&nbsp;&nbsp;&nbsp;GPIOx_Rst
<LI><a href="#[b4]">&gt;&gt;</a>&nbsp;&nbsp;&nbsp;GPIOx_Set
</UL>
<BR>[Called By]<UL><LI><a href="#[14f]">&gt;&gt;</a>&nbsp;&nbsp;&nbsp;WriteDataToEEPROM
</UL>

<P><STRONG><a name="[c9]"></a>IIC_WriteSame</STRONG> (Thumb, 94 bytes, Stack size 24 bytes, i2c.o(.text))
<BR><BR>[Stack]<UL><LI>Max Depth = 68<LI>Call Chain = IIC_WriteSame &rArr; I2C_SendB_Ack &rArr; I2C_WaitAck &rArr; GPIOx_Cfg
</UL>
<BR>[Calls]<UL><LI><a href="#[c4]">&gt;&gt;</a>&nbsp;&nbsp;&nbsp;I2C_SendB_Ack
<LI><a href="#[c1]">&gt;&gt;</a>&nbsp;&nbsp;&nbsp;I2C_Stop
<LI><a href="#[be]">&gt;&gt;</a>&nbsp;&nbsp;&nbsp;I2C_Start
<LI><a href="#[c0]">&gt;&gt;</a>&nbsp;&nbsp;&nbsp;GPIOx_Rst
<LI><a href="#[b4]">&gt;&gt;</a>&nbsp;&nbsp;&nbsp;GPIOx_Set
</UL>
<BR>[Called By]<UL><LI><a href="#[167]">&gt;&gt;</a>&nbsp;&nbsp;&nbsp;WriteDataToEEPROMEx
</UL>

<P><STRONG><a name="[4c]"></a>Instruct_Run</STRONG> (Thumb, 26 bytes, Stack size 8 bytes, instruct.o(.text))
<BR><BR>[Stack]<UL><LI>Max Depth = 80<LI>Call Chain = Instruct_Run &rArr; Thread_Login &rArr; Thread_Wake &rArr; memmove
</UL>
<BR>[Calls]<UL><LI><a href="#[c0]">&gt;&gt;</a>&nbsp;&nbsp;&nbsp;GPIOx_Rst
<LI><a href="#[b0]">&gt;&gt;</a>&nbsp;&nbsp;&nbsp;Thread_Login
</UL>
<BR>[Address Reference Count : 3]<UL><LI> instruct.o(.text)
<LI> faultmanage.o(.text)
<LI> unitshare_attr.o(.text)
</UL>
<P><STRONG><a name="[ca]"></a>Instruct_Init</STRONG> (Thumb, 28 bytes, Stack size 8 bytes, instruct.o(.text))
<BR><BR>[Stack]<UL><LI>Max Depth = 80<LI>Call Chain = Instruct_Init &rArr; Thread_Login &rArr; Thread_Wake &rArr; memmove
</UL>
<BR>[Calls]<UL><LI><a href="#[b0]">&gt;&gt;</a>&nbsp;&nbsp;&nbsp;Thread_Login
<LI><a href="#[b3]">&gt;&gt;</a>&nbsp;&nbsp;&nbsp;GPIOx_Cfg
</UL>
<BR>[Called By]<UL><LI><a href="#[a7]">&gt;&gt;</a>&nbsp;&nbsp;&nbsp;main
</UL>

<P><STRONG><a name="[cb]"></a>Instruct</STRONG> (Thumb, 18 bytes, Stack size 8 bytes, instruct.o(.text))
<BR><BR>[Stack]<UL><LI>Max Depth = 80<LI>Call Chain = Instruct &rArr; Thread_Login &rArr; Thread_Wake &rArr; memmove
</UL>
<BR>[Calls]<UL><LI><a href="#[b0]">&gt;&gt;</a>&nbsp;&nbsp;&nbsp;Thread_Login
</UL>
<BR>[Called By]<UL><LI><a href="#[137]">&gt;&gt;</a>&nbsp;&nbsp;&nbsp;Msg_Process
</UL>

<P><STRONG><a name="[cc]"></a>Program_Erase</STRONG> (Thumb, 52 bytes, Stack size 16 bytes, program.o(.text))
<BR><BR>[Stack]<UL><LI>Max Depth = 32<LI>Call Chain = Program_Erase &rArr; FLASH_ErasePage
</UL>
<BR>[Calls]<UL><LI><a href="#[b5]">&gt;&gt;</a>&nbsp;&nbsp;&nbsp;FLASH_ErasePage
<LI><a href="#[cd]">&gt;&gt;</a>&nbsp;&nbsp;&nbsp;Flash_lock
<LI><a href="#[bb]">&gt;&gt;</a>&nbsp;&nbsp;&nbsp;Flash_Unlock
</UL>
<BR>[Called By]<UL><LI><a href="#[163]">&gt;&gt;</a>&nbsp;&nbsp;&nbsp;Updata_Flag
<LI><a href="#[160]">&gt;&gt;</a>&nbsp;&nbsp;&nbsp;Updata_Channel
<LI><a href="#[15d]">&gt;&gt;</a>&nbsp;&nbsp;&nbsp;Updata_Ready
<LI><a href="#[8f]">&gt;&gt;</a>&nbsp;&nbsp;&nbsp;UserDataDownload_Ready
</UL>

<P><STRONG><a name="[51]"></a>Program_Write</STRONG> (Thumb, 44 bytes, Stack size 24 bytes, program.o(.text))
<BR><BR>[Stack]<UL><LI>Max Depth = 40<LI>Call Chain = Program_Write &rArr; Flash_Write
</UL>
<BR>[Calls]<UL><LI><a href="#[b9]">&gt;&gt;</a>&nbsp;&nbsp;&nbsp;Flash_Write
<LI><a href="#[cd]">&gt;&gt;</a>&nbsp;&nbsp;&nbsp;Flash_lock
<LI><a href="#[bb]">&gt;&gt;</a>&nbsp;&nbsp;&nbsp;Flash_Unlock
</UL>
<BR>[Called By]<UL><LI><a href="#[163]">&gt;&gt;</a>&nbsp;&nbsp;&nbsp;Updata_Flag
<LI><a href="#[160]">&gt;&gt;</a>&nbsp;&nbsp;&nbsp;Updata_Channel
<LI><a href="#[15e]">&gt;&gt;</a>&nbsp;&nbsp;&nbsp;Updata_PackProcess
</UL>
<BR>[Address Reference Count : 1]<UL><LI> userdatadownload.o(.text)
</UL>
<P><STRONG><a name="[162]"></a>Program_Read</STRONG> (Thumb, 22 bytes, Stack size 0 bytes, program.o(.text))
<BR><BR>[Called By]<UL><LI><a href="#[160]">&gt;&gt;</a>&nbsp;&nbsp;&nbsp;Updata_Channel
</UL>

<P><STRONG><a name="[161]"></a>Flash_DefaultValue</STRONG> (Thumb, 6 bytes, Stack size 0 bytes, program.o(.text))
<BR><BR>[Called By]<UL><LI><a href="#[d9]">&gt;&gt;</a>&nbsp;&nbsp;&nbsp;Channel_Get
<LI><a href="#[160]">&gt;&gt;</a>&nbsp;&nbsp;&nbsp;Updata_Channel
</UL>

<P><STRONG><a name="[145]"></a>SetRecTestStatus</STRONG> (Thumb, 14 bytes, Stack size 0 bytes, si4432.o(.text))
<BR><BR>[Called By]<UL><LI><a href="#[79]">&gt;&gt;</a>&nbsp;&nbsp;&nbsp;Set_Sign433_RecFrameStream_Attr
<LI><a href="#[77]">&gt;&gt;</a>&nbsp;&nbsp;&nbsp;Set_Sign433_StartRecFrame_Attr
</UL>

<P><STRONG><a name="[146]"></a>GetRSSIPara</STRONG> (Thumb, 4 bytes, Stack size 0 bytes, si4432.o(.text))
<BR><BR>[Called By]<UL><LI><a href="#[4d]">&gt;&gt;</a>&nbsp;&nbsp;&nbsp;Sign433_SendTestReport
<LI><a href="#[77]">&gt;&gt;</a>&nbsp;&nbsp;&nbsp;Set_Sign433_StartRecFrame_Attr
</UL>

<P><STRONG><a name="[1c9]"></a>Si4432_GetRSSI</STRONG> (Thumb, 6 bytes, Stack size 0 bytes, si4432.o(.text), UNUSED)

<P><STRONG><a name="[d4]"></a>Si4432_Idle</STRONG> (Thumb, 70 bytes, Stack size 8 bytes, si4432.o(.text))
<BR><BR>[Stack]<UL><LI>Max Depth = 24<LI>Call Chain = Si4432_Idle &rArr; delay_ms &rArr; WDG_Feed
</UL>
<BR>[Calls]<UL><LI><a href="#[d5]">&gt;&gt;</a>&nbsp;&nbsp;&nbsp;delay_ms
<LI><a href="#[ce]">&gt;&gt;</a>&nbsp;&nbsp;&nbsp;SPI_RW_Reg
</UL>
<BR>[Called By]<UL><LI><a href="#[3c]">&gt;&gt;</a>&nbsp;&nbsp;&nbsp;Si4432_Init
<LI><a href="#[dd]">&gt;&gt;</a>&nbsp;&nbsp;&nbsp;SI4432_Send_All_Data
<LI><a href="#[99]">&gt;&gt;</a>&nbsp;&nbsp;&nbsp;SI4432Test_Attr
</UL>

<P><STRONG><a name="[3c]"></a>Si4432_Init</STRONG> (Thumb, 734 bytes, Stack size 8 bytes, si4432.o(.text))
<BR><BR>[Stack]<UL><LI>Max Depth = 80<LI>Call Chain = Si4432_Init &rArr; Thread_Login &rArr; Thread_Wake &rArr; memmove
</UL>
<BR>[Calls]<UL><LI><a href="#[d5]">&gt;&gt;</a>&nbsp;&nbsp;&nbsp;delay_ms
<LI><a href="#[db]">&gt;&gt;</a>&nbsp;&nbsp;&nbsp;MY_NVIC_Init
<LI><a href="#[da]">&gt;&gt;</a>&nbsp;&nbsp;&nbsp;Ex_NVIC_Config
<LI><a href="#[d9]">&gt;&gt;</a>&nbsp;&nbsp;&nbsp;Channel_Get
<LI><a href="#[d4]">&gt;&gt;</a>&nbsp;&nbsp;&nbsp;Si4432_Idle
<LI><a href="#[d3]">&gt;&gt;</a>&nbsp;&nbsp;&nbsp;SetMode_RX
<LI><a href="#[40]">&gt;&gt;</a>&nbsp;&nbsp;&nbsp;SI4432_SendEn
<LI><a href="#[d0]">&gt;&gt;</a>&nbsp;&nbsp;&nbsp;Si4432_PortInit
<LI><a href="#[ce]">&gt;&gt;</a>&nbsp;&nbsp;&nbsp;SPI_RW_Reg
<LI><a href="#[c0]">&gt;&gt;</a>&nbsp;&nbsp;&nbsp;GPIOx_Rst
<LI><a href="#[b0]">&gt;&gt;</a>&nbsp;&nbsp;&nbsp;Thread_Login
<LI><a href="#[b4]">&gt;&gt;</a>&nbsp;&nbsp;&nbsp;GPIOx_Set
</UL>
<BR>[Called By]<UL><LI><a href="#[ee]">&gt;&gt;</a>&nbsp;&nbsp;&nbsp;SysHard_Init
</UL>
<BR>[Address Reference Count : 2]<UL><LI> si4432.o(.text)
<LI> flashattr.o(.text)
</UL>
<P><STRONG><a name="[df]"></a>ReportUpReady</STRONG> (Thumb, 24 bytes, Stack size 16 bytes, si4432.o(.text))
<BR><BR>[Stack]<UL><LI>Max Depth = 196<LI>Call Chain = ReportUpReady &rArr; Lark7318_FrameInfo &rArr; cmd_put &rArr; fifo_puts &rArr; memcpy
</UL>
<BR>[Calls]<UL><LI><a href="#[e0]">&gt;&gt;</a>&nbsp;&nbsp;&nbsp;Lark7318_FrameInfo
</UL>
<BR>[Called By]<UL><LI><a href="#[e5]">&gt;&gt;</a>&nbsp;&nbsp;&nbsp;RecDataToFifo
</UL>

<P><STRONG><a name="[e1]"></a>ReportUpdating</STRONG> (Thumb, 26 bytes, Stack size 24 bytes, si4432.o(.text))
<BR><BR>[Stack]<UL><LI>Max Depth = 48<LI>Call Chain = ReportUpdating &rArr; Voice_StopVoice &rArr; delay_ms &rArr; WDG_Feed
</UL>
<BR>[Calls]<UL><LI><a href="#[e2]">&gt;&gt;</a>&nbsp;&nbsp;&nbsp;Voice_StopVoice
<LI><a href="#[50]">&gt;&gt;</a>&nbsp;&nbsp;&nbsp;UART_Send
</UL>
<BR>[Called By]<UL><LI><a href="#[e5]">&gt;&gt;</a>&nbsp;&nbsp;&nbsp;RecDataToFifo
</UL>

<P><STRONG><a name="[e3]"></a>ReportUpdataOK</STRONG> (Thumb, 28 bytes, Stack size 32 bytes, si4432.o(.text))
<BR><BR>[Stack]<UL><LI>Max Depth = 44<LI>Call Chain = ReportUpdataOK &rArr; UART_Send
</UL>
<BR>[Calls]<UL><LI><a href="#[50]">&gt;&gt;</a>&nbsp;&nbsp;&nbsp;UART_Send
<LI><a href="#[e4]">&gt;&gt;</a>&nbsp;&nbsp;&nbsp;__aeabi_memcpy4
</UL>
<BR>[Called By]<UL><LI><a href="#[e5]">&gt;&gt;</a>&nbsp;&nbsp;&nbsp;RecDataToFifo
</UL>

<P><STRONG><a name="[35]"></a>EXTI15_10_IRQHandler</STRONG> (Thumb, 18 bytes, Stack size 8 bytes, si4432.o(.text))
<BR><BR>[Stack]<UL><LI>Max Depth = 300<LI>Call Chain = EXTI15_10_IRQHandler &rArr; RecDataToFifo &rArr; ReportUpReady &rArr; Lark7318_FrameInfo &rArr; cmd_put &rArr; fifo_puts &rArr; memcpy
</UL>
<BR>[Calls]<UL><LI><a href="#[e5]">&gt;&gt;</a>&nbsp;&nbsp;&nbsp;RecDataToFifo
</UL>
<BR>[Address Reference Count : 1]<UL><LI> startup_stm32f10x_md.o(RESET)
</UL>
<P><STRONG><a name="[4a]"></a>Si4432_Send</STRONG> (Thumb, 60 bytes, Stack size 16 bytes, si4432.o(.text))
<BR><BR>[Stack]<UL><LI>Max Depth = 172<LI>Call Chain = Si4432_Send &rArr; SI4432_Send_All_Data &rArr; Si4432_Fault &rArr; Fault_Upload &rArr; FaultData_Save &rArr;  WriteDataToEEPROM (Cycle)
</UL>
<BR>[Calls]<UL><LI><a href="#[ec]">&gt;&gt;</a>&nbsp;&nbsp;&nbsp;Check_433M_Busy
<LI><a href="#[dd]">&gt;&gt;</a>&nbsp;&nbsp;&nbsp;SI4432_Send_All_Data
<LI><a href="#[b0]">&gt;&gt;</a>&nbsp;&nbsp;&nbsp;Thread_Login
</UL>
<BR>[Address Reference Count : 2]<UL><LI> cmdprocess.o(.text)
<LI> systestattr.o(.text)
</UL>
<P><STRONG><a name="[cf]"></a>SPI2_ReadWriteByte</STRONG> (Thumb, 86 bytes, Stack size 0 bytes, spi.o(.text))
<BR><BR>[Called By]<UL><LI><a href="#[d1]">&gt;&gt;</a>&nbsp;&nbsp;&nbsp;SPI2_Init
<LI><a href="#[ce]">&gt;&gt;</a>&nbsp;&nbsp;&nbsp;SPI_RW_Reg
</UL>

<P><STRONG><a name="[d1]"></a>SPI2_Init</STRONG> (Thumb, 166 bytes, Stack size 4 bytes, spi.o(.text))
<BR><BR>[Stack]<UL><LI>Max Depth = 4<LI>Call Chain = SPI2_Init
</UL>
<BR>[Calls]<UL><LI><a href="#[cf]">&gt;&gt;</a>&nbsp;&nbsp;&nbsp;SPI2_ReadWriteByte
</UL>
<BR>[Called By]<UL><LI><a href="#[d0]">&gt;&gt;</a>&nbsp;&nbsp;&nbsp;Si4432_PortInit
</UL>

<P><STRONG><a name="[d2]"></a>SPI2_SetSpeed</STRONG> (Thumb, 44 bytes, Stack size 0 bytes, spi.o(.text))
<BR><BR>[Called By]<UL><LI><a href="#[d0]">&gt;&gt;</a>&nbsp;&nbsp;&nbsp;Si4432_PortInit
</UL>

<P><STRONG><a name="[1ca]"></a>MY_NVIC_SetVectorTable</STRONG> (Thumb, 12 bytes, Stack size 0 bytes, sys.o(.text), UNUSED)

<P><STRONG><a name="[ed]"></a>MY_NVIC_PriorityGroupConfig</STRONG> (Thumb, 36 bytes, Stack size 0 bytes, sys.o(.text))
<BR><BR>[Called By]<UL><LI><a href="#[db]">&gt;&gt;</a>&nbsp;&nbsp;&nbsp;MY_NVIC_Init
</UL>

<P><STRONG><a name="[db]"></a>MY_NVIC_Init</STRONG> (Thumb, 146 bytes, Stack size 32 bytes, sys.o(.text))
<BR><BR>[Stack]<UL><LI>Max Depth = 32<LI>Call Chain = MY_NVIC_Init
</UL>
<BR>[Calls]<UL><LI><a href="#[ed]">&gt;&gt;</a>&nbsp;&nbsp;&nbsp;MY_NVIC_PriorityGroupConfig
</UL>
<BR>[Called By]<UL><LI><a href="#[105]">&gt;&gt;</a>&nbsp;&nbsp;&nbsp;UART_Init
<LI><a href="#[3c]">&gt;&gt;</a>&nbsp;&nbsp;&nbsp;Si4432_Init
</UL>

<P><STRONG><a name="[da]"></a>Ex_NVIC_Config</STRONG> (Thumb, 146 bytes, Stack size 16 bytes, sys.o(.text))
<BR><BR>[Stack]<UL><LI>Max Depth = 16<LI>Call Chain = Ex_NVIC_Config
</UL>
<BR>[Called By]<UL><LI><a href="#[3c]">&gt;&gt;</a>&nbsp;&nbsp;&nbsp;Si4432_Init
</UL>

<P><STRONG><a name="[ee]"></a>SysHard_Init</STRONG> (Thumb, 18 bytes, Stack size 8 bytes, syshard.o(.text))
<BR><BR>[Stack]<UL><LI>Max Depth = 88<LI>Call Chain = SysHard_Init &rArr; Si4432_Init &rArr; Thread_Login &rArr; Thread_Wake &rArr; memmove
</UL>
<BR>[Calls]<UL><LI><a href="#[ef]">&gt;&gt;</a>&nbsp;&nbsp;&nbsp;SysTick_Init
<LI><a href="#[3c]">&gt;&gt;</a>&nbsp;&nbsp;&nbsp;Si4432_Init
<LI><a href="#[bd]">&gt;&gt;</a>&nbsp;&nbsp;&nbsp;I2C_Init
</UL>
<BR>[Called By]<UL><LI><a href="#[a7]">&gt;&gt;</a>&nbsp;&nbsp;&nbsp;main
</UL>

<P><STRONG><a name="[16e]"></a>HardID_Check</STRONG> (Thumb, 20 bytes, Stack size 0 bytes, syshard.o(.text))
<BR><BR>[Called By]<UL><LI><a href="#[16d]">&gt;&gt;</a>&nbsp;&nbsp;&nbsp;SysEEPROMData_Init
<LI><a href="#[148]">&gt;&gt;</a>&nbsp;&nbsp;&nbsp;UserData_Init
</UL>

<P><STRONG><a name="[ef]"></a>SysTick_Init</STRONG> (Thumb, 42 bytes, Stack size 0 bytes, systick.o(.text))
<BR><BR>[Called By]<UL><LI><a href="#[ee]">&gt;&gt;</a>&nbsp;&nbsp;&nbsp;SysHard_Init
</UL>

<P><STRONG><a name="[d8]"></a>Time_Get</STRONG> (Thumb, 6 bytes, Stack size 0 bytes, systick.o(.text))
<BR><BR>[Called By]<UL><LI><a href="#[127]">&gt;&gt;</a>&nbsp;&nbsp;&nbsp;Upload
<LI><a href="#[ec]">&gt;&gt;</a>&nbsp;&nbsp;&nbsp;Check_433M_Busy
<LI><a href="#[3d]">&gt;&gt;</a>&nbsp;&nbsp;&nbsp;Si4432_Threshold
</UL>

<P><STRONG><a name="[c]"></a>SysTick_Handler</STRONG> (Thumb, 36 bytes, Stack size 8 bytes, systick.o(.text))
<BR><BR>[Stack]<UL><LI>Max Depth = 8<LI>Call Chain = SysTick_Handler
</UL>
<BR>[Calls]<UL><LI><a href="#[f0]">&gt;&gt;</a>&nbsp;&nbsp;&nbsp;Thread_RunCheck
</UL>
<BR>[Address Reference Count : 1]<UL><LI> startup_stm32f10x_md.o(RESET)
</UL>
<P><STRONG><a name="[f1]"></a>Test_Init</STRONG> (Thumb, 30 bytes, Stack size 8 bytes, test.o(.text))
<BR><BR>[Stack]<UL><LI>Max Depth = 28<LI>Call Chain = Test_Init &rArr; GPIOx_Cfg
</UL>
<BR>[Calls]<UL><LI><a href="#[b4]">&gt;&gt;</a>&nbsp;&nbsp;&nbsp;GPIOx_Set
<LI><a href="#[b3]">&gt;&gt;</a>&nbsp;&nbsp;&nbsp;GPIOx_Cfg
</UL>
<BR>[Called By]<UL><LI><a href="#[a7]">&gt;&gt;</a>&nbsp;&nbsp;&nbsp;main
</UL>

<P><STRONG><a name="[f2]"></a>WDG_Feed</STRONG> (Thumb, 20 bytes, Stack size 8 bytes, wdg.o(.text))
<BR><BR>[Stack]<UL><LI>Max Depth = 8<LI>Call Chain = WDG_Feed
</UL>
<BR>[Calls]<UL><LI><a href="#[f3]">&gt;&gt;</a>&nbsp;&nbsp;&nbsp;GPIOx_Rvrs
</UL>
<BR>[Called By]<UL><LI><a href="#[d5]">&gt;&gt;</a>&nbsp;&nbsp;&nbsp;delay_ms
<LI><a href="#[93]">&gt;&gt;</a>&nbsp;&nbsp;&nbsp;Set_IAPPackSave_Attr
<LI><a href="#[94]">&gt;&gt;</a>&nbsp;&nbsp;&nbsp;Get_IAPPackCheck_Attr
</UL>
<BR>[Address Reference Count : 1]<UL><LI> wdg.o(.text)
</UL>
<P><STRONG><a name="[f4]"></a>WDG_Init</STRONG> (Thumb, 60 bytes, Stack size 16 bytes, wdg.o(.text))
<BR><BR>[Stack]<UL><LI>Max Depth = 88<LI>Call Chain = WDG_Init &rArr; Thread_Login &rArr; Thread_Wake &rArr; memmove
</UL>
<BR>[Calls]<UL><LI><a href="#[b0]">&gt;&gt;</a>&nbsp;&nbsp;&nbsp;Thread_Login
<LI><a href="#[b3]">&gt;&gt;</a>&nbsp;&nbsp;&nbsp;GPIOx_Cfg
</UL>
<BR>[Called By]<UL><LI><a href="#[a7]">&gt;&gt;</a>&nbsp;&nbsp;&nbsp;main
</UL>

<P><STRONG><a name="[f5]"></a>WDG_FeedOFF</STRONG> (Thumb, 12 bytes, Stack size 8 bytes, wdg.o(.text))
<BR><BR>[Stack]<UL><LI>Max Depth = 40<LI>Call Chain = WDG_FeedOFF &rArr; Thread_Logout &rArr; memmove
</UL>
<BR>[Calls]<UL><LI><a href="#[e7]">&gt;&gt;</a>&nbsp;&nbsp;&nbsp;Thread_Logout
</UL>
<BR>[Called By]<UL><LI><a href="#[d7]">&gt;&gt;</a>&nbsp;&nbsp;&nbsp;Fault_Upload
<LI><a href="#[95]">&gt;&gt;</a>&nbsp;&nbsp;&nbsp;Set_IAPDataCRC_Attr
</UL>

<P><STRONG><a name="[98]"></a>HardWDGTest_Attr</STRONG> (Thumb, 18 bytes, Stack size 8 bytes, wdg.o(.text))
<BR><BR>[Stack]<UL><LI>Max Depth = 28<LI>Call Chain = HardWDGTest_Attr &rArr; GPIOx_Cfg
</UL>
<BR>[Calls]<UL><LI><a href="#[b3]">&gt;&gt;</a>&nbsp;&nbsp;&nbsp;GPIOx_Cfg
</UL>
<BR>[Address Reference Count : 1]<UL><LI> sysexeattr.o(.constdata)
</UL>
<P><STRONG><a name="[a7]"></a>main</STRONG> (Thumb, 54 bytes, Stack size 0 bytes, main.o(.text))
<BR><BR>[Stack]<UL><LI>Max Depth = 116<LI>Call Chain = main &rArr; Unit_Init &rArr; UnitPublicEEPROMData_Get &rArr; ReadDataFromEEPROM &rArr;  Fault_Upload (Cycle)
</UL>
<BR>[Calls]<UL><LI><a href="#[f8]">&gt;&gt;</a>&nbsp;&nbsp;&nbsp;Unit_Init
<LI><a href="#[fa]">&gt;&gt;</a>&nbsp;&nbsp;&nbsp;Thread_Process
<LI><a href="#[f6]">&gt;&gt;</a>&nbsp;&nbsp;&nbsp;Thread_Init
<LI><a href="#[f9]">&gt;&gt;</a>&nbsp;&nbsp;&nbsp;Process_FIFOData
<LI><a href="#[f7]">&gt;&gt;</a>&nbsp;&nbsp;&nbsp;FIFOInit
<LI><a href="#[f4]">&gt;&gt;</a>&nbsp;&nbsp;&nbsp;WDG_Init
<LI><a href="#[f1]">&gt;&gt;</a>&nbsp;&nbsp;&nbsp;Test_Init
<LI><a href="#[ee]">&gt;&gt;</a>&nbsp;&nbsp;&nbsp;SysHard_Init
<LI><a href="#[ca]">&gt;&gt;</a>&nbsp;&nbsp;&nbsp;Instruct_Init
<LI><a href="#[b2]">&gt;&gt;</a>&nbsp;&nbsp;&nbsp;DeviceResetCheck_Init
</UL>
<BR>[Called By]<UL><LI><a href="#[a6]">&gt;&gt;</a>&nbsp;&nbsp;&nbsp;__rt_entry_main
</UL>

<P><STRONG><a name="[135]"></a>UnitCnt_Get</STRONG> (Thumb, 4 bytes, Stack size 0 bytes, unitcfg.o(.text))
<BR><BR>[Called By]<UL><LI><a href="#[6c]">&gt;&gt;</a>&nbsp;&nbsp;&nbsp;Set_UnitChecking_Attr
<LI><a href="#[193]">&gt;&gt;</a>&nbsp;&nbsp;&nbsp;Check_Area
<LI><a href="#[16c]">&gt;&gt;</a>&nbsp;&nbsp;&nbsp;UnitPublicEEPROMData_Init
<LI><a href="#[16b]">&gt;&gt;</a>&nbsp;&nbsp;&nbsp;UnitPrivateEEPROMData_Init
<LI><a href="#[16a]">&gt;&gt;</a>&nbsp;&nbsp;&nbsp;GroupEEPROM_Init
<LI><a href="#[168]">&gt;&gt;</a>&nbsp;&nbsp;&nbsp;SceneEEPROM_Init
<LI><a href="#[6d]">&gt;&gt;</a>&nbsp;&nbsp;&nbsp;Set_Scene_Attr
<LI><a href="#[6f]">&gt;&gt;</a>&nbsp;&nbsp;&nbsp;Set_Group_Attr
<LI><a href="#[6e]">&gt;&gt;</a>&nbsp;&nbsp;&nbsp;Get_Scene_Attr
<LI><a href="#[6b]">&gt;&gt;</a>&nbsp;&nbsp;&nbsp;Get_ManyUnit_Attr
<LI><a href="#[70]">&gt;&gt;</a>&nbsp;&nbsp;&nbsp;Get_Group_Attr
<LI><a href="#[85]">&gt;&gt;</a>&nbsp;&nbsp;&nbsp;Set_UserDataFormat_Attr
<LI><a href="#[87]">&gt;&gt;</a>&nbsp;&nbsp;&nbsp;Get_UnitAble_Attr
<LI><a href="#[86]">&gt;&gt;</a>&nbsp;&nbsp;&nbsp;Set_UnitAble_Attr
<LI><a href="#[8b]">&gt;&gt;</a>&nbsp;&nbsp;&nbsp;Get_CommonType_Attr
<LI><a href="#[8a]">&gt;&gt;</a>&nbsp;&nbsp;&nbsp;Set_CommonType_Attr
<LI><a href="#[89]">&gt;&gt;</a>&nbsp;&nbsp;&nbsp;Get_UnitType_Attr
<LI><a href="#[88]">&gt;&gt;</a>&nbsp;&nbsp;&nbsp;Set_UnitType_Attr
<LI><a href="#[72]">&gt;&gt;</a>&nbsp;&nbsp;&nbsp;Get_UnitArea_Attr
<LI><a href="#[71]">&gt;&gt;</a>&nbsp;&nbsp;&nbsp;Set_UnitArea_Attr
<LI><a href="#[138]">&gt;&gt;</a>&nbsp;&nbsp;&nbsp;Object_Check
<LI><a href="#[134]">&gt;&gt;</a>&nbsp;&nbsp;&nbsp;Msg_Execute
</UL>

<P><STRONG><a name="[f8]"></a>Unit_Init</STRONG> (Thumb, 48 bytes, Stack size 8 bytes, unitcfg.o(.text))
<BR><BR>[Stack]<UL><LI>Max Depth = 116<LI>Call Chain = Unit_Init &rArr; UnitPublicEEPROMData_Get &rArr; ReadDataFromEEPROM &rArr;  Fault_Upload (Cycle)
</UL>
<BR>[Calls]<UL><LI><a href="#[fb]">&gt;&gt;</a>&nbsp;&nbsp;&nbsp;UnitPublicEEPROMData_Get
</UL>
<BR>[Called By]<UL><LI><a href="#[a7]">&gt;&gt;</a>&nbsp;&nbsp;&nbsp;main
<LI><a href="#[148]">&gt;&gt;</a>&nbsp;&nbsp;&nbsp;UserData_Init
</UL>

<P><STRONG><a name="[fc]"></a>Key_Init</STRONG> (Thumb, 64 bytes, Stack size 8 bytes, key.o(.text))
<BR><BR>[Stack]<UL><LI>Max Depth = 28<LI>Call Chain = Key_Init &rArr; GPIOx_Cfg
</UL>
<BR>[Calls]<UL><LI><a href="#[b4]">&gt;&gt;</a>&nbsp;&nbsp;&nbsp;GPIOx_Set
<LI><a href="#[b3]">&gt;&gt;</a>&nbsp;&nbsp;&nbsp;GPIOx_Cfg
</UL>
<BR>[Called By]<UL><LI><a href="#[46]">&gt;&gt;</a>&nbsp;&nbsp;&nbsp;KeyUnit_Init
</UL>

<P><STRONG><a name="[fd]"></a>Key_ValueGet</STRONG> (Thumb, 62 bytes, Stack size 16 bytes, key.o(.text))
<BR><BR>[Stack]<UL><LI>Max Depth = 16<LI>Call Chain = Key_ValueGet
</UL>
<BR>[Calls]<UL><LI><a href="#[af]">&gt;&gt;</a>&nbsp;&nbsp;&nbsp;GPIOx_Get
</UL>
<BR>[Called By]<UL><LI><a href="#[fe]">&gt;&gt;</a>&nbsp;&nbsp;&nbsp;Key_Scan
</UL>

<P><STRONG><a name="[1cb]"></a>Key_StatusChange</STRONG> (Thumb, 64 bytes, Stack size 8 bytes, key.o(.text), UNUSED)

<P><STRONG><a name="[fe]"></a>Key_Scan</STRONG> (Thumb, 128 bytes, Stack size 8 bytes, key.o(.text))
<BR><BR>[Stack]<UL><LI>Max Depth = 24<LI>Call Chain = Key_Scan &rArr; Key_ValueGet
</UL>
<BR>[Calls]<UL><LI><a href="#[fd]">&gt;&gt;</a>&nbsp;&nbsp;&nbsp;Key_ValueGet
</UL>
<BR>[Called By]<UL><LI><a href="#[3f]">&gt;&gt;</a>&nbsp;&nbsp;&nbsp;Key_process
</UL>

<P><STRONG><a name="[e0]"></a>Lark7318_FrameInfo</STRONG> (Thumb, 132 bytes, Stack size 120 bytes, lark7318.o(.text))
<BR><BR>[Stack]<UL><LI>Max Depth = 180<LI>Call Chain = Lark7318_FrameInfo &rArr; cmd_put &rArr; fifo_puts &rArr; memcpy
</UL>
<BR>[Calls]<UL><LI><a href="#[100]">&gt;&gt;</a>&nbsp;&nbsp;&nbsp;memcpy
<LI><a href="#[ff]">&gt;&gt;</a>&nbsp;&nbsp;&nbsp;cmd_put
<LI><a href="#[e2]">&gt;&gt;</a>&nbsp;&nbsp;&nbsp;Voice_StopVoice
</UL>
<BR>[Called By]<UL><LI><a href="#[63]">&gt;&gt;</a>&nbsp;&nbsp;&nbsp;Set_StopPlay_Attr
<LI><a href="#[62]">&gt;&gt;</a>&nbsp;&nbsp;&nbsp;Set_VoicePlay_Attr
<LI><a href="#[125]">&gt;&gt;</a>&nbsp;&nbsp;&nbsp;VoiceSperkers
<LI><a href="#[124]">&gt;&gt;</a>&nbsp;&nbsp;&nbsp;VoicePlayState
<LI><a href="#[48]">&gt;&gt;</a>&nbsp;&nbsp;&nbsp;Voice_IDProcess
<LI><a href="#[116]">&gt;&gt;</a>&nbsp;&nbsp;&nbsp;Voice_Reset
<LI><a href="#[104]">&gt;&gt;</a>&nbsp;&nbsp;&nbsp;Voice_Reset_Cmd
<LI><a href="#[102]">&gt;&gt;</a>&nbsp;&nbsp;&nbsp;ReceiveFailed
<LI><a href="#[56]">&gt;&gt;</a>&nbsp;&nbsp;&nbsp;UnitInstruct
<LI><a href="#[3e]">&gt;&gt;</a>&nbsp;&nbsp;&nbsp;ActivateVoice
<LI><a href="#[df]">&gt;&gt;</a>&nbsp;&nbsp;&nbsp;ReportUpReady
<LI><a href="#[5e]">&gt;&gt;</a>&nbsp;&nbsp;&nbsp;Set_WorkMode_Attr
</UL>

<P><STRONG><a name="[101]"></a>PowerUP_Play</STRONG> (Thumb, 28 bytes, Stack size 40 bytes, lark7318.o(.text), UNUSED)
<BR><BR>[Calls]<UL><LI><a href="#[50]">&gt;&gt;</a>&nbsp;&nbsp;&nbsp;UART_Send
<LI><a href="#[e4]">&gt;&gt;</a>&nbsp;&nbsp;&nbsp;__aeabi_memcpy4
</UL>

<P><STRONG><a name="[102]"></a>ReceiveFailed</STRONG> (Thumb, 24 bytes, Stack size 16 bytes, lark7318.o(.text))
<BR><BR>[Stack]<UL><LI>Max Depth = 196<LI>Call Chain = ReceiveFailed &rArr; Lark7318_FrameInfo &rArr; cmd_put &rArr; fifo_puts &rArr; memcpy
</UL>
<BR>[Calls]<UL><LI><a href="#[e0]">&gt;&gt;</a>&nbsp;&nbsp;&nbsp;Lark7318_FrameInfo
</UL>
<BR>[Called By]<UL><LI><a href="#[103]">&gt;&gt;</a>&nbsp;&nbsp;&nbsp;AutoPostBack
</UL>

<P><STRONG><a name="[103]"></a>AutoPostBack</STRONG> (Thumb, 122 bytes, Stack size 8 bytes, lark7318.o(.text))
<BR><BR>[Stack]<UL><LI>Max Depth = 204<LI>Call Chain = AutoPostBack &rArr; Voice_Reset_Cmd &rArr; Lark7318_FrameInfo &rArr; cmd_put &rArr; fifo_puts &rArr; memcpy
</UL>
<BR>[Calls]<UL><LI><a href="#[104]">&gt;&gt;</a>&nbsp;&nbsp;&nbsp;Voice_Reset_Cmd
<LI><a href="#[102]">&gt;&gt;</a>&nbsp;&nbsp;&nbsp;ReceiveFailed
</UL>
<BR>[Called By]<UL><LI><a href="#[33]">&gt;&gt;</a>&nbsp;&nbsp;&nbsp;USART2_IRQHandler
</UL>

<P><STRONG><a name="[105]"></a>UART_Init</STRONG> (Thumb, 112 bytes, Stack size 16 bytes, usart.o(.text))
<BR><BR>[Stack]<UL><LI>Max Depth = 48<LI>Call Chain = UART_Init &rArr; MY_NVIC_Init
</UL>
<BR>[Calls]<UL><LI><a href="#[db]">&gt;&gt;</a>&nbsp;&nbsp;&nbsp;MY_NVIC_Init
<LI><a href="#[b3]">&gt;&gt;</a>&nbsp;&nbsp;&nbsp;GPIOx_Cfg
</UL>
<BR>[Called By]<UL><LI><a href="#[117]">&gt;&gt;</a>&nbsp;&nbsp;&nbsp;voiceUnit_Init
</UL>

<P><STRONG><a name="[106]"></a>UART_Write</STRONG> (Thumb, 50 bytes, Stack size 0 bytes, usart.o(.text))
<BR><BR>[Called By]<UL><LI><a href="#[50]">&gt;&gt;</a>&nbsp;&nbsp;&nbsp;UART_Send
</UL>

<P><STRONG><a name="[50]"></a>UART_Send</STRONG> (Thumb, 32 bytes, Stack size 12 bytes, usart.o(.text))
<BR><BR>[Stack]<UL><LI>Max Depth = 12<LI>Call Chain = UART_Send
</UL>
<BR>[Calls]<UL><LI><a href="#[106]">&gt;&gt;</a>&nbsp;&nbsp;&nbsp;UART_Write
</UL>
<BR>[Called By]<UL><LI><a href="#[12c]">&gt;&gt;</a>&nbsp;&nbsp;&nbsp;Voice_CmdUpdata
<LI><a href="#[121]">&gt;&gt;</a>&nbsp;&nbsp;&nbsp;Voice_Run
<LI><a href="#[49]">&gt;&gt;</a>&nbsp;&nbsp;&nbsp;VoicePlay
<LI><a href="#[44]">&gt;&gt;</a>&nbsp;&nbsp;&nbsp;ImmediatelyDormancy
<LI><a href="#[101]">&gt;&gt;</a>&nbsp;&nbsp;&nbsp;PowerUP_Play
<LI><a href="#[e2]">&gt;&gt;</a>&nbsp;&nbsp;&nbsp;Voice_StopVoice
<LI><a href="#[e3]">&gt;&gt;</a>&nbsp;&nbsp;&nbsp;ReportUpdataOK
<LI><a href="#[e1]">&gt;&gt;</a>&nbsp;&nbsp;&nbsp;ReportUpdating
</UL>
<BR>[Address Reference Count : 1]<UL><LI> systestattr.o(.text)
</UL>
<P><STRONG><a name="[33]"></a>USART2_IRQHandler</STRONG> (Thumb, 60 bytes, Stack size 8 bytes, usart.o(.text))
<BR><BR>[Stack]<UL><LI>Max Depth = 228<LI>Call Chain = USART2_IRQHandler &rArr; Identification &rArr; Voice_Reset &rArr; Lark7318_FrameInfo &rArr; cmd_put &rArr; fifo_puts &rArr; memcpy
</UL>
<BR>[Calls]<UL><LI><a href="#[107]">&gt;&gt;</a>&nbsp;&nbsp;&nbsp;Identification
<LI><a href="#[103]">&gt;&gt;</a>&nbsp;&nbsp;&nbsp;AutoPostBack
</UL>
<BR>[Address Reference Count : 1]<UL><LI> startup_stm32f10x_md.o(RESET)
</UL>
<P><STRONG><a name="[108]"></a>ADC_Init</STRONG> (Thumb, 272 bytes, Stack size 8 bytes, adc.o(.text))
<BR><BR>[Stack]<UL><LI>Max Depth = 28<LI>Call Chain = ADC_Init &rArr; GPIOx_Cfg
</UL>
<BR>[Calls]<UL><LI><a href="#[b3]">&gt;&gt;</a>&nbsp;&nbsp;&nbsp;GPIOx_Cfg
</UL>
<BR>[Called By]<UL><LI><a href="#[10f]">&gt;&gt;</a>&nbsp;&nbsp;&nbsp;Capacity_Init
</UL>

<P><STRONG><a name="[10a]"></a>ADC_Get</STRONG> (Thumb, 68 bytes, Stack size 0 bytes, adc.o(.text))
<BR><BR>[Called By]<UL><LI><a href="#[109]">&gt;&gt;</a>&nbsp;&nbsp;&nbsp;Capacity_Check
</UL>

<P><STRONG><a name="[109]"></a>Capacity_Check</STRONG> (Thumb, 242 bytes, Stack size 24 bytes, capacity.o(.text))
<BR><BR>[Stack]<UL><LI>Max Depth = 56<LI>Call Chain = Capacity_Check &rArr; Thread_Logout &rArr; memmove
</UL>
<BR>[Calls]<UL><LI><a href="#[10e]">&gt;&gt;</a>&nbsp;&nbsp;&nbsp;LED_RatioSet
<LI><a href="#[10a]">&gt;&gt;</a>&nbsp;&nbsp;&nbsp;ADC_Get
<LI><a href="#[e7]">&gt;&gt;</a>&nbsp;&nbsp;&nbsp;Thread_Logout
<LI><a href="#[10d]">&gt;&gt;</a>&nbsp;&nbsp;&nbsp;__aeabi_d2uiz
<LI><a href="#[10c]">&gt;&gt;</a>&nbsp;&nbsp;&nbsp;__aeabi_dmul
<LI><a href="#[10b]">&gt;&gt;</a>&nbsp;&nbsp;&nbsp;__aeabi_ui2d
</UL>
<BR>[Address Reference Count : 1]<UL><LI> capacity.o(.text)
</UL>
<P><STRONG><a name="[10f]"></a>Capacity_Init</STRONG> (Thumb, 22 bytes, Stack size 8 bytes, capacity.o(.text))
<BR><BR>[Stack]<UL><LI>Max Depth = 80<LI>Call Chain = Capacity_Init &rArr; Thread_Login &rArr; Thread_Wake &rArr; memmove
</UL>
<BR>[Calls]<UL><LI><a href="#[108]">&gt;&gt;</a>&nbsp;&nbsp;&nbsp;ADC_Init
<LI><a href="#[b0]">&gt;&gt;</a>&nbsp;&nbsp;&nbsp;Thread_Login
</UL>
<BR>[Called By]<UL><LI><a href="#[129]">&gt;&gt;</a>&nbsp;&nbsp;&nbsp;Voice_Init
</UL>

<P><STRONG><a name="[110]"></a>PowerStatus_Init</STRONG> (Thumb, 54 bytes, Stack size 8 bytes, powerstatus.o(.text))
<BR><BR>[Stack]<UL><LI>Max Depth = 28<LI>Call Chain = PowerStatus_Init &rArr; GPIOx_Cfg
</UL>
<BR>[Calls]<UL><LI><a href="#[c0]">&gt;&gt;</a>&nbsp;&nbsp;&nbsp;GPIOx_Rst
<LI><a href="#[b3]">&gt;&gt;</a>&nbsp;&nbsp;&nbsp;GPIOx_Cfg
</UL>
<BR>[Called By]<UL><LI><a href="#[129]">&gt;&gt;</a>&nbsp;&nbsp;&nbsp;Voice_Init
</UL>

<P><STRONG><a name="[45]"></a>Dormancy</STRONG> (Thumb, 12 bytes, Stack size 8 bytes, powerstatus.o(.text))
<BR><BR>[Stack]<UL><LI>Max Depth = 8<LI>Call Chain = Dormancy
</UL>
<BR>[Calls]<UL><LI><a href="#[c0]">&gt;&gt;</a>&nbsp;&nbsp;&nbsp;GPIOx_Rst
</UL>
<BR>[Address Reference Count : 2]<UL><LI> powerstatus.o(.text)
<LI> voiceplayunit.o(.text)
</UL>
<P><STRONG><a name="[44]"></a>ImmediatelyDormancy</STRONG> (Thumb, 48 bytes, Stack size 32 bytes, powerstatus.o(.text))
<BR><BR>[Stack]<UL><LI>Max Depth = 104<LI>Call Chain = ImmediatelyDormancy &rArr; Thread_Login &rArr; Thread_Wake &rArr; memmove
</UL>
<BR>[Calls]<UL><LI><a href="#[e2]">&gt;&gt;</a>&nbsp;&nbsp;&nbsp;Voice_StopVoice
<LI><a href="#[50]">&gt;&gt;</a>&nbsp;&nbsp;&nbsp;UART_Send
<LI><a href="#[b0]">&gt;&gt;</a>&nbsp;&nbsp;&nbsp;Thread_Login
<LI><a href="#[e4]">&gt;&gt;</a>&nbsp;&nbsp;&nbsp;__aeabi_memcpy4
</UL>
<BR>[Address Reference Count : 4]<UL><LI> powerstatus.o(.text)
<LI> voicerecognition.o(.text)
<LI> voiceplayunit.o(.text)
<LI> voiceexeattr.o(.text)
</UL>
<P><STRONG><a name="[3e]"></a>ActivateVoice</STRONG> (Thumb, 34 bytes, Stack size 16 bytes, powerstatus.o(.text))
<BR><BR>[Stack]<UL><LI>Max Depth = 196<LI>Call Chain = ActivateVoice &rArr; Lark7318_FrameInfo &rArr; cmd_put &rArr; fifo_puts &rArr; memcpy
</UL>
<BR>[Calls]<UL><LI><a href="#[e0]">&gt;&gt;</a>&nbsp;&nbsp;&nbsp;Lark7318_FrameInfo
</UL>
<BR>[Address Reference Count : 2]<UL><LI> si4432.o(.text)
<LI> powerstatus.o(.text)
</UL>
<P><STRONG><a name="[e6]"></a>PowerDownCountReset</STRONG> (Thumb, 88 bytes, Stack size 8 bytes, powerstatus.o(.text))
<BR><BR>[Stack]<UL><LI>Max Depth = 80 + In Cycle
<LI>Call Chain = PowerDownCountReset &rArr;  PowerStatus_Get (Cycle)
</UL>
<BR>[Calls]<UL><LI><a href="#[47]">&gt;&gt;</a>&nbsp;&nbsp;&nbsp;PowerStatus_Get
<LI><a href="#[c0]">&gt;&gt;</a>&nbsp;&nbsp;&nbsp;GPIOx_Rst
<LI><a href="#[b0]">&gt;&gt;</a>&nbsp;&nbsp;&nbsp;Thread_Login
<LI><a href="#[b4]">&gt;&gt;</a>&nbsp;&nbsp;&nbsp;GPIOx_Set
</UL>
<BR>[Called By]<UL><LI><a href="#[129]">&gt;&gt;</a>&nbsp;&nbsp;&nbsp;Voice_Init
<LI><a href="#[48]">&gt;&gt;</a>&nbsp;&nbsp;&nbsp;Voice_IDProcess
<LI><a href="#[49]">&gt;&gt;</a>&nbsp;&nbsp;&nbsp;VoicePlay
[...]
</UL>
<BR>[Calls]<UL><LI><a href="#[bf]">&gt;&gt;</a>&nbsp;&nbsp;&nbsp;Delay_nNOP
<LI><a href="#[c0]">&gt;&gt;</a>&nbsp;&nbsp;&nbsp;GPIOx_Rst
<LI><a href="#[b4]">&gt;&gt;</a>&nbsp;&nbsp;&nbsp;GPIOx_Set
</UL>
<BR>[Called By]<UL><LI><a href="#[c9]">&gt;&gt;</a>&nbsp;&nbsp;&nbsp;IIC_WriteSame
<LI><a href="#[c8]">&gt;&gt;</a>&nbsp;&nbsp;&nbsp;IIC_Write
<LI><a href="#[c7]">&gt;&gt;</a>&nbsp;&nbsp;&nbsp;IIC_Read
<LI><a href="#[c6]">&gt;&gt;</a>&nbsp;&nbsp;&nbsp;IIC_GetState
</UL>

<P><STRONG><a name="[c1]"></a>I2C_Stop</STRONG> (Thumb, 52 bytes, Stack size 8 bytes, i2c.o(.text))
<BR><BR>[Stack]<UL><LI>Max Depth = 8<LI>Call Chain = I2C_Stop
</UL>
<BR>[Calls]<UL><LI><a href="#[bf]">&gt;&gt;</a>&nbsp;&nbsp;&nbsp;Delay_nNOP
<LI><a href="#[c0]">&gt;&gt;</a>&nbsp;&nbsp;&nbsp;GPIOx_Rst
<LI><a href="#[b4]">&gt;&gt;</a>&nbsp;&nbsp;&nbsp;GPIOx_Set
</UL>
<BR>[Called By]<UL><LI><a href="#[c9]">&gt;&gt;</a>&nbsp;&nbsp;&nbsp;IIC_WriteSame
<LI><a href="#[c8]">&gt;&gt;</a>&nbsp;&nbsp;&nbsp;IIC_Write
<LI><a href="#[c7]">&gt;&gt;</a>&nbsp;&nbsp;&nbsp;IIC_Read
<LI><a href="#[c6]">&gt;&gt;</a>&nbsp;&nbsp;&nbsp;IIC_GetState
</UL>

<P><STRONG><a name="[c2]"></a>I2C_ACK</STRONG> (Thumb, 78 bytes, Stack size 8 bytes, i2c.o(.text))
<BR><BR>[Stack]<UL><LI>Max Depth = 8<LI>Call Chain = I2C_ACK
</UL>
<BR>[Calls]<UL><LI><a href="#[bf]">&gt;&gt;</a>&nbsp;&nbsp;&nbsp;Delay_nNOP
<LI><a href="#[c0]">&gt;&gt;</a>&nbsp;&nbsp;&nbsp;GPIOx_Rst
<LI><a href="#[b4]">&gt;&gt;</a>&nbsp;&nbsp;&nbsp;GPIOx_Set
</UL>
<BR>[Called By]<UL><LI><a href="#[c5]">&gt;&gt;</a>&nbsp;&nbsp;&nbsp;I2C_RecvB_Ack
</UL>

<P><STRONG><a name="[c3]"></a>I2C_WaitAck</STRONG> (Thumb, 148 bytes, Stack size 8 bytes, i2c.o(.text))
<BR><BR>[Stack]<UL><LI>Max Depth = 28<LI>Call Chain = I2C_WaitAck &rArr; GPIOx_Cfg
</UL>
<BR>[Calls]<UL><LI><a href="#[bf]">&gt;&gt;</a>&nbsp;&nbsp;&nbsp;Delay_nNOP
<LI><a href="#[c0]">&gt;&gt;</a>&nbsp;&nbsp;&nbsp;GPIOx_Rst
<LI><a href="#[b4]">&gt;&gt;</a>&nbsp;&nbsp;&nbsp;GPIOx_Set
<LI><a href="#[af]">&gt;&gt;</a>&nbsp;&nbsp;&nbsp;GPIOx_Get
<LI><a href="#[b3]">&gt;&gt;</a>&nbsp;&nbsp;&nbsp;GPIOx_Cfg
</UL>
<BR>[Called By]<UL><LI><a href="#[c4]">&gt;&gt;</a>&nbsp;&nbsp;&nbsp;I2C_SendB_Ack
</UL>

<P><STRONG><a name="[c4]"></a>I2C_SendB_Ack</STRONG> (Thumb, 108 bytes, Stack size 16 bytes, i2c.o(.text))
<BR><BR>[Stack]<UL><LI>Max Depth = 44<LI>Call Chain = I2C_SendB_Ack &rArr; I2C_WaitAck &rArr; GPIOx_Cfg
</UL>
<BR>[Calls]<UL><LI><a href="#[c3]">&gt;&gt;</a>&nbsp;&nbsp;&nbsp;I2C_WaitAck
<LI><a href="#[bf]">&gt;&gt;</a>&nbsp;&nbsp;&nbsp;Delay_nNOP
<LI><a href="#[c0]">&gt;&gt;</a>&nbsp;&nbsp;&nbsp;GPIOx_Rst
<LI><a href="#[b4]">&gt;&gt;</a>&nbsp;&nbsp;&nbsp;GPIOx_Set
</UL>
<BR>[Called By]<UL><LI><a href="#[c9]">&gt;&gt;</a>&nbsp;&nbsp;&nbsp;IIC_WriteSame
<LI><a href="#[c8]">&gt;&gt;</a>&nbsp;&nbsp;&nbsp;IIC_Write
<LI><a href="#[c7]">&gt;&gt;</a>&nbsp;&nbsp;&nbsp;IIC_Read
<LI><a href="#[c6]">&gt;&gt;</a>&nbsp;&nbsp;&nbsp;IIC_GetState
</UL>

<P><STRONG><a name="[c5]"></a>I2C_RecvB_Ack</STRONG> (Thumb, 150 bytes, Stack size 16 bytes, i2c.o(.text))
<BR><BR>[Stack]<UL><LI>Max Depth = 36<LI>Call Chain = I2C_RecvB_Ack &rArr; GPIOx_Cfg
</UL>
<BR>[Calls]<UL><LI><a href="#[c2]">&gt;&gt;</a>&nbsp;&nbsp;&nbsp;I2C_ACK
<LI><a href="#[bf]">&gt;&gt;</a>&nbsp;&nbsp;&nbsp;Delay_nNOP
<LI><a href="#[c0]">&gt;&gt;</a>&nbsp;&nbsp;&nbsp;GPIOx_Rst
<LI><a href="#[b4]">&gt;&gt;</a>&nbsp;&nbsp;&nbsp;GPIOx_Set
<LI><a href="#[af]">&gt;&gt;</a>&nbsp;&nbsp;&nbsp;GPIOx_Get
<LI><a href="#[b3]">&gt;&gt;</a>&nbsp;&nbsp;&nbsp;GPIOx_Cfg
</UL>
<BR>[Called By]<UL><LI><a href="#[c7]">&gt;&gt;</a>&nbsp;&nbsp;&nbsp;IIC_Read
</UL>

<P><STRONG><a name="[3b]"></a>InstructLED_OFF</STRONG> (Thumb, 14 bytes, Stack size 8 bytes, instruct.o(.text))
<BR><BR>[Stack]<UL><LI>Max Depth = 8<LI>Call Chain = InstructLED_OFF
</UL>
<BR>[Calls]<UL><LI><a href="#[b4]">&gt;&gt;</a>&nbsp;&nbsp;&nbsp;GPIOx_Set
</UL>
<BR>[Address Reference Count : 1]<UL><LI> instruct.o(.text)
</UL>
<P><STRONG><a name="[ce]"></a>SPI_RW_Reg</STRONG> (Thumb, 44 bytes, Stack size 16 bytes, si4432.o(.text))
<BR><BR>[Stack]<UL><LI>Max Depth = 16<LI>Call Chain = SPI_RW_Reg
</UL>
<BR>[Calls]<UL><LI><a href="#[cf]">&gt;&gt;</a>&nbsp;&nbsp;&nbsp;SPI2_ReadWriteByte
<LI><a href="#[c0]">&gt;&gt;</a>&nbsp;&nbsp;&nbsp;GPIOx_Rst
<LI><a href="#[b4]">&gt;&gt;</a>&nbsp;&nbsp;&nbsp;GPIOx_Set
</UL>
<BR>[Called By]<UL><LI><a href="#[3c]">&gt;&gt;</a>&nbsp;&nbsp;&nbsp;Si4432_Init
<LI><a href="#[d4]">&gt;&gt;</a>&nbsp;&nbsp;&nbsp;Si4432_Idle
<LI><a href="#[e5]">&gt;&gt;</a>&nbsp;&nbsp;&nbsp;RecDataToFifo
<LI><a href="#[dd]">&gt;&gt;</a>&nbsp;&nbsp;&nbsp;SI4432_Send_All_Data
<LI><a href="#[dc]">&gt;&gt;</a>&nbsp;&nbsp;&nbsp;SetMode_TX
<LI><a href="#[3d]">&gt;&gt;</a>&nbsp;&nbsp;&nbsp;Si4432_Threshold
<LI><a href="#[d3]">&gt;&gt;</a>&nbsp;&nbsp;&nbsp;SetMode_RX
</UL>

<P><STRONG><a name="[d0]"></a>Si4432_PortInit</STRONG> (Thumb, 86 bytes, Stack size 8 bytes, si4432.o(.text))
<BR><BR>[Stack]<UL><LI>Max Depth = 28<LI>Call Chain = Si4432_PortInit &rArr; GPIOx_Cfg
</UL>
<BR>[Calls]<UL><LI><a href="#[d2]">&gt;&gt;</a>&nbsp;&nbsp;&nbsp;SPI2_SetSpeed
<LI><a href="#[d1]">&gt;&gt;</a>&nbsp;&nbsp;&nbsp;SPI2_Init
<LI><a href="#[b4]">&gt;&gt;</a>&nbsp;&nbsp;&nbsp;GPIOx_Set
<LI><a href="#[b3]">&gt;&gt;</a>&nbsp;&nbsp;&nbsp;GPIOx_Cfg
</UL>
<BR>[Called By]<UL><LI><a href="#[3c]">&gt;&gt;</a>&nbsp;&nbsp;&nbsp;Si4432_Init
</UL>

<P><STRONG><a name="[40]"></a>SI4432_SendEn</STRONG> (Thumb, 8 bytes, Stack size 0 bytes, si4432.o(.text))
<BR><BR>[Called By]<UL><LI><a href="#[3c]">&gt;&gt;</a>&nbsp;&nbsp;&nbsp;Si4432_Init
</UL>
<BR>[Address Reference Count : 1]<UL><LI> si4432.o(.text)
</UL>
<P><STRONG><a name="[d3]"></a>SetMode_RX</STRONG> (Thumb, 80 bytes, Stack size 8 bytes, si4432.o(.text))
<BR><BR>[Stack]<UL><LI>Max Depth = 24<LI>Call Chain = SetMode_RX &rArr; SPI_RW_Reg
</UL>
<BR>[Calls]<UL><LI><a href="#[ce]">&gt;&gt;</a>&nbsp;&nbsp;&nbsp;SPI_RW_Reg
</UL>
<BR>[Called By]<UL><LI><a href="#[3c]">&gt;&gt;</a>&nbsp;&nbsp;&nbsp;Si4432_Init
<LI><a href="#[e5]">&gt;&gt;</a>&nbsp;&nbsp;&nbsp;RecDataToFifo
<LI><a href="#[dd]">&gt;&gt;</a>&nbsp;&nbsp;&nbsp;SI4432_Send_All_Data
</UL>

<P><STRONG><a name="[d6]"></a>Si4432_Fault</STRONG> (Thumb, 16 bytes, Stack size 8 bytes, si4432.o(.text))
<BR><BR>[Stack]<UL><LI>Max Depth = 132<LI>Call Chain = Si4432_Fault &rArr; Fault_Upload &rArr; FaultData_Save &rArr;  WriteDataToEEPROM (Cycle)
</UL>
<BR>[Calls]<UL><LI><a href="#[d7]">&gt;&gt;</a>&nbsp;&nbsp;&nbsp;Fault_Upload
</UL>
<BR>[Called By]<UL><LI><a href="#[e5]">&gt;&gt;</a>&nbsp;&nbsp;&nbsp;RecDataToFifo
<LI><a href="#[dd]">&gt;&gt;</a>&nbsp;&nbsp;&nbsp;SI4432_Send_All_Data
<LI><a href="#[3d]">&gt;&gt;</a>&nbsp;&nbsp;&nbsp;Si4432_Threshold
</UL>

<P><STRONG><a name="[3d]"></a>Si4432_Threshold</STRONG> (Thumb, 294 bytes, Stack size 8 bytes, si4432.o(.text))
<BR><BR>[Stack]<UL><LI>Max Depth = 140<LI>Call Chain = Si4432_Threshold &rArr; Si4432_Fault &rArr; Fault_Upload &rArr; FaultData_Save &rArr;  WriteDataToEEPROM (Cycle)
</UL>
<BR>[Calls]<UL><LI><a href="#[d8]">&gt;&gt;</a>&nbsp;&nbsp;&nbsp;Time_Get
<LI><a href="#[d6]">&gt;&gt;</a>&nbsp;&nbsp;&nbsp;Si4432_Fault
<LI><a href="#[ce]">&gt;&gt;</a>&nbsp;&nbsp;&nbsp;SPI_RW_Reg
</UL>
<BR>[Address Reference Count : 1]<UL><LI> si4432.o(.text)
</UL>
<P><STRONG><a name="[dc]"></a>SetMode_TX</STRONG> (Thumb, 28 bytes, Stack size 8 bytes, si4432.o(.text))
<BR><BR>[Stack]<UL><LI>Max Depth = 24<LI>Call Chain = SetMode_TX &rArr; SPI_RW_Reg
</UL>
<BR>[Calls]<UL><LI><a href="#[ce]">&gt;&gt;</a>&nbsp;&nbsp;&nbsp;SPI_RW_Reg
</UL>
<BR>[Called By]<UL><LI><a href="#[dd]">&gt;&gt;</a>&nbsp;&nbsp;&nbsp;SI4432_Send_All_Data
</UL>

<P><STRONG><a name="[dd]"></a>SI4432_Send_All_Data</STRONG> (Thumb, 162 bytes, Stack size 24 bytes, si4432.o(.text))
<BR><BR>[Stack]<UL><LI>Max Depth = 156<LI>Call Chain = SI4432_Send_All_Data &rArr; Si4432_Fault &rArr; Fault_Upload &rArr; FaultData_Save &rArr;  WriteDataToEEPROM (Cycle)
</UL>
<BR>[Calls]<UL><LI><a href="#[de]">&gt;&gt;</a>&nbsp;&nbsp;&nbsp;delay_us
<LI><a href="#[d4]">&gt;&gt;</a>&nbsp;&nbsp;&nbsp;Si4432_Idle
<LI><a href="#[dc]">&gt;&gt;</a>&nbsp;&nbsp;&nbsp;SetMode_TX
<LI><a href="#[d6]">&gt;&gt;</a>&nbsp;&nbsp;&nbsp;Si4432_Fault
<LI><a href="#[d3]">&gt;&gt;</a>&nbsp;&nbsp;&nbsp;SetMode_RX
<LI><a href="#[ce]">&gt;&gt;</a>&nbsp;&nbsp;&nbsp;SPI_RW_Reg
</UL>
<BR>[Called By]<UL><LI><a href="#[4a]">&gt;&gt;</a>&nbsp;&nbsp;&nbsp;Si4432_Send
</UL>

<P><STRONG><a name="[e5]"></a>RecDataToFifo</STRONG> (Thumb, 696 bytes, Stack size 96 bytes, si4432.o(.text))
<BR><BR>[Stack]<UL><LI>Max Depth = 292<LI>Call Chain = RecDataToFifo &rArr; ReportUpReady &rArr; Lark7318_FrameInfo &rArr; cmd_put &rArr; fifo_puts &rArr; memcpy
</UL>
<BR>[Calls]<UL><LI><a href="#[e8]">&gt;&gt;</a>&nbsp;&nbsp;&nbsp;fifo_puts
<LI><a href="#[e9]">&gt;&gt;</a>&nbsp;&nbsp;&nbsp;fifo_putc
<LI><a href="#[ea]">&gt;&gt;</a>&nbsp;&nbsp;&nbsp;Voice_SetSave
<LI><a href="#[e7]">&gt;&gt;</a>&nbsp;&nbsp;&nbsp;Thread_Logout
<LI><a href="#[47]">&gt;&gt;</a>&nbsp;&nbsp;&nbsp;PowerStatus_Get
<LI><a href="#[e6]">&gt;&gt;</a>&nbsp;&nbsp;&nbsp;PowerDownCountReset
<LI><a href="#[eb]">&gt;&gt;</a>&nbsp;&nbsp;&nbsp;Get_Sign433_MasterAddr
<LI><a href="#[d7]">&gt;&gt;</a>&nbsp;&nbsp;&nbsp;Fault_Upload
<LI><a href="#[e3]">&gt;&gt;</a>&nbsp;&nbsp;&nbsp;ReportUpdataOK
<LI><a href="#[e1]">&gt;&gt;</a>&nbsp;&nbsp;&nbsp;ReportUpdating
<LI><a href="#[df]">&gt;&gt;</a>&nbsp;&nbsp;&nbsp;ReportUpReady
<LI><a href="#[d6]">&gt;&gt;</a>&nbsp;&nbsp;&nbsp;Si4432_Fault
<LI><a href="#[d3]">&gt;&gt;</a>&nbsp;&nbsp;&nbsp;SetMode_RX
<LI><a href="#[ce]">&gt;&gt;</a>&nbsp;&nbsp;&nbsp;SPI_RW_Reg
<LI><a href="#[af]">&gt;&gt;</a>&nbsp;&nbsp;&nbsp;GPIOx_Get
</UL>
<BR>[Called By]<UL><LI><a href="#[35]">&gt;&gt;</a>&nbsp;&nbsp;&nbsp;EXTI15_10_IRQHandler
</UL>

<P><STRONG><a name="[ec]"></a>Check_433M_Busy</STRONG> (Thumb, 164 bytes, Stack size 8 bytes, si4432.o(.text))
<BR><BR>[Stack]<UL><LI>Max Depth = 80<LI>Call Chain = Check_433M_Busy &rArr; Thread_Login &rArr; Thread_Wake &rArr; memmove
</UL>
<BR>[Calls]<UL><LI><a href="#[d8]">&gt;&gt;</a>&nbsp;&nbsp;&nbsp;Time_Get
<LI><a href="#[b0]">&gt;&gt;</a>&nbsp;&nbsp;&nbsp;Thread_Login
<LI><a href="#[af]">&gt;&gt;</a>&nbsp;&nbsp;&nbsp;GPIOx_Get
</UL>
<BR>[Called By]<UL><LI><a href="#[4a]">&gt;&gt;</a>&nbsp;&nbsp;&nbsp;Si4432_Send
</UL>

<P><STRONG><a name="[112]"></a>LED_Set</STRONG> (Thumb, 64 bytes, Stack size 12 bytes, pwm.o(.text))
<BR><BR>[Stack]<UL><LI>Max Depth = 12<LI>Call Chain = LED_Set
</UL>
<BR>[Called By]<UL><LI><a href="#[114]">&gt;&gt;</a>&nbsp;&nbsp;&nbsp;LED_State
<LI><a href="#[41]">&gt;&gt;</a>&nbsp;&nbsp;&nbsp;LED_Gradual
</UL>

<P><STRONG><a name="[41]"></a>LED_Gradual</STRONG> (Thumb, 84 bytes, Stack size 8 bytes, pwm.o(.text))
<BR><BR>[Stack]<UL><LI>Max Depth = 20<LI>Call Chain = LED_Gradual &rArr; LED_Set
</UL>
<BR>[Calls]<UL><LI><a href="#[112]">&gt;&gt;</a>&nbsp;&nbsp;&nbsp;LED_Set
</UL>
<BR>[Address Reference Count : 1]<UL><LI> pwm.o(.text)
</UL>
<P><STRONG><a name="[43]"></a>LED_State4</STRONG> (Thumb, 10 bytes, Stack size 8 bytes, pwm.o(.text))
<BR><BR>[Stack]<UL><LI>Max Depth = 56<LI>Call Chain = LED_State4 &rArr; Thread_Wake &rArr; memmove
</UL>
<BR>[Calls]<UL><LI><a href="#[113]">&gt;&gt;</a>&nbsp;&nbsp;&nbsp;Thread_Wake
</UL>
<BR>[Address Reference Count : 1]<UL><LI> pwm.o(.text)
</UL>
<P><STRONG><a name="[42]"></a>LED_State2</STRONG> (Thumb, 30 bytes, Stack size 0 bytes, pwm.o(.text))
<BR>[Address Reference Count : 1]<UL><LI> pwm.o(.text)
</UL>
<P><STRONG><a name="[48]"></a>Voice_IDProcess</STRONG> (Thumb, 108 bytes, Stack size 16 bytes, voicerecognition.o(.text))
<BR><BR>[Stack]<UL><LI>Max Depth = 228<LI>Call Chain = Voice_IDProcess &rArr; VoicePlayState &rArr; Lark7318_FrameInfo &rArr; cmd_put &rArr; fifo_puts &rArr; memcpy
</UL>
<BR>[Calls]<UL><LI><a href="#[125]">&gt;&gt;</a>&nbsp;&nbsp;&nbsp;VoiceSperkers
<LI><a href="#[124]">&gt;&gt;</a>&nbsp;&nbsp;&nbsp;VoicePlayState
<LI><a href="#[127]">&gt;&gt;</a>&nbsp;&nbsp;&nbsp;Upload
<LI><a href="#[126]">&gt;&gt;</a>&nbsp;&nbsp;&nbsp;PropEventFifo
<LI><a href="#[123]">&gt;&gt;</a>&nbsp;&nbsp;&nbsp;EEPROM_Read
<LI><a href="#[116]">&gt;&gt;</a>&nbsp;&nbsp;&nbsp;Voice_Reset
<LI><a href="#[46]">&gt;&gt;</a>&nbsp;&nbsp;&nbsp;KeyUnit_Init
<LI><a href="#[e6]">&gt;&gt;</a>&nbsp;&nbsp;&nbsp;PowerDownCountReset
<LI><a href="#[e0]">&gt;&gt;</a>&nbsp;&nbsp;&nbsp;Lark7318_FrameInfo
</UL>
<BR>[Address Reference Count : 1]<UL><LI> voicerecognition.o(.text)
</UL>
<P><STRONG><a name="[133]"></a>Msg_Level</STRONG> (Thumb, 28 bytes, Stack size 0 bytes, cmdprocess.o(.text))
<BR><BR>[Called By]<UL><LI><a href="#[f9]">&gt;&gt;</a>&nbsp;&nbsp;&nbsp;Process_FIFOData
</UL>

<P><STRONG><a name="[4b]"></a>DataSend_Thread</STRONG> (Thumb, 12 bytes, Stack size 8 bytes, cmdprocess.o(.text))
<BR><BR>[Stack]<UL><LI>Max Depth = 84<LI>Call Chain = DataSend_Thread &rArr; Process_FIFOData &rArr; cmd_get &rArr; fifo_gets &rArr; memcpy
</UL>
<BR>[Calls]<UL><LI><a href="#[f9]">&gt;&gt;</a>&nbsp;&nbsp;&nbsp;Process_FIFOData
</UL>
<BR>[Address Reference Count : 1]<UL><LI> cmdprocess.o(.text)
</UL>
<P><STRONG><a name="[139]"></a>Msg_ReturnType</STRONG> (Thumb, 48 bytes, Stack size 0 bytes, cmdprocess.o(.text))
<BR><BR>[Called By]<UL><LI><a href="#[137]">&gt;&gt;</a>&nbsp;&nbsp;&nbsp;Msg_Process
</UL>

<P><STRONG><a name="[137]"></a>Msg_Process</STRONG> (Thumb, 114 bytes, Stack size 32 bytes, cmdprocess.o(.text))
<BR><BR>[Stack]<UL><LI>Max Depth = 236<LI>Call Chain = Msg_Process &rArr; Object_Check &rArr; GroupEEPROM_Get &rArr; ReadDataFromEEPROM &rArr;  Fault_Upload (Cycle)
</UL>
<BR>[Calls]<UL><LI><a href="#[cb]">&gt;&gt;</a>&nbsp;&nbsp;&nbsp;Instruct
<LI><a href="#[138]">&gt;&gt;</a>&nbsp;&nbsp;&nbsp;Object_Check
<LI><a href="#[13a]">&gt;&gt;</a>&nbsp;&nbsp;&nbsp;Msg_Feedback
<LI><a href="#[134]">&gt;&gt;</a>&nbsp;&nbsp;&nbsp;Msg_Execute
<LI><a href="#[139]">&gt;&gt;</a>&nbsp;&nbsp;&nbsp;Msg_ReturnType
</UL>
<BR>[Called By]<UL><LI><a href="#[13b]">&gt;&gt;</a>&nbsp;&nbsp;&nbsp;Msg_Change
</UL>

<P><STRONG><a name="[13f]"></a>fifo_full</STRONG> (Thumb, 30 bytes, Stack size 0 bytes, fifo.o(.text))
<BR><BR>[Called By]<UL><LI><a href="#[e9]">&gt;&gt;</a>&nbsp;&nbsp;&nbsp;fifo_putc
</UL>

<P><STRONG><a name="[13e]"></a>fifo_surplusSize</STRONG> (Thumb, 34 bytes, Stack size 0 bytes, fifo.o(.text))
<BR><BR>[Called By]<UL><LI><a href="#[e8]">&gt;&gt;</a>&nbsp;&nbsp;&nbsp;fifo_puts
</UL>

<P><STRONG><a name="[15c]"></a>Thread_Check</STRONG> (Thumb, 40 bytes, Stack size 12 bytes, thread.o(.text))
<BR><BR>[Stack]<UL><LI>Max Depth = 12<LI>Call Chain = Thread_Check
</UL>
<BR>[Called By]<UL><LI><a href="#[113]">&gt;&gt;</a>&nbsp;&nbsp;&nbsp;Thread_Wake
<LI><a href="#[115]">&gt;&gt;</a>&nbsp;&nbsp;&nbsp;Thread_Hang
<LI><a href="#[e7]">&gt;&gt;</a>&nbsp;&nbsp;&nbsp;Thread_Logout
<LI><a href="#[b0]">&gt;&gt;</a>&nbsp;&nbsp;&nbsp;Thread_Login
</UL>

<P><STRONG><a name="[4e]"></a>FaultMsg</STRONG> (Thumb, 16 bytes, Stack size 8 bytes, upload.o(.text))
<BR><BR>[Stack]<UL><LI>Max Depth = 548<LI>Call Chain = FaultMsg &rArr; Msg_Upload &rArr; Msg_UploadUnit &rArr; Msg_Package &rArr; Msg_Feedback &rArr; Fault_Upload &rArr; FaultData_Save &rArr;  WriteDataToEEPROM (Cycle)
</UL>
<BR>[Calls]<UL><LI><a href="#[164]">&gt;&gt;</a>&nbsp;&nbsp;&nbsp;Msg_Upload
</UL>
<BR>[Address Reference Count : 1]<UL><LI> upload.o(.text)
</UL>
<P><STRONG><a name="[4f]"></a>Upload_Attr</STRONG> (Thumb, 56 bytes, Stack size 208 bytes, upload.o(.text))
<BR><BR>[Stack]<UL><LI>Max Depth = 660<LI>Call Chain = Upload_Attr &rArr; Msg_UploadUnit &rArr; Msg_Package &rArr; Msg_Feedback &rArr; Fault_Upload &rArr; FaultData_Save &rArr;  WriteDataToEEPROM (Cycle)
</UL>
<BR>[Calls]<UL><LI><a href="#[165]">&gt;&gt;</a>&nbsp;&nbsp;&nbsp;Msg_UploadUnit
<LI><a href="#[6b]">&gt;&gt;</a>&nbsp;&nbsp;&nbsp;Get_ManyUnit_Attr
</UL>
<BR>[Address Reference Count : 1]<UL><LI> upload.o(.text)
</UL>
<P><STRONG><a name="[166]"></a>SceneEEPROMData_Init</STRONG> (Thumb, 16 bytes, Stack size 8 bytes, userdata.o(.text))
<BR><BR>[Stack]<UL><LI>Max Depth = 156<LI>Call Chain = SceneEEPROMData_Init &rArr; WriteDataToEEPROMEx &rArr; Fault_Upload &rArr; FaultData_Save &rArr;  WriteDataToEEPROM (Cycle)
</UL>
<BR>[Calls]<UL><LI><a href="#[167]">&gt;&gt;</a>&nbsp;&nbsp;&nbsp;WriteDataToEEPROMEx
</UL>
<BR>[Called By]<UL><LI><a href="#[168]">&gt;&gt;</a>&nbsp;&nbsp;&nbsp;SceneEEPROM_Init
</UL>

<P><STRONG><a name="[172]"></a>SceneEEPROMData_Clr</STRONG> (Thumb, 76 bytes, Stack size 16 bytes, userdata.o(.text))
<BR><BR>[Stack]<UL><LI>Max Depth = 164<LI>Call Chain = SceneEEPROMData_Clr &rArr; WriteDataToEEPROM &rArr; Fault_Upload &rArr; FaultData_Save &rArr;  WriteDataToEEPROM (Cycle)
</UL>
<BR>[Calls]<UL><LI><a href="#[14f]">&gt;&gt;</a>&nbsp;&nbsp;&nbsp;WriteDataToEEPROM
<LI><a href="#[14d]">&gt;&gt;</a>&nbsp;&nbsp;&nbsp;ReadDataFromEEPROM
</UL>
<BR>[Called By]<UL><LI><a href="#[177]">&gt;&gt;</a>&nbsp;&nbsp;&nbsp;SceneEEPROM_Set
<LI><a href="#[173]">&gt;&gt;</a>&nbsp;&nbsp;&nbsp;SceneEEPROM_Clr
<LI><a href="#[154]">&gt;&gt;</a>&nbsp;&nbsp;&nbsp;SceneEEPROMUnit_Init
</UL>

<P><STRONG><a name="[178]"></a>SceneEEPROMSave_Addr</STRONG> (Thumb, 60 bytes, Stack size 0 bytes, userdata.o(.text))
<BR><BR>[Called By]<UL><LI><a href="#[179]">&gt;&gt;</a>&nbsp;&nbsp;&nbsp;SceneEEPROM_Get
<LI><a href="#[177]">&gt;&gt;</a>&nbsp;&nbsp;&nbsp;SceneEEPROM_Set
</UL>

<P><STRONG><a name="[174]"></a>SceneEEPROMData_Save</STRONG> (Thumb, 20 bytes, Stack size 16 bytes, userdata.o(.text))
<BR><BR>[Stack]<UL><LI>Max Depth = 164<LI>Call Chain = SceneEEPROMData_Save &rArr; WriteDataToEEPROM &rArr; Fault_Upload &rArr; FaultData_Save &rArr;  WriteDataToEEPROM (Cycle)
</UL>
<BR>[Calls]<UL><LI><a href="#[14f]">&gt;&gt;</a>&nbsp;&nbsp;&nbsp;WriteDataToEEPROM
</UL>
<BR>[Called By]<UL><LI><a href="#[177]">&gt;&gt;</a>&nbsp;&nbsp;&nbsp;SceneEEPROM_Set
</UL>

<P><STRONG><a name="[176]"></a>SceneEEPROMSave_Seat</STRONG> (Thumb, 32 bytes, Stack size 0 bytes, userdata.o(.text))
<BR><BR>[Called By]<UL><LI><a href="#[177]">&gt;&gt;</a>&nbsp;&nbsp;&nbsp;SceneEEPROM_Set
<LI><a href="#[175]">&gt;&gt;</a>&nbsp;&nbsp;&nbsp;SceneEEPROMData_Seat
</UL>

<P><STRONG><a name="[175]"></a>SceneEEPROMData_Seat</STRONG> (Thumb, 116 bytes, Stack size 48 bytes, userdata.o(.text))
<BR><BR>[Stack]<UL><LI>Max Depth = 196<LI>Call Chain = SceneEEPROMData_Seat &rArr; WriteDataToEEPROM &rArr; Fault_Upload &rArr; FaultData_Save &rArr;  WriteDataToEEPROM (Cycle)
</UL>
<BR>[Calls]<UL><LI><a href="#[176]">&gt;&gt;</a>&nbsp;&nbsp;&nbsp;SceneEEPROMSave_Seat
<LI><a href="#[14f]">&gt;&gt;</a>&nbsp;&nbsp;&nbsp;WriteDataToEEPROM
<LI><a href="#[14d]">&gt;&gt;</a>&nbsp;&nbsp;&nbsp;ReadDataFromEEPROM
</UL>
<BR>[Called By]<UL><LI><a href="#[177]">&gt;&gt;</a>&nbsp;&nbsp;&nbsp;SceneEEPROM_Set
</UL>

<P><STRONG><a name="[192]"></a>Msg_Package</STRONG> (Thumb, 74 bytes, Stack size 272 bytes, msgpackage.o(.text))
<BR><BR>[Stack]<UL><LI>Max Depth = 412<LI>Call Chain = Msg_Package &rArr; Msg_Feedback &rArr; Fault_Upload &rArr; FaultData_Save &rArr;  WriteDataToEEPROM (Cycle)
</UL>
<BR>[Calls]<UL><LI><a href="#[100]">&gt;&gt;</a>&nbsp;&nbsp;&nbsp;memcpy
<LI><a href="#[13a]">&gt;&gt;</a>&nbsp;&nbsp;&nbsp;Msg_Feedback
</UL>
<BR>[Called By]<UL><LI><a href="#[180]">&gt;&gt;</a>&nbsp;&nbsp;&nbsp;Msg_Send
<LI><a href="#[165]">&gt;&gt;</a>&nbsp;&nbsp;&nbsp;Msg_UploadUnit
</UL>

<P><STRONG><a name="[196]"></a>Check_Repeat</STRONG> (Thumb, 186 bytes, Stack size 12 bytes, object.o(.text))
<BR><BR>[Stack]<UL><LI>Max Depth = 12<LI>Call Chain = Check_Repeat
</UL>
<BR>[Called By]<UL><LI><a href="#[138]">&gt;&gt;</a>&nbsp;&nbsp;&nbsp;Object_Check
</UL>

<P><STRONG><a name="[1a5]"></a>_dadd1</STRONG> (Thumb, 0 bytes, Stack size unknown bytes, daddsub_clz.o(x$fpl$dadd), UNUSED)
<BR><BR>[Called By]<UL><LI><a href="#[1a4]">&gt;&gt;</a>&nbsp;&nbsp;&nbsp;_dsub
</UL>

<P><STRONG><a name="[19f]"></a>_dsub1</STRONG> (Thumb, 0 bytes, Stack size unknown bytes, daddsub_clz.o(x$fpl$dsub), UNUSED)
<BR><BR>[Called By]<UL><LI><a href="#[19e]">&gt;&gt;</a>&nbsp;&nbsp;&nbsp;_dadd
</UL>
<P>
<H3>
Undefined Global Symbols
</H3><HR></body></html>
